Archive member included to satisfy reference by file (symbol)

C:/devkitPro/libnds/lib\libmm9.a(mm_comms.o)
                              audio.o (mmEffectEx)
C:/devkitPro/libnds/lib\libmm9.a(mm_memory.o)
                              audio.o (mmLoadEffect)
C:/devkitPro/libnds/lib\libmm9.a(mm_main9.o)
                              C:/devkitPro/libnds/lib\libmm9.a(mm_memory.o) (mmcbMemory)
C:/devkitPro/libnds/lib\libmm9.a(mm_soundbank.o)
                              C:/devkitPro/libnds/lib\libmm9.a(mm_main9.o) (mmSoundBankInMemory)
C:/devkitPro/libnds/lib\libmm9.a(mm_flusher.o)
                              C:/devkitPro/libnds/lib\libmm9.a(mm_memory.o) (mmFlushBank)
C:/devkitPro/libnds/lib\libnds9.a(background.o)
                              graphics.o (bgState)
C:/devkitPro/libnds/lib\libnds9.a(trig.o)
                              C:/devkitPro/libnds/lib\libnds9.a(background.o) (sinLerp)
C:/devkitPro/libnds/lib\libnds9.a(touch.o)
                              input.o (touchRead)
C:/devkitPro/libnds/lib\libnds9.a(sassert.o)
                              graphics.o (__sassert)
C:/devkitPro/libnds/lib\libnds9.a(system.o)
                              graphics.o (powerOn)
C:/devkitPro/libnds/lib\libnds9.a(console.o)
                              graphics.o (consoleInit)
C:/devkitPro/libnds/lib\libnds9.a(sound.o)
                              audio.o (soundEnable)
C:/devkitPro/libnds/lib\libnds9.a(keys.o)
                              input.o (scanKeys)
C:/devkitPro/libnds/lib\libnds9.a(initSystem.o)
                              C:/devkitPro/devkitARM/bin/../lib/gcc/arm-none-eabi/13.2.0/../../../../arm-none-eabi/lib/ds_arm9_crt0.o (initSystem)
C:/devkitPro/libnds/lib\libnds9.a(securearea.o)
                              C:/devkitPro/devkitARM/bin/../lib/gcc/arm-none-eabi/13.2.0/../../../../arm-none-eabi/lib/ds_arm9_crt0.o (__secure_area__)
C:/devkitPro/libnds/lib\libnds9.a(interrupts.o)
                              C:/devkitPro/libnds/lib\libnds9.a(initSystem.o) (irqInit)
C:/devkitPro/libnds/lib\libnds9.a(libnds_exit.arm.o)
                              C:/devkitPro/devkitARM/bin/../lib/gcc/arm-none-eabi/13.2.0/../../../../arm-none-eabi/lib/ds_arm9_crt0.o (__libnds_exit)
C:/devkitPro/libnds/lib\libnds9.a(fifosystem.o)
                              C:/devkitPro/libnds/lib\libmm9.a(mm_comms.o) (fifoSetValue32Handler)
C:/devkitPro/libnds/lib\libnds9.a(mpu_setup.o)
                              C:/devkitPro/devkitARM/bin/../lib/gcc/arm-none-eabi/13.2.0/../../../../arm-none-eabi/lib/ds_arm9_crt0.o (__libnds_mpu_setup)
C:/devkitPro/libnds/lib\libnds9.a(IntrWait.o)
                              main.o (swiWaitForVBlank)
C:/devkitPro/libnds/lib\libnds9.a(cpu_clock.o)
                              C:/devkitPro/libnds/lib\libnds9.a(initSystem.o) (setCpuClock)
C:/devkitPro/libnds/lib\libnds9.a(interruptDispatcher.o)
                              C:/devkitPro/libnds/lib\libnds9.a(interrupts.o) (IntrMain)
C:/devkitPro/libnds/lib\libnds9.a(biosCalls.o)
                              C:/devkitPro/libnds/lib\libnds9.a(system.o) (swiDelay)
C:/devkitPro/libnds/lib\libnds9.a(debugprint.o)
                              C:/devkitPro/libnds/lib\libnds9.a(console.o) (nocashWrite)
C:/devkitPro/libnds/lib\libnds9.a(swiSoftReset.o)
                              C:/devkitPro/libnds/lib\libnds9.a(fifosystem.o) (swiSoftReset)
C:/devkitPro/libnds/lib\libnds9.a(default_font.bin.o)
                              C:/devkitPro/libnds/lib\libnds9.a(console.o) (default_font_bin)
C:/devkitPro/libnds/lib\libnds9.a(video.o)
                              C:/devkitPro/libnds/lib\libnds9.a(initSystem.o) (vramDefault)
C:/devkitPro/libnds/lib\libfilesystem.a(nitrofs.o)
                              main.o (nitroFSInit)
C:/devkitPro/libnds/lib\libfat.a(libfat.o)
                              C:/devkitPro/libnds/lib\libfilesystem.a(nitrofs.o) (fatInitDefault)
C:/devkitPro/libnds/lib\libfat.a(disc.o)
                              C:/devkitPro/libnds/lib\libfat.a(libfat.o) (_FAT_disc_interfaces)
C:/devkitPro/libnds/lib\libfat.a(fatfile.o)
                              C:/devkitPro/libnds/lib\libfat.a(libfat.o) (_FAT_open_r)
C:/devkitPro/libnds/lib\libfat.a(cache.o)
                              C:/devkitPro/libnds/lib\libfat.a(fatfile.o) (_FAT_cache_readSectors)
C:/devkitPro/libnds/lib\libfat.a(fatdir.o)
                              C:/devkitPro/libnds/lib\libfat.a(libfat.o) (_FAT_stat_r)
C:/devkitPro/libnds/lib\libfat.a(directory.o)
                              C:/devkitPro/libnds/lib\libfat.a(fatfile.o) (_FAT_directory_entryGetCluster)
C:/devkitPro/libnds/lib\libfat.a(partition.o)
                              C:/devkitPro/libnds/lib\libfat.a(libfat.o) (_FAT_partition_destructor)
C:/devkitPro/libnds/lib\libfat.a(lock.o)
                              C:/devkitPro/libnds/lib\libfat.a(partition.o) (_FAT_lock_init)
C:/devkitPro/libnds/lib\libfat.a(filetime.o)
[...]
Memory Configuration

Name             Origin             Length             Attributes
ewram            0x02000000         0x00380000
dtcm             0x02ff0000         0x00004000
vectors          0x01000000         0x00000100
itcm             0x01000100         0x00007f00
*default*        0x00000000         0xffffffff

Linker script and memory map

                0x02380000                        __ewram_end = (ORIGIN (ewram) + LENGTH (ewram))
                0x02380000                        __eheap_end = (ORIGIN (ewram) + LENGTH (ewram))
                0x02ff4000                        __dtcm_top = (ORIGIN (dtcm) + LENGTH (dtcm))
                0x02ff3ff8                        __irq_flags = (__dtcm_top - 0x8)
                0x02ff3ffc                        __irq_vector = (__dtcm_top - 0x4)
                0x02ff3f00                        __sp_svc = (__dtcm_top - 0x100)
                0x02ff3e00                        __sp_irq = (__sp_svc - 0x100)
                0x02ff3d00                        __sp_usr = (__sp_irq - 0x100)

.secure         0x02000000      0x800
 *(.secure)
 .secure        0x02000000      0x800 C:/devkitPro/libnds/lib\libnds9.a(securearea.o)
                0x02000000                __secure_area__

.crt0           0x02000800      0x300
                0x02000800                        __text_start = .
 *(.crt0)
 .crt0          0x02000800      0x300 C:/devkitPro/devkitARM/bin/../lib/gcc/arm-none-eabi/13.2.0/../../../../arm-none-eabi/lib/ds_arm9_crt0.o
                0x02000800                _start
                0x02000b00                        . = ALIGN (0x4)

.plt
 *(.plt)

.init           0x02000b00       0x18
 *(SORT_NONE(.init))
 .init          0x02000b00        0xc C:/devkitPro/devkitARM/bin/../lib/gcc/arm-none-eabi/13.2.0/crti.o
                0x02000b00                _init
 .init          0x02000b0c        0xc C:/devkitPro/devkitARM/bin/../lib/gcc/arm-none-eabi/13.2.0/crtn.o

.text           0x02000b40    0x29bc0
 *(EXCLUDE_FILE(*.twl* *.vectors* *.itcm*) .text)
 .text          0x02000b40      0x334 circle.o
                0x02000b40                loadBeatsFromFile
                0x02000bdc                initCircle
                0x02000c7c                repositionCircle
                0x02000cf0                activateCircle
                0x02000dc4                deactivateCircle
 .text          0x02000e74      0x350 graphics.o
                0x02000e74                setupTopScreen
                0x02000f18                setupBottomScreen
                0x02001020                getBackgroundLayer
                0x02001030                initGraphics
                0x0200104c                clearScreen
                0x020010f4                drawCircle
 .text          0x020011c4       0xb4 game.o
                0x020011c4                updateGameLoop
 .text          0x02001278       0xc8 audio.o
                0x02001278                initAudio
                0x020012d4                playHitSoundEffect
 .text          0x02001340      0x244 input.o
                0x02001340                checkTouch
                0x02001410                touchMissed
                0x0200143c                updateTouchInput
                0x0200148c                updateButtonInput
                0x02001530                updateInput
 .text          0x02001584       0x20 read_keys.o
                0x02001584                read_keys_asm
 .text          0x020015a4      0x24c C:/devkitPro/libnds/lib\libmm9.a(mm_comms.o)
                0x020015a4                mmSetupComms
                0x020015f6                mmSendBank
                0x02001600                mmLockChannels
                0x02001606                mmUnlockChannels
                0x0200160c                mmStart
                0x02001616                mmPause
                0x0200161a                mmResume
                0x0200161e                mmStop
                0x02001622                mmPosition
                0x02001626                mmJingle
                0x0200162a                mmSetModuleVolume
                0x0200162e                mmSetJingleVolume
                0x02001632                mmSetModuleTempo
                0x02001636                mmSetModulePitch
                0x0200163a                mmSetEffectsVolume
                0x0200163e                mmSelectMode
                0x02001642                mmStreamBegin
                0x02001656                mmStreamEnd
                0x020016ac                mmEffect
                0x020016d0                mmEffectVolume
                0x020016d4                mmEffectPanning
                0x020016d8                mmEffectRate
                0x020016e2                mmEffectScaleRate
                0x020016ec                mmEffectRelease
                0x020016f2                mmEffectCancel
                0x020016f8                mmEffectEx
                0x02001736                mmEffectCancelAll
                0x0200173a                mmReverbEnable
                0x0200173e                mmReverbDisable
                0x02001742                mmReverbConfigure
                0x0200179e                mmReverbStart
                0x020017a2                mmReverbStop
 .text          0x020017f0      0x120 C:/devkitPro/libnds/lib\libmm9.a(mm_memory.o)
                0x020017f0                mmLoad
                0x02001840                mmUnload
                0x02001898                mmLoadEffect
                0x020018d0                mmUnloadEffect
 .text          0x02001910      0x108 C:/devkitPro/libnds/lib\libmm9.a(mm_main9.o)
                0x02001910                mmActive
                0x02001916                mmSetEventHandler
                0x0200191c                mmInit
                0x02001946                mmInitDefault
                0x02001990                mmInitDefaultMem
                0x020019b2                mmSuspendIRQ_t
                0x020019d0                mmRestoreIRQ_t
 .text          0x02001a18      0x100 C:/devkitPro/libnds/lib\libmm9.a(mm_soundbank.o)
                0x02001a18                mmSoundBankInMemory
                0x02001a20                mmSoundBankInFiles
                0x02001a32                mmSetCustomSoundBankHandler
                0x02001a5e                mmsHandleFileOp
 .text          0x02001b18       0x3c C:/devkitPro/libnds/lib\libmm9.a(mm_flusher.o)
                0x02001b18                mmFlushBank
 *fill*         0x02001b54       0x2c ff
 .text          0x02001b80     0x4000 C:/devkitPro/libnds/lib\libnds9.a(dldi_stub.o)
                0x02001b80                _io_dldi_stub
 .text          0x02005b80      0x114 C:/devkitPro/devkitARM/bin/../lib/gcc/arm-none-eabi/13.2.0\libgcc.a(_udivsi3.o)
                0x02005b80                __aeabi_uidiv
                0x02005b80                __udivsi3
                0x02005c74                __aeabi_uidivmod
 .text          0x02005c94      0x148 C:/devkitPro/devkitARM/bin/../lib/gcc/arm-none-eabi/13.2.0\libgcc.a(_divsi3.o)
                0x02005c94                __divsi3
                0x02005c94                __aeabi_idiv
                0x02005dbc                __aeabi_idivmod
 .text          0x02005ddc        0x4 C:/devkitPro/devkitARM/bin/../lib/gcc/arm-none-eabi/13.2.0\libgcc.a(_dvmd_tls.o)
                0x02005ddc                __aeabi_idiv0
                0x02005ddc                __aeabi_ldiv0
 .text          0x02005de0       0xd4 C:/devkitPro/devkitARM/bin/../lib/gcc/arm-none-eabi/13.2.0\libgcc.a(_aeabi_ldivmod.o)
                0x02005de0                __aeabi_ldivmod
 .text          0x02005eb4       0x28 C:/devkitPro/devkitARM/bin/../lib/gcc/arm-none-eabi/13.2.0\libgcc.a(_clzdi2.o)
                0x02005eb4                __clzdi2
 .text          0x02005edc       0x48 C:/devkitPro/devkitARM/bin/../lib/gcc/arm-none-eabi/13.2.0\libgcc.a(_clzsi2.o)
                0x02005edc                __clzsi2
 .text          0x02005f24      0x224 C:/devkitPro/devkitARM/bin/../lib/gcc/arm-none-eabi/13.2.0/../../../../arm-none-eabi/lib\libg.a(libc_a-strcmp.o)
                0x02005f24                strcmp
 .text          0x02006148      0x424 C:/devkitPro/devkitARM/bin/../lib/gcc/arm-none-eabi/13.2.0\libgcc.a(_arm_addsubdf3.o)
                0x02006148                __aeabi_drsub
                0x02006150                __aeabi_dsub
                0x02006150                __subdf3
                0x02006154                __aeabi_dadd
                0x02006154                __adddf3
                0x02006464                __floatunsidf
                0x02006464                __aeabi_ui2d
                0x02006488                __floatsidf
                0x02006488                __aeabi_i2d
                0x020064b0                __aeabi_f2d
                0x020064b0                __extendsfdf2
                0x020064f8                __floatundidf
                0x020064f8                __aeabi_ul2d
                0x0200650c                __floatdidf
                0x0200650c                __aeabi_l2d
 .text          0x0200656c      0x49c C:/devkitPro/devkitARM/bin/../lib/gcc/arm-none-eabi/13.2.0\libgcc.a(_arm_muldivdf3.o)
                0x0200656c                __aeabi_dmul
                0x0200656c                __muldf3
                0x020067fc                __divdf3
                0x020067fc                __aeabi_ddiv
 .text          0x02006a08      0x144 C:/devkitPro/devkitARM/bin/../lib/gcc/arm-none-eabi/13.2.0\libgcc.a(_arm_cmpdf2.o)
                0x02006a08                __gtdf2
                0x02006a08                __gedf2
                0x02006a10                __ltdf2
                0x02006a10                __ledf2
                0x02006a18                __nedf2
                0x02006a18                __eqdf2
                0x02006a18                __cmpdf2
                0x02006aa0                __aeabi_cdrcmple
                0x02006abc                __aeabi_cdcmpeq
                0x02006abc                __aeabi_cdcmple
                0x02006ad4                __aeabi_dcmpeq
                0x02006aec                __aeabi_dcmplt
                0x02006b04                __aeabi_dcmple
                0x02006b1c                __aeabi_dcmpge
                0x02006b34                __aeabi_dcmpgt
 .text          0x02006b4c       0x38 C:/devkitPro/devkitARM/bin/../lib/gcc/arm-none-eabi/13.2.0\libgcc.a(_arm_unorddf2.o)
                0x02006b4c                __unorddf2
                0x02006b4c                __aeabi_dcmpun
 .text          0x02006b84       0x5c C:/devkitPro/devkitARM/bin/../lib/gcc/arm-none-eabi/13.2.0\libgcc.a(_arm_fixdfsi.o)
                0x02006b84                __aeabi_d2iz
                0x02006b84                __fixdfsi
 .text          0x02006be0       0x54 C:/devkitPro/devkitARM/bin/../lib/gcc/arm-none-eabi/13.2.0\libgcc.a(_arm_fixunsdfsi.o)
                0x02006be0                __aeabi_d2uiz
                0x02006be0                __fixunsdfsi
 .text          0x02006c34       0xa0 C:/devkitPro/devkitARM/bin/../lib/gcc/arm-none-eabi/13.2.0\libgcc.a(_arm_truncdfsf2.o)
                0x02006c34                __truncdfsf2
                0x02006c34                __aeabi_d2f
 .text          0x02006cd4       0x3c C:/devkitPro/devkitARM/bin/../lib/gcc/arm-none-eabi/13.2.0\libgcc.a(_aeabi_uldivmod.o)
                0x02006cd4                __aeabi_uldivmod
 *(EXCLUDE_FILE(*.twl* *.vectors* *.itcm*) .stub)
 *(EXCLUDE_FILE(*.twl* *.vectors* *.itcm*) .text.*)
 .text.__do_global_dtors_aux
                0x02006d10       0x40 C:/devkitPro/devkitARM/bin/../lib/gcc/arm-none-eabi/13.2.0/crtbegin.o
 .text.frame_dummy
                0x02006d50       0x30 C:/devkitPro/devkitARM/bin/../lib/gcc/arm-none-eabi/13.2.0/crtbegin.o
 .text.startup  0x02006d80       0xb4 main.o
                0x02006d80                main
 .text.checkIfText
                0x02006e34       0x5c C:/devkitPro/libnds/lib\libnds9.a(background.o)
                0x02006e34                checkIfText
 .text.bgUpdate
                0x02006e90       0xf4 C:/devkitPro/libnds/lib\libnds9.a(background.o)
                0x02006e90                bgUpdate
 .text.bgInit_call
                0x02006f84       0xc4 C:/devkitPro/libnds/lib\libnds9.a(background.o)
                0x02006f84                bgInit_call
 .text.bgInitSub_call
                0x02007048       0xcc C:/devkitPro/libnds/lib\libnds9.a(background.o)
                0x02007048                bgInitSub_call
 .text.sinLutLookup
                0x02007114       0x4c C:/devkitPro/libnds/lib\libnds9.a(trig.o)
                0x02007114                sinLutLookup
 .text.sinLerp  0x02007160       0x40 C:/devkitPro/libnds/lib\libnds9.a(trig.o)
                0x02007160                sinLerp
 .text.cosLerp  0x020071a0       0x4c C:/devkitPro/libnds/lib\libnds9.a(trig.o)
                0x020071a0                cosLerp
 .text.touchRead
                0x020071ec       0x24 C:/devkitPro/libnds/lib\libnds9.a(touch.o)
                0x020071ec                touchRead
 .text.__sassert
                0x02007210       0x38 C:/devkitPro/libnds/lib\libnds9.a(sassert.o)
                0x02007210                __sassert
 .text.systemValueHandler
                0x02007248       0x48 C:/devkitPro/libnds/lib\libnds9.a(system.o)
                0x02007248                systemValueHandler
 .text.systemMsgHandler
                0x02007290       0x60 C:/devkitPro/libnds/lib\libnds9.a(system.o)
                0x02007290                systemMsgHandler
 .text.powerOn  0x020072f0       0x2c C:/devkitPro/libnds/lib\libnds9.a(system.o)
                0x020072f0                powerOn
 .text.newRow   0x0200731c       0xa8 C:/devkitPro/libnds/lib\libnds9.a(console.o)
 .text.consolePrintChar
                0x020073c4       0xe0 C:/devkitPro/libnds/lib\libnds9.a(console.o)
                0x020073c4                consolePrintChar
 .text.con_write
                0x020074a4      0x36c C:/devkitPro/libnds/lib\libnds9.a(console.o)
                0x020074a4                con_write
 .text.consoleLoadFont
                0x02007810      0x2a0 C:/devkitPro/libnds/lib\libnds9.a(console.o)
                0x02007810                consoleLoadFont
 .text.consoleInit
                0x02007ab0      0x18c C:/devkitPro/libnds/lib\libnds9.a(console.o)
                0x02007ab0                consoleInit
 .text.consoleDemoInit
                0x02007c3c       0x40 C:/devkitPro/libnds/lib\libnds9.a(console.o)
                0x02007c3c                consoleDemoInit
 .text.consoleClear
                0x02007c7c       0x10 C:/devkitPro/libnds/lib\libnds9.a(console.o)
                0x02007c7c                consoleClear
 .text.soundEnable
                0x02007c8c       0x10 C:/devkitPro/libnds/lib\libnds9.a(sound.o)
                0x02007c8c                soundEnable
 .text.scanKeys
                0x02007c9c       0x8c C:/devkitPro/libnds/lib\libnds9.a(keys.o)
                0x02007c9c                scanKeys
 .text.keysHeld
                0x02007d28        0xc C:/devkitPro/libnds/lib\libnds9.a(keys.o)
                0x02007d28                keysHeld
 .text.__syscall_gettod_r
                0x02007d34       0x28 C:/devkitPro/libnds/lib\libnds9.a(initSystem.o)
                0x02007d34                __syscall_gettod_r
 .text.__syscall_exit
                0x02007d5c        0x8 C:/devkitPro/libnds/lib\libnds9.a(initSystem.o)
                0x02007d5c                __syscall_exit
 .text.initSystem
                0x02007d64      0x180 C:/devkitPro/libnds/lib\libnds9.a(initSystem.o)
                0x02007d64                initSystem
 .text.irqDummy
                0x02007ee4        0x4 C:/devkitPro/libnds/lib\libnds9.a(interrupts.o)
                0x02007ee4                irqDummy
 .text.irqSet   0x02007ee8       0x6c C:/devkitPro/libnds/lib\libnds9.a(interrupts.o)
                0x02007ee8                irqSet
 .text.irqInit  0x02007f54       0x50 C:/devkitPro/libnds/lib\libnds9.a(interrupts.o)
                0x02007f54                irqInit
 .text.irqEnable
                0x02007fa4       0x64 C:/devkitPro/libnds/lib\libnds9.a(interrupts.o)
                0x02007fa4                irqEnable
 .text.systemErrorExit
                0x02008008        0x4 C:/devkitPro/libnds/lib\libnds9.a(libnds_exit.arm.o)
                0x02008008                systemErrorExit
 .text.__libnds_exit
                0x0200800c       0x5c C:/devkitPro/libnds/lib\libnds9.a(libnds_exit.arm.o)
                0x0200800c                __libnds_exit
 .text.fifo_queueBlock
                0x02008068       0x44 C:/devkitPro/libnds/lib\libnds9.a(fifosystem.o)
 .text.fifo_waitBlock
                0x020080ac       0x80 C:/devkitPro/libnds/lib\libnds9.a(fifosystem.o)
 .text.fifoInternalSend.part.0
                0x0200812c       0xd4 C:/devkitPro/libnds/lib\libnds9.a(fifosystem.o)
 .text.fifoInternalSendInterrupt
                0x02008200       0xb0 C:/devkitPro/libnds/lib\libnds9.a(fifosystem.o)
 .text.fifoSetValue32Handler
                0x020082b0       0xd4 C:/devkitPro/libnds/lib\libnds9.a(fifosystem.o)
                0x020082b0                fifoSetValue32Handler
 .text.fifoSendValue32
                0x02008384       0x4c C:/devkitPro/libnds/lib\libnds9.a(fifosystem.o)
                0x02008384                fifoSendValue32
 .text.fifoSendDatamsg
                0x020083d0       0x90 C:/devkitPro/libnds/lib\libnds9.a(fifosystem.o)
                0x020083d0                fifoSendDatamsg
 .text.fifoGetValue32
                0x02008460       0x70 C:/devkitPro/libnds/lib\libnds9.a(fifosystem.o)
                0x02008460                fifoGetValue32
 .text.fifoGetDatamsg
                0x020084d0       0xf4 C:/devkitPro/libnds/lib\libnds9.a(fifosystem.o)
                0x020084d0                fifoGetDatamsg
 .text.fifoInternalRecvInterrupt
                0x020085c4      0x37c C:/devkitPro/libnds/lib\libnds9.a(fifosystem.o)
 .text.fifoSetDatamsgHandler
                0x02008940       0x9c C:/devkitPro/libnds/lib\libnds9.a(fifosystem.o)
                0x02008940                fifoSetDatamsgHandler
 .text.fifoCheckValue32
                0x020089dc       0x24 C:/devkitPro/libnds/lib\libnds9.a(fifosystem.o)
                0x020089dc                fifoCheckValue32
 .text.fifoInit
                0x02008a00      0x108 C:/devkitPro/libnds/lib\libnds9.a(fifosystem.o)
                0x02008a00                fifoInit
 .text.__libnds_mpu_setup
                0x02008b08      0x174 C:/devkitPro/libnds/lib\libnds9.a(mpu_setup.o)
                0x02008b08                __libnds_mpu_setup
 .text.memUncached
                0x02008c7c       0x20 C:/devkitPro/libnds/lib\libnds9.a(mpu_setup.o)
                0x02008c7c                memUncached
 .text.swiWaitForVBlank
                0x02008c9c        0x8 C:/devkitPro/libnds/lib\libnds9.a(IntrWait.o)
                0x02008c9c                swiWaitForVBlank
 .text.swiIntrWait
                0x02008ca4       0x70 C:/devkitPro/libnds/lib\libnds9.a(IntrWait.o)
                0x02008ca4                swiIntrWait
 .text.setCpuClock
                0x02008d14       0x50 C:/devkitPro/libnds/lib\libnds9.a(cpu_clock.o)
                0x02008d14                setCpuClock
 .text.swiDelay
                0x02008d64        0x4 C:/devkitPro/libnds/lib\libnds9.a(biosCalls.o)
                0x02008d64                swiDelay
 .text.swiSoftReset
                0x02008d68       0x2c C:/devkitPro/libnds/lib\libnds9.a(swiSoftReset.o)
                0x02008d68                swiSoftReset
 .text.vramDefault
                0x02008d94       0xd0 C:/devkitPro/libnds/lib\libnds9.a(video.o)
                0x02008d94                vramDefault
 .text.nitroFSDirClose
                0x02008e64        0x4 C:/devkitPro/libnds/lib\libfilesystem.a(nitrofs.o)
 .text.nitroFSSeek
                0x02008e68       0x78 C:/devkitPro/libnds/lib\libfilesystem.a(nitrofs.o)
 .text.nitroFSFstat
                0x02008ee0       0x10 C:/devkitPro/libnds/lib\libfilesystem.a(nitrofs.o)
 .text.nitroSubReadBlock
                0x02008ef0       0x54 C:/devkitPro/libnds/lib\libfilesystem.a(nitrofs.o)
 .text.nitroSubReadCard
                0x02008f44       0xb0 C:/devkitPro/libnds/lib\libfilesystem.a(nitrofs.o)
 .text.nitroFSClose
                0x02008ff4        0x4 C:/devkitPro/libnds/lib\libfilesystem.a(nitrofs.o)
 .text.nitroDirReset
                0x02008ff8       0x9c C:/devkitPro/libnds/lib\libfilesystem.a(nitrofs.o)
 .text.nitroFSRead
                0x02009094       0xbc C:/devkitPro/libnds/lib\libfilesystem.a(nitrofs.o)
 .text.nitroFSDirNext
                0x02009150      0x30c C:/devkitPro/libnds/lib\libfilesystem.a(nitrofs.o)
 .text.nitroFSDirOpen
                0x0200945c       0xe0 C:/devkitPro/libnds/lib\libfilesystem.a(nitrofs.o)
 .text.nitroFSChdir
                0x0200953c       0x30 C:/devkitPro/libnds/lib\libfilesystem.a(nitrofs.o)
 .text.nitroFSOpen
                0x0200956c       0xc4 C:/devkitPro/libnds/lib\libfilesystem.a(nitrofs.o)
 .text.nitroFSstat
                0x02009630       0x68 C:/devkitPro/libnds/lib\libfilesystem.a(nitrofs.o)
 .text.nitroFSInit
                0x02009698      0x12c C:/devkitPro/libnds/lib\libfilesystem.a(nitrofs.o)
                0x02009698                nitroFSInit
 .text.fatMount.part.0
                0x020097c4       0xa0 C:/devkitPro/libnds/lib\libfat.a(libfat.o)
 .text.fatMount
                0x02009864       0x3c C:/devkitPro/libnds/lib\libfat.a(libfat.o)
                0x02009864                fatMount
 .text.fatInit  0x020098a0      0x130 C:/devkitPro/libnds/lib\libfat.a(libfat.o)
                0x020098a0                fatInit
 .text.fatInitDefault
                0x020099d0        0xc C:/devkitPro/libnds/lib\libfat.a(libfat.o)
                0x020099d0                fatInitDefault
 .text._FAT_check_position_for_next_cluster.part.0
                0x020099dc       0x68 C:/devkitPro/libnds/lib\libfat.a(fatfile.o)
 .text._FAT_syncToDisc.part.0
                0x02009a44       0xd4 C:/devkitPro/libnds/lib\libfat.a(fatfile.o)
 .text._FAT_file_extend_r
                0x02009b18      0x208 C:/devkitPro/libnds/lib\libfat.a(fatfile.o)
 .text._FAT_open_r
                0x02009d20      0x2d4 C:/devkitPro/libnds/lib\libfat.a(fatfile.o)
                0x02009d20                _FAT_open_r
 .text._FAT_close_r
                0x02009ff4       0x74 C:/devkitPro/libnds/lib\libfat.a(fatfile.o)
                0x02009ff4                _FAT_close_r
 .text._FAT_read_r
                0x0200a068      0x398 C:/devkitPro/libnds/lib\libfat.a(fatfile.o)
                0x0200a068                _FAT_read_r
 .text._FAT_write_r
                0x0200a400      0x53c C:/devkitPro/libnds/lib\libfat.a(fatfile.o)
                0x0200a400                _FAT_write_r
 .text._FAT_seek_r
                0x0200a93c      0x194 C:/devkitPro/libnds/lib\libfat.a(fatfile.o)
                0x0200a93c                _FAT_seek_r
 .text._FAT_fstat_r
                0x0200aad0       0x8c C:/devkitPro/libnds/lib\libfat.a(fatfile.o)
                0x0200aad0                _FAT_fstat_r
 .text._FAT_ftruncate_r
                0x0200ab5c      0x16c C:/devkitPro/libnds/lib\libfat.a(fatfile.o)
                0x0200ab5c                _FAT_ftruncate_r
 .text._FAT_fsync_r
                0x0200acc8       0x44 C:/devkitPro/libnds/lib\libfat.a(fatfile.o)
                0x0200acc8                _FAT_fsync_r
 .text._FAT_cache_getPage
                0x0200ad0c       0xf0 C:/devkitPro/libnds/lib\libfat.a(cache.o)
 .text._FAT_cache_constructor
                0x0200adfc       0x90 C:/devkitPro/libnds/lib\libfat.a(cache.o)
                0x0200adfc                _FAT_cache_constructor
 .text._FAT_cache_readSectors
                0x0200ae8c       0x60 C:/devkitPro/libnds/lib\libfat.a(cache.o)
                0x0200ae8c                _FAT_cache_readSectors
 .text._FAT_cache_readPartialSector
                0x0200aeec       0x3c C:/devkitPro/libnds/lib\libfat.a(cache.o)
                0x0200aeec                _FAT_cache_readPartialSector
 .text._FAT_cache_readLittleEndianValue
                0x0200af28       0x70 C:/devkitPro/libnds/lib\libfat.a(cache.o)
                0x0200af28                _FAT_cache_readLittleEndianValue
 .text._FAT_cache_writePartialSector
                0x0200af98       0x4c C:/devkitPro/libnds/lib\libfat.a(cache.o)
                0x0200af98                _FAT_cache_writePartialSector
 .text._FAT_cache_writeLittleEndianValue
                0x0200afe4       0x8c C:/devkitPro/libnds/lib\libfat.a(cache.o)
                0x0200afe4                _FAT_cache_writeLittleEndianValue
 .text._FAT_cache_eraseWritePartialSector
                0x0200b070       0x60 C:/devkitPro/libnds/lib\libfat.a(cache.o)
                0x0200b070                _FAT_cache_eraseWritePartialSector
 .text._FAT_cache_writeSectors
                0x0200b0d0       0x80 C:/devkitPro/libnds/lib\libfat.a(cache.o)
                0x0200b0d0                _FAT_cache_writeSectors
 .text._FAT_cache_flush
                0x0200b150       0x40 C:/devkitPro/libnds/lib\libfat.a(cache.o)
                0x0200b150                _FAT_cache_flush
 .text._FAT_stat_r
                0x0200b190       0x90 C:/devkitPro/libnds/lib\libfat.a(fatdir.o)
                0x0200b190                _FAT_stat_r
 .text._FAT_link_r
                0x0200b220        0xc C:/devkitPro/libnds/lib\libfat.a(fatdir.o)
                0x0200b220                _FAT_link_r
 .text._FAT_unlink_r
                0x0200b22c      0x184 C:/devkitPro/libnds/lib\libfat.a(fatdir.o)
                0x0200b22c                _FAT_unlink_r
 .text._FAT_chdir_r
                0x0200b3b0       0x70 C:/devkitPro/libnds/lib\libfat.a(fatdir.o)
                0x0200b3b0                _FAT_chdir_r
 .text._FAT_rename_r
                0x0200b420      0x1c4 C:/devkitPro/libnds/lib\libfat.a(fatdir.o)
                0x0200b420                _FAT_rename_r
 .text._FAT_mkdir_r
                0x0200b5e4      0x244 C:/devkitPro/libnds/lib\libfat.a(fatdir.o)
                0x0200b5e4                _FAT_mkdir_r
 .text._FAT_statvfs_r
                0x0200b828       0x78 C:/devkitPro/libnds/lib\libfat.a(fatdir.o)
                0x0200b828                _FAT_statvfs_r
 .text._FAT_diropen_r
                0x0200b8a0       0xb0 C:/devkitPro/libnds/lib\libfat.a(fatdir.o)
                0x0200b8a0                _FAT_diropen_r
 .text._FAT_dirreset_r
                0x0200b950       0x4c C:/devkitPro/libnds/lib\libfat.a(fatdir.o)
                0x0200b950                _FAT_dirreset_r
 .text._FAT_dirnext_r
                0x0200b99c       0x7c C:/devkitPro/libnds/lib\libfat.a(fatdir.o)
                0x0200b99c                _FAT_dirnext_r
 .text._FAT_dirclose_r
                0x0200ba18       0x20 C:/devkitPro/libnds/lib\libfat.a(fatdir.o)
                0x0200ba18                _FAT_dirclose_r
 .text._FAT_directory_entryGetAlias
                0x0200ba38       0xc8 C:/devkitPro/libnds/lib\libfat.a(directory.o)
 .text._FAT_directory_incrementDirEntryPosition
                0x0200bb00       0x80 C:/devkitPro/libnds/lib\libfat.a(directory.o)
 .text._FAT_directory_mbsncasecmp
                0x0200bb80       0xa8 C:/devkitPro/libnds/lib\libfat.a(directory.o)
 .text._FAT_directory_ucs2tombs.constprop.0
                0x0200bc28       0x90 C:/devkitPro/libnds/lib\libfat.a(directory.o)
 .text._FAT_directory_entryGetCluster
                0x0200bcb8       0x20 C:/devkitPro/libnds/lib\libfat.a(directory.o)
                0x0200bcb8                _FAT_directory_entryGetCluster
 .text._FAT_directory_getNextEntry
                0x0200bcd8      0x23c C:/devkitPro/libnds/lib\libfat.a(directory.o)
                0x0200bcd8                _FAT_directory_getNextEntry
 .text._FAT_directory_entryExists
                0x0200bf14       0x80 C:/devkitPro/libnds/lib\libfat.a(directory.o)
 .text._FAT_directory_getFirstEntry
                0x0200bf94       0x20 C:/devkitPro/libnds/lib\libfat.a(directory.o)
                0x0200bf94                _FAT_directory_getFirstEntry
 .text._FAT_directory_getRootEntry
                0x0200bfb4       0x60 C:/devkitPro/libnds/lib\libfat.a(directory.o)
                0x0200bfb4                _FAT_directory_getRootEntry
 .text._FAT_directory_entryFromPosition
                0x0200c014      0x150 C:/devkitPro/libnds/lib\libfat.a(directory.o)
                0x0200c014                _FAT_directory_entryFromPosition
 .text._FAT_directory_entryFromPath
                0x0200c164      0x248 C:/devkitPro/libnds/lib\libfat.a(directory.o)
                0x0200c164                _FAT_directory_entryFromPath
 .text._FAT_directory_removeEntry
                0x0200c3ac       0xd8 C:/devkitPro/libnds/lib\libfat.a(directory.o)
                0x0200c3ac                _FAT_directory_removeEntry
 .text._FAT_directory_addEntry
                0x0200c484      0x808 C:/devkitPro/libnds/lib\libfat.a(directory.o)
                0x0200c484                _FAT_directory_addEntry
 .text._FAT_directory_chdir
                0x0200cc8c       0x3c C:/devkitPro/libnds/lib\libfat.a(directory.o)
                0x0200cc8c                _FAT_directory_chdir
 .text._FAT_directory_entryStat
                0x0200ccc8       0xe4 C:/devkitPro/libnds/lib\libfat.a(directory.o)
                0x0200ccc8                _FAT_directory_entryStat
 .text.isValidMBR
                0x0200cdac       0x5c C:/devkitPro/libnds/lib\libfat.a(partition.o)
 .text._FAT_updateFS_INFO
                0x0200ce08       0x54 C:/devkitPro/libnds/lib\libfat.a(partition.o)
 .text.FindFirstValidPartition_buf.part.0
                0x0200ce5c      0x11c C:/devkitPro/libnds/lib\libfat.a(partition.o)
 .text._FAT_partition_getPartitionFromPath
                0x0200cf78       0x10 C:/devkitPro/libnds/lib\libfat.a(partition.o)
                0x0200cf78                _FAT_partition_getPartitionFromPath
 .text._FAT_partition_createFSinfo
                0x0200cf88       0x50 C:/devkitPro/libnds/lib\libfat.a(partition.o)
                0x0200cf88                _FAT_partition_createFSinfo
 .text._FAT_partition_readFSinfo.part.0
                0x0200cfd8       0x74 C:/devkitPro/libnds/lib\libfat.a(partition.o)
 .text._FAT_partition_constructor_buf
                0x0200d04c      0x2e8 C:/devkitPro/libnds/lib\libfat.a(partition.o)
                0x0200d04c                _FAT_partition_constructor_buf
 .text._FAT_partition_constructor
                0x0200d334       0x40 C:/devkitPro/libnds/lib\libfat.a(partition.o)
                0x0200d334                _FAT_partition_constructor
 .text._FAT_partition_readFSinfo
                0x0200d374       0x10 C:/devkitPro/libnds/lib\libfat.a(partition.o)
                0x0200d374                _FAT_partition_readFSinfo
 .text._FAT_lock_init
                0x0200d384        0x4 C:/devkitPro/libnds/lib\libfat.a(lock.o)
                0x0200d384                _FAT_lock_init
 .text._FAT_lock
                0x0200d388        0x4 C:/devkitPro/libnds/lib\libfat.a(lock.o)
                0x0200d388                _FAT_lock
 .text._FAT_unlock
                0x0200d38c        0x4 C:/devkitPro/libnds/lib\libfat.a(lock.o)
                0x0200d38c                _FAT_unlock
 .text._FAT_filetime_getTimeFromRTC
                0x0200d390       0x44 C:/devkitPro/libnds/lib\libfat.a(filetime.o)
                0x0200d390                _FAT_filetime_getTimeFromRTC
 .text._FAT_filetime_getDateFromRTC
                0x0200d3d4       0x44 C:/devkitPro/libnds/lib\libfat.a(filetime.o)
                0x0200d3d4                _FAT_filetime_getDateFromRTC
 .text._FAT_filetime_to_time_t
                0x0200d418       0x38 C:/devkitPro/libnds/lib\libfat.a(filetime.o)
                0x0200d418                _FAT_filetime_to_time_t
 .text._FAT_fat_writeFatEntry.part.0.isra.0
                0x0200d450      0x12c C:/devkitPro/libnds/lib\libfat.a(file_allocation_table.o)
 .text._FAT_fat_nextCluster
                0x0200d57c      0x108 C:/devkitPro/libnds/lib\libfat.a(file_allocation_table.o)
                0x0200d57c                _FAT_fat_nextCluster
 .text._FAT_fat_linkFreeCluster
                0x0200d684       0xac C:/devkitPro/libnds/lib\libfat.a(file_allocation_table.o)
                0x0200d684                _FAT_fat_linkFreeCluster
 .text._FAT_fat_linkFreeClusterCleared
                0x0200d730       0x68 C:/devkitPro/libnds/lib\libfat.a(file_allocation_table.o)
                0x0200d730                _FAT_fat_linkFreeClusterCleared
 .text._FAT_fat_clearLinks
                0x0200d798       0x7c C:/devkitPro/libnds/lib\libfat.a(file_allocation_table.o)
                0x0200d798                _FAT_fat_clearLinks
 .text._FAT_fat_trimChain
                0x0200d814       0x80 C:/devkitPro/libnds/lib\libfat.a(file_allocation_table.o)
                0x0200d814                _FAT_fat_trimChain
 .text._FAT_fat_lastCluster
                0x0200d894       0x34 C:/devkitPro/libnds/lib\libfat.a(file_allocation_table.o)
                0x0200d894                _FAT_fat_lastCluster
 .text._FAT_fat_freeClusterCount
                0x0200d8c8       0x2c C:/devkitPro/libnds/lib\libfat.a(file_allocation_table.o)
                0x0200d8c8                _FAT_fat_freeClusterCount
 .text.dldiGetInternal
                0x0200d8f4       0x34 C:/devkitPro/libnds/lib\libnds9.a(dldi.o)
                0x0200d8f4                dldiGetInternal
 .text.get_io_dsisd
                0x0200d928       0x24 C:/devkitPro/libnds/lib\libnds9.a(dldi.o)
                0x0200d928                get_io_dsisd
 .text.cardPolledTransfer
                0x0200d94c       0x54 C:/devkitPro/libnds/lib\libnds9.a(card.o)
                0x0200d94c                cardPolledTransfer
 .text.cardParamCommand
                0x0200d9a0       0x34 C:/devkitPro/libnds/lib\libnds9.a(card.o)
                0x0200d9a0                cardParamCommand
 .text.DC_FlushRange
                0x0200d9d4       0x24 C:/devkitPro/libnds/lib\libnds9.a(dcache.o)
                0x0200d9d4                DC_FlushRange
 .text.__muldi3
                0x0200d9f8       0x18 C:/devkitPro/devkitARM/bin/../lib/gcc/arm-none-eabi/13.2.0\libgcc.a(_muldi3.o)
                0x0200d9f8                __muldi3
                0x0200d9f8                __aeabi_lmul
 .text.__udivmoddi4
                0x0200da10      0x128 C:/devkitPro/devkitARM/bin/../lib/gcc/arm-none-eabi/13.2.0\libgcc.a(_udivmoddi4.o)
                0x0200da10                __udivmoddi4
 .text.strncmp  0x0200db38       0xec C:/devkitPro/devkitARM/bin/../lib/gcc/arm-none-eabi/13.2.0/../../../../arm-none-eabi/lib\libg.a(libc_a-strncmp.o)
                0x0200db38                strncmp
 .text.strchr   0x0200dc24      0x13c C:/devkitPro/devkitARM/bin/../lib/gcc/arm-none-eabi/13.2.0/../../../../arm-none-eabi/lib\libg.a(libc_a-strchr.o)
                0x0200dc24                strchr
 .text.rand     0x0200dd60       0x48 C:/devkitPro/devkitARM/bin/../lib/gcc/arm-none-eabi/13.2.0/../../../../arm-none-eabi/lib\libg.a(libc_a-rand.o)
                0x0200dd60                rand
 .text.strlen   0x0200dda8       0x60 C:/devkitPro/devkitARM/bin/../lib/gcc/arm-none-eabi/13.2.0/../../../../arm-none-eabi/lib\libg.a(libc_a-strlen-stub.o)
                0x0200dda8                strlen
 .text.memmove  0x0200de08      0x154 C:/devkitPro/devkitARM/bin/../lib/gcc/arm-none-eabi/13.2.0/../../../../arm-none-eabi/lib\libg.a(libc_a-memmove.o)
                0x0200de08                memmove
 .text.__locale_mb_cur_max
                0x0200df5c       0x28 C:/devkitPro/devkitARM/bin/../lib/gcc/arm-none-eabi/13.2.0/../../../../arm-none-eabi/lib\libg.a(libc_a-locale.o)
                0x0200df5c                __locale_mb_cur_max
 .text.memcmp   0x0200df84       0xe0 C:/devkitPro/devkitARM/bin/../lib/gcc/arm-none-eabi/13.2.0/../../../../arm-none-eabi/lib\libg.a(libc_a-memcmp.o)
                0x0200df84                memcmp
 .text.__utf8_mbtowc
                0x0200e064      0x308 C:/devkitPro/devkitARM/bin/../lib/gcc/arm-none-eabi/13.2.0/../../../../arm-none-eabi/lib\libg.a(libc_a-mbtowc_r.o)
                0x0200e064                __utf8_mbtowc
 .text._fread_r
                0x0200e36c      0x33c C:/devkitPro/devkitARM/bin/../lib/gcc/arm-none-eabi/13.2.0/../../../../arm-none-eabi/lib\libg.a(libc_a-fread.o)
                0x0200e36c                _fread_r
 .text.fread    0x0200e6a8       0x3c C:/devkitPro/devkitARM/bin/../lib/gcc/arm-none-eabi/13.2.0/../../../../arm-none-eabi/lib\libg.a(libc_a-fread.o)
                0x0200e6a8                fread
 .text.calloc   0x0200e6e4       0x24 C:/devkitPro/devkitARM/bin/../lib/gcc/arm-none-eabi/13.2.0/../../../../arm-none-eabi/lib\libg.a(libc_a-calloc.o)
                0x0200e6e4                calloc
 .text.siscanf  0x0200e708       0x78 C:/devkitPro/devkitARM/bin/../lib/gcc/arm-none-eabi/13.2.0/../../../../arm-none-eabi/lib\libg.a(libc_a-siscanf.o)
                0x0200e708                siscanf
 .text.__sread  0x0200e780       0x4c C:/devkitPro/devkitARM/bin/../lib/gcc/arm-none-eabi/13.2.0/../../../../arm-none-eabi/lib\libg.a(libc_a-stdio.o)
                0x0200e780                __sread
 .text.__seofread
                0x0200e7cc        0x8 C:/devkitPro/devkitARM/bin/../lib/gcc/arm-none-eabi/13.2.0/../../../../arm-none-eabi/lib\libg.a(libc_a-stdio.o)
                0x0200e7cc                __seofread
 .text.__swrite
                0x0200e7d4       0x6c C:/devkitPro/devkitARM/bin/../lib/gcc/arm-none-eabi/13.2.0/../../../../arm-none-eabi/lib\libg.a(libc_a-stdio.o)
                0x0200e7d4                __swrite
 .text.__sseek  0x0200e840       0x48 C:/devkitPro/devkitARM/bin/../lib/gcc/arm-none-eabi/13.2.0/../../../../arm-none-eabi/lib\libg.a(libc_a-stdio.o)
                0x0200e840                __sseek
 .text.__sclose
                0x0200e888       0x14 C:/devkitPro/devkitARM/bin/../lib/gcc/arm-none-eabi/13.2.0/../../../../arm-none-eabi/lib\libg.a(libc_a-stdio.o)
                0x0200e888                __sclose
 .text.strrchr  0x0200e89c       0x58 C:/devkitPro/devkitARM/bin/../lib/gcc/arm-none-eabi/13.2.0/../../../../arm-none-eabi/lib\libg.a(libc_a-strrchr.o)
                0x0200e89c                strrchr
 .text.viprintf
                0x0200e8f4       0x28 C:/devkitPro/devkitARM/bin/../lib/gcc/arm-none-eabi/13.2.0/../../../../arm-none-eabi/lib\libg.a(libc_a-viprintf.o)
                0x0200e8f4                viprintf
 .text.lflush   0x0200e91c       0x3c C:/devkitPro/devkitARM/bin/../lib/gcc/arm-none-eabi/13.2.0/../../../../arm-none-eabi/lib\libg.a(libc_a-refill.o)
 .text.__srefill_r
                0x0200e958      0x19c C:/devkitPro/devkitARM/bin/../lib/gcc/arm-none-eabi/13.2.0/../../../../arm-none-eabi/lib\libg.a(libc_a-refill.o)
                0x0200e958                __srefill_r
 .text._fclose_r
                0x0200eaf4      0x150 C:/devkitPro/devkitARM/bin/../lib/gcc/arm-none-eabi/13.2.0/../../../../arm-none-eabi/lib\libg.a(libc_a-fclose.o)
                0x0200eaf4                _fclose_r
 .text.fclose   0x0200ec44       0x18 C:/devkitPro/devkitARM/bin/../lib/gcc/arm-none-eabi/13.2.0/../../../../arm-none-eabi/lib\libg.a(libc_a-fclose.o)
                0x0200ec44                fclose
 .text.read     0x0200ec5c       0x2c C:/devkitPro/devkitARM/bin/../lib/gcc/arm-none-eabi/13.2.0/../../../../arm-none-eabi/lib\libg.a(libc_a-sysread.o)
                0x0200ec5c                read
 .text._calloc_r
                0x0200ec88       0xd0 C:/devkitPro/devkitARM/bin/../lib/gcc/arm-none-eabi/13.2.0/../../../../arm-none-eabi/lib\libg.a(libc_a-callocr.o)
                0x0200ec88                _calloc_r
 .text.__smakebuf_r
                0x0200ed58      0x138 C:/devkitPro/devkitARM/bin/../lib/gcc/arm-none-eabi/13.2.0/../../../../arm-none-eabi/lib\libg.a(libc_a-makebuf.o)
                0x0200ed58                __smakebuf_r
 .text.__swhatbuf_r
                0x0200ee90       0x80 C:/devkitPro/devkitARM/bin/../lib/gcc/arm-none-eabi/13.2.0/../../../../arm-none-eabi/lib\libg.a(libc_a-makebuf.o)
                0x0200ee90                __swhatbuf_r
 .text.validate_structure
                0x0200ef10      0x2e0 C:/devkitPro/devkitARM/bin/../lib/gcc/arm-none-eabi/13.2.0/../../../../arm-none-eabi/lib\libg.a(libc_a-mktime.o)
 .text.mktime   0x0200f1f0      0x4cc C:/devkitPro/devkitARM/bin/../lib/gcc/arm-none-eabi/13.2.0/../../../../arm-none-eabi/lib\libg.a(libc_a-mktime.o)
                0x0200f1f0                mktime
 .text.strdup   0x0200f6bc       0x1c C:/devkitPro/devkitARM/bin/../lib/gcc/arm-none-eabi/13.2.0/../../../../arm-none-eabi/lib\libg.a(libc_a-strdup.o)
                0x0200f6bc                strdup
 .text.stdio_exit_handler
                0x0200f6d8       0x28 C:/devkitPro/devkitARM/bin/../lib/gcc/arm-none-eabi/13.2.0/../../../../arm-none-eabi/lib\libg.a(libc_a-findfp.o)
 .text.cleanup_stdio
                0x0200f700       0x54 C:/devkitPro/devkitARM/bin/../lib/gcc/arm-none-eabi/13.2.0/../../../../arm-none-eabi/lib\libg.a(libc_a-findfp.o)
 .text.global_stdio_init.part.0
                0x0200f754      0x158 C:/devkitPro/devkitARM/bin/../lib/gcc/arm-none-eabi/13.2.0/../../../../arm-none-eabi/lib\libg.a(libc_a-findfp.o)
 .text.__sfp    0x0200f8ac      0x138 C:/devkitPro/devkitARM/bin/../lib/gcc/arm-none-eabi/13.2.0/../../../../arm-none-eabi/lib\libg.a(libc_a-findfp.o)
                0x0200f8ac                __sfp
 .text.__sinit  0x0200f9e4       0x64 C:/devkitPro/devkitARM/bin/../lib/gcc/arm-none-eabi/13.2.0/../../../../arm-none-eabi/lib\libg.a(libc_a-findfp.o)
                0x0200f9e4                __sinit
 .text.__sfp_lock_acquire
                0x0200fa48       0x18 C:/devkitPro/devkitARM/bin/../lib/gcc/arm-none-eabi/13.2.0/../../../../arm-none-eabi/lib\libg.a(libc_a-findfp.o)
                0x0200fa48                __sfp_lock_acquire
 .text.__sfp_lock_release
                0x0200fa60       0x18 C:/devkitPro/devkitARM/bin/../lib/gcc/arm-none-eabi/13.2.0/../../../../arm-none-eabi/lib\libg.a(libc_a-findfp.o)
                0x0200fa60                __sfp_lock_release
 .text.__tz_lock
                0x0200fa78       0x18 C:/devkitPro/devkitARM/bin/../lib/gcc/arm-none-eabi/13.2.0/../../../../arm-none-eabi/lib\libg.a(libc_a-tzlock.o)
                0x0200fa78                __tz_lock
 .text.__tz_unlock
                0x0200fa90       0x18 C:/devkitPro/devkitARM/bin/../lib/gcc/arm-none-eabi/13.2.0/../../../../arm-none-eabi/lib\libg.a(libc_a-tzlock.o)
                0x0200fa90                __tz_unlock
 .text._malloc_r
                0x0200faa8      0x7a4 C:/devkitPro/devkitARM/bin/../lib/gcc/arm-none-eabi/13.2.0/../../../../arm-none-eabi/lib\libg.a(libc_a-mallocr.o)
                0x0200faa8                _malloc_r
 .text.strcasecmp
                0x0201024c       0x70 C:/devkitPro/devkitARM/bin/../lib/gcc/arm-none-eabi/13.2.0/../../../../arm-none-eabi/lib\libg.a(libc_a-strcasecmp.o)
                0x0201024c                strcasecmp
 .text._wcrtomb_r
                0x020102bc       0xac C:/devkitPro/devkitARM/bin/../lib/gcc/arm-none-eabi/13.2.0/../../../../arm-none-eabi/lib\libg.a(libc_a-wcrtomb.o)
                0x020102bc                _wcrtomb_r
 .text.wcrtomb  0x02010368       0xb4 C:/devkitPro/devkitARM/bin/../lib/gcc/arm-none-eabi/13.2.0/../../../../arm-none-eabi/lib\libg.a(libc_a-wcrtomb.o)
                0x02010368                wcrtomb
 .text._malloc_trim_r
                0x0201041c      0x100 C:/devkitPro/devkitARM/bin/../lib/gcc/arm-none-eabi/13.2.0/../../../../arm-none-eabi/lib\libg.a(libc_a-freer.o)
                0x0201041c                _malloc_trim_r
 .text._free_r  0x0201051c      0x2e8 C:/devkitPro/devkitARM/bin/../lib/gcc/arm-none-eabi/13.2.0/../../../../arm-none-eabi/lib\libg.a(libc_a-freer.o)
                0x0201051c                _free_r
 .text.towupper
                0x02010804       0x14 C:/devkitPro/devkitARM/bin/../lib/gcc/arm-none-eabi/13.2.0/../../../../arm-none-eabi/lib\libg.a(libc_a-towupper.o)
                0x02010804                towupper
 .text.fscanf   0x02010818       0x3c C:/devkitPro/devkitARM/bin/../lib/gcc/arm-none-eabi/13.2.0/../../../../arm-none-eabi/lib\libg.a(libc_a-fscanf.o)
                0x02010818                fscanf
 .text._strtol_l.part.0
                0x02010854      0x1b4 C:/devkitPro/devkitARM/bin/../lib/gcc/arm-none-eabi/13.2.0/../../../../arm-none-eabi/lib\libg.a(libc_a-strtol.o)
 .text._strtol_r
                0x02010a08       0x64 C:/devkitPro/devkitARM/bin/../lib/gcc/arm-none-eabi/13.2.0/../../../../arm-none-eabi/lib\libg.a(libc_a-strtol.o)
                0x02010a08                _strtol_r
 .text.strpbrk  0x02010a6c       0x70 C:/devkitPro/devkitARM/bin/../lib/gcc/arm-none-eabi/13.2.0/../../../../arm-none-eabi/lib\libg.a(libc_a-strpbrk.o)
                0x02010a6c                strpbrk
 .text.setvbuf  0x02010adc      0x25c C:/devkitPro/devkitARM/bin/../lib/gcc/arm-none-eabi/13.2.0/../../../../arm-none-eabi/lib\libg.a(libc_a-setvbuf.o)
                0x02010adc                setvbuf
 .text.strnlen  0x02010d38       0x48 C:/devkitPro/devkitARM/bin/../lib/gcc/arm-none-eabi/13.2.0/../../../../arm-none-eabi/lib\libg.a(libc_a-strnlen.o)
                0x02010d38                strnlen
 .text.stpcpy   0x02010d80       0x74 C:/devkitPro/devkitARM/bin/../lib/gcc/arm-none-eabi/13.2.0/../../../../arm-none-eabi/lib\libg.a(libc_a-stpcpy.o)
                0x02010d80                stpcpy
 .text.__errno  0x02010df4       0x10 C:/devkitPro/devkitARM/bin/../lib/gcc/arm-none-eabi/13.2.0/../../../../arm-none-eabi/lib\libg.a(libc_a-errno.o)
                0x02010df4                __errno
 .text.malloc   0x02010e04       0x1c C:/devkitPro/devkitARM/bin/../lib/gcc/arm-none-eabi/13.2.0/../../../../arm-none-eabi/lib\libg.a(libc_a-malloc.o)
                0x02010e04                malloc
 .text.free     0x02010e20       0x1c C:/devkitPro/devkitARM/bin/../lib/gcc/arm-none-eabi/13.2.0/../../../../arm-none-eabi/lib\libg.a(libc_a-malloc.o)
                0x02010e20                free
 .text.memcpy   0x02010e3c      0x114 C:/devkitPro/devkitARM/bin/../lib/gcc/arm-none-eabi/13.2.0/../../../../arm-none-eabi/lib\libg.a(libc_a-memcpy-stub.o)
                0x02010e3c                memcpy
 .text.printf   0x02010f50       0x34 C:/devkitPro/devkitARM/bin/../lib/gcc/arm-none-eabi/13.2.0/../../../../arm-none-eabi/lib\libg.a(libc_a-printf.o)
                0x02010f50                printf
 .text.wctob    0x02010f84       0x88 C:/devkitPro/devkitARM/bin/../lib/gcc/arm-none-eabi/13.2.0/../../../../arm-none-eabi/lib\libg.a(libc_a-wctob.o)
                0x02010f84                wctob
 .text.lseek    0x0201100c       0x3c C:/devkitPro/devkitARM/bin/../lib/gcc/arm-none-eabi/13.2.0/../../../../arm-none-eabi/lib\libg.a(libc_a-syslseek.o)
                0x0201100c                lseek
 .text._fopen_r
                0x02011048      0x138 C:/devkitPro/devkitARM/bin/../lib/gcc/arm-none-eabi/13.2.0/../../../../arm-none-eabi/lib\libg.a(libc_a-fopen.o)
                0x02011048                _fopen_r
 .text.fopen    0x02011180       0x20 C:/devkitPro/devkitARM/bin/../lib/gcc/arm-none-eabi/13.2.0/../../../../arm-none-eabi/lib\libg.a(libc_a-fopen.o)
                0x02011180                fopen
 .text.time     0x020111a0       0x50 C:/devkitPro/devkitARM/bin/../lib/gcc/arm-none-eabi/13.2.0/../../../../arm-none-eabi/lib\libg.a(libc_a-time.o)
                0x020111a0                time
 .text.open     0x020111f0       0x40 C:/devkitPro/devkitARM/bin/../lib/gcc/arm-none-eabi/13.2.0/../../../../arm-none-eabi/lib\libg.a(libc_a-sysopen.o)
                0x020111f0                open
 .text._findenv_r
                0x02011230       0xd0 C:/devkitPro/devkitARM/bin/../lib/gcc/arm-none-eabi/13.2.0/../../../../arm-none-eabi/lib\libg.a(libc_a-getenv_r.o)
                0x02011230                _findenv_r
 .text._getenv_r
                0x02011300       0x1c C:/devkitPro/devkitARM/bin/../lib/gcc/arm-none-eabi/13.2.0/../../../../arm-none-eabi/lib\libg.a(libc_a-getenv_r.o)
                0x02011300                _getenv_r
 .text.memset   0x0201131c       0xfc C:/devkitPro/devkitARM/bin/../lib/gcc/arm-none-eabi/13.2.0/../../../../arm-none-eabi/lib\libg.a(libc_a-memset.o)
                0x0201131c                memset
 .text.localtime_r
                0x02011418      0x374 C:/devkitPro/devkitARM/bin/../lib/gcc/arm-none-eabi/13.2.0/../../../../arm-none-eabi/lib\libg.a(libc_a-lcltime_r.o)
                0x02011418                localtime_r
 .text.get_arg  0x0201178c       0x54 C:/devkitPro/devkitARM/bin/../lib/gcc/arm-none-eabi/13.2.0/../../../../arm-none-eabi/lib\libg.a(libc_a-vfscanf.o)
 .text.__svfscanf_r
                0x020117e0     0x2c58 C:/devkitPro/devkitARM/bin/../lib/gcc/arm-none-eabi/13.2.0/../../../../arm-none-eabi/lib\libg.a(libc_a-vfscanf.o)
                0x020117e0                __svfscanf_r
 .text._vfscanf_r
                0x02014438       0x3c C:/devkitPro/devkitARM/bin/../lib/gcc/arm-none-eabi/13.2.0/../../../../arm-none-eabi/lib\libg.a(libc_a-vfscanf.o)
                0x02014438                _vfscanf_r
 .text.strncasecmp
                0x02014474       0x8c C:/devkitPro/devkitARM/bin/../lib/gcc/arm-none-eabi/13.2.0/../../../../arm-none-eabi/lib\libg.a(libc_a-strncasecmp.o)
                0x02014474                strncasecmp
 .text._strdup_r
                0x02014500       0x44 C:/devkitPro/devkitARM/bin/../lib/gcc/arm-none-eabi/13.2.0/../../../../arm-none-eabi/lib\libg.a(libc_a-strdup_r.o)
                0x02014500                _strdup_r
 .text._fwalk_sglue
                0x02014544       0x78 C:/devkitPro/devkitARM/bin/../lib/gcc/arm-none-eabi/13.2.0/../../../../arm-none-eabi/lib\libg.a(libc_a-fwalk.o)
                0x02014544                _fwalk_sglue
 .text.__malloc_lock
                0x020145bc       0x18 C:/devkitPro/devkitARM/bin/../lib/gcc/arm-none-eabi/13.2.0/../../../../arm-none-eabi/lib\libg.a(libc_a-mlock.o)
                0x020145bc                __malloc_lock
 .text.__malloc_unlock
                0x020145d4       0x18 C:/devkitPro/devkitARM/bin/../lib/gcc/arm-none-eabi/13.2.0/../../../../arm-none-eabi/lib\libg.a(libc_a-mlock.o)
                0x020145d4                __malloc_unlock
 .text.__tzcalc_limits
                0x020145ec      0x254 C:/devkitPro/devkitARM/bin/../lib/gcc/arm-none-eabi/13.2.0/../../../../arm-none-eabi/lib\libg.a(libc_a-tzcalc_limits.o)
                0x020145ec                __tzcalc_limits
 .text.strcpy   0x02014840       0xf0 C:/devkitPro/devkitARM/bin/../lib/gcc/arm-none-eabi/13.2.0/../../../../arm-none-eabi/lib\libg.a(libc_a-strcpy.o)
                0x02014840                strcpy
 .text._fseek_r
                0x02014930       0x20 C:/devkitPro/devkitARM/bin/../lib/gcc/arm-none-eabi/13.2.0/../../../../arm-none-eabi/lib\libg.a(libc_a-fseek.o)
                0x02014930                _fseek_r
 .text.fseek    0x02014950       0x38 C:/devkitPro/devkitARM/bin/../lib/gcc/arm-none-eabi/13.2.0/../../../../arm-none-eabi/lib\libg.a(libc_a-fseek.o)
                0x02014950                fseek
 .text.__utf8_wctomb
                0x02014988       0xf4 C:/devkitPro/devkitARM/bin/../lib/gcc/arm-none-eabi/13.2.0/../../../../arm-none-eabi/lib\libg.a(libc_a-wctomb_r.o)
                0x02014988                __utf8_wctomb
 .text.mbsrtowcs
                0x02014a7c       0x3c C:/devkitPro/devkitARM/bin/../lib/gcc/arm-none-eabi/13.2.0/../../../../arm-none-eabi/lib\libg.a(libc_a-mbsrtowcs.o)
                0x02014a7c                mbsrtowcs
 .text.strncpy  0x02014ab8       0xd0 C:/devkitPro/devkitARM/bin/../lib/gcc/arm-none-eabi/13.2.0/../../../../arm-none-eabi/lib\libg.a(libc_a-strncpy.o)
                0x02014ab8                strncpy
 .text._strtoull_l.isra.0
                0x02014b88      0x260 C:/devkitPro/devkitARM/bin/../lib/gcc/arm-none-eabi/13.2.0/../../../../arm-none-eabi/lib\libg.a(libc_a-strtoull.o)
 .text._strtoull_r
                0x02014de8       0x30 C:/devkitPro/devkitARM/bin/../lib/gcc/arm-none-eabi/13.2.0/../../../../arm-none-eabi/lib\libg.a(libc_a-strtoull.o)
                0x02014de8                _strtoull_r
 .text.towlower
                0x02014e18       0x14 C:/devkitPro/devkitARM/bin/../lib/gcc/arm-none-eabi/13.2.0/../../../../arm-none-eabi/lib\libg.a(libc_a-towlower.o)
                0x02014e18                towlower
 .text.__sflags
                0x02014e2c       0xbc C:/devkitPro/devkitARM/bin/../lib/gcc/arm-none-eabi/13.2.0/../../../../arm-none-eabi/lib\libg.a(libc_a-flags.o)
                0x02014e2c                __sflags
 .text.iprintf  0x02014ee8       0x34 C:/devkitPro/devkitARM/bin/../lib/gcc/arm-none-eabi/13.2.0/../../../../arm-none-eabi/lib\libg.a(libc_a-iprintf.o)
                0x02014ee8                iprintf
 .text._mbrtowc_r
                0x02014f1c       0xc0 C:/devkitPro/devkitARM/bin/../lib/gcc/arm-none-eabi/13.2.0/../../../../arm-none-eabi/lib\libg.a(libc_a-mbrtowc.o)
                0x02014f1c                _mbrtowc_r
 .text.mbrtowc  0x02014fdc       0xc4 C:/devkitPro/devkitARM/bin/../lib/gcc/arm-none-eabi/13.2.0/../../../../arm-none-eabi/lib\libg.a(libc_a-mbrtowc.o)
                0x02014fdc                mbrtowc
 .text.__libc_init_array
                0x020150a0       0x90 C:/devkitPro/devkitARM/bin/../lib/gcc/arm-none-eabi/13.2.0/../../../../arm-none-eabi/lib\libg.a(libc_a-init.o)
                0x020150a0                __libc_init_array
 .text.__sflush_r
                0x02015130      0x248 C:/devkitPro/devkitARM/bin/../lib/gcc/arm-none-eabi/13.2.0/../../../../arm-none-eabi/lib\libg.a(libc_a-fflush.o)
                0x02015130                __sflush_r
 .text._fflush_r
                0x02015378       0x9c C:/devkitPro/devkitARM/bin/../lib/gcc/arm-none-eabi/13.2.0/../../../../arm-none-eabi/lib\libg.a(libc_a-fflush.o)
                0x02015378                _fflush_r
 .text.nanf     0x02015414        0xc C:/devkitPro/devkitARM/bin/../lib/gcc/arm-none-eabi/13.2.0/../../../../arm-none-eabi/lib\libg.a(libm_a-sf_nan.o)
                0x02015414                nanf
 .text.__submore
                0x02015420       0xa8 C:/devkitPro/devkitARM/bin/../lib/gcc/arm-none-eabi/13.2.0/../../../../arm-none-eabi/lib\libg.a(libc_a-ungetc.o)
                0x02015420                __submore
 .text._ungetc_r
                0x020154c8      0x210 C:/devkitPro/devkitARM/bin/../lib/gcc/arm-none-eabi/13.2.0/../../../../arm-none-eabi/lib\libg.a(libc_a-ungetc.o)
                0x020154c8                _ungetc_r
 .text.__env_lock
                0x020156d8       0x18 C:/devkitPro/devkitARM/bin/../lib/gcc/arm-none-eabi/13.2.0/../../../../arm-none-eabi/lib\libg.a(libc_a-envlock.o)
                0x020156d8                __env_lock
 .text.__env_unlock
                0x020156f0       0x18 C:/devkitPro/devkitARM/bin/../lib/gcc/arm-none-eabi/13.2.0/../../../../arm-none-eabi/lib\libg.a(libc_a-envlock.o)
                0x020156f0                __env_unlock
 .text._strtoll_l.isra.0
                0x02015708      0x23c C:/devkitPro/devkitARM/bin/../lib/gcc/arm-none-eabi/13.2.0/../../../../arm-none-eabi/lib\libg.a(libc_a-strtoll.o)
 .text._strtoll_r
                0x02015944       0x30 C:/devkitPro/devkitARM/bin/../lib/gcc/arm-none-eabi/13.2.0/../../../../arm-none-eabi/lib\libg.a(libc_a-strtoll.o)
                0x02015944                _strtoll_r
 .text.sulp     0x02015974       0x64 C:/devkitPro/devkitARM/bin/../lib/gcc/arm-none-eabi/13.2.0/../../../../arm-none-eabi/lib\libg.a(libc_a-strtod.o)
 .text._strtod_l
                0x020159d8     0x1614 C:/devkitPro/devkitARM/bin/../lib/gcc/arm-none-eabi/13.2.0/../../../../arm-none-eabi/lib\libg.a(libc_a-strtod.o)
                0x020159d8                _strtod_l
 .text._strtod_r
                0x02016fec       0x3c C:/devkitPro/devkitARM/bin/../lib/gcc/arm-none-eabi/13.2.0/../../../../arm-none-eabi/lib\libg.a(libc_a-strtod.o)
                0x02016fec                _strtod_r
 .text.gmtime_r
                0x02017028      0x26c C:/devkitPro/devkitARM/bin/../lib/gcc/arm-none-eabi/13.2.0/../../../../arm-none-eabi/lib\libg.a(libc_a-gmtime_r.o)
                0x02017028                gmtime_r
 .text.sprintf  0x02017294       0x68 C:/devkitPro/devkitARM/bin/../lib/gcc/arm-none-eabi/13.2.0/../../../../arm-none-eabi/lib\libg.a(libc_a-sprintf.o)
                0x02017294                sprintf
 .text.get_arg  0x020172fc      0x654 C:/devkitPro/devkitARM/bin/../lib/gcc/arm-none-eabi/13.2.0/../../../../arm-none-eabi/lib\libg.a(libc_a-vfiprintf.o)
 .text._vfiprintf_r
                0x02017950     0x232c C:/devkitPro/devkitARM/bin/../lib/gcc/arm-none-eabi/13.2.0/../../../../arm-none-eabi/lib\libg.a(libc_a-vfiprintf.o)
                0x02017950                _vfiprintf_r
 .text.__sbprintf
                0x02019c7c       0xbc C:/devkitPro/devkitARM/bin/../lib/gcc/arm-none-eabi/13.2.0/../../../../arm-none-eabi/lib\libg.a(libc_a-vfiprintf.o)
 .text.memchr   0x02019d38       0xf0 C:/devkitPro/devkitARM/bin/../lib/gcc/arm-none-eabi/13.2.0/../../../../arm-none-eabi/lib\libg.a(libc_a-memchr-stub.o)
                0x02019d38                memchr
 .text.div      0x02019e28       0x2c C:/devkitPro/devkitARM/bin/../lib/gcc/arm-none-eabi/13.2.0/../../../../arm-none-eabi/lib\libg.a(libc_a-div.o)
                0x02019e28                div
 .text.get_arg  0x02019e54       0x54 C:/devkitPro/devkitARM/bin/../lib/gcc/arm-none-eabi/13.2.0/../../../../arm-none-eabi/lib\libg.a(libc_a-svfiscanf.o)
 .text._sungetc_r
                0x02019ea8       0xe4 C:/devkitPro/devkitARM/bin/../lib/gcc/arm-none-eabi/13.2.0/../../../../arm-none-eabi/lib\libg.a(libc_a-svfiscanf.o)
                0x02019ea8                _sungetc_r
 .text.__ssrefill_r
                0x02019f8c       0x68 C:/devkitPro/devkitARM/bin/../lib/gcc/arm-none-eabi/13.2.0/../../../../arm-none-eabi/lib\libg.a(libc_a-svfiscanf.o)
                0x02019f8c                __ssrefill_r
 .text._sfread_r
                0x02019ff4       0xc8 C:/devkitPro/devkitARM/bin/../lib/gcc/arm-none-eabi/13.2.0/../../../../arm-none-eabi/lib\libg.a(libc_a-svfiscanf.o)
                0x02019ff4                _sfread_r
 .text.__ssvfiscanf_r
                0x0201a0bc     0x22dc C:/devkitPro/devkitARM/bin/../lib/gcc/arm-none-eabi/13.2.0/../../../../arm-none-eabi/lib\libg.a(libc_a-svfiscanf.o)
                0x0201a0bc                __ssvfiscanf_r
 .text.rshift   0x0201c398       0xf8 C:/devkitPro/devkitARM/bin/../lib/gcc/arm-none-eabi/13.2.0/../../../../arm-none-eabi/lib\libg.a(libc_a-gdtoa-gethex.o)
 .text.__gethex
                0x0201c490      0x8a8 C:/devkitPro/devkitARM/bin/../lib/gcc/arm-none-eabi/13.2.0/../../../../arm-none-eabi/lib\libg.a(libc_a-gdtoa-gethex.o)
                0x0201c490                __gethex
 .text.towctrans
                0x0201cd38       0x48 C:/devkitPro/devkitARM/bin/../lib/gcc/arm-none-eabi/13.2.0/../../../../arm-none-eabi/lib\libg.a(libc_a-towctrans.o)
                0x0201cd38                towctrans
 .text._strtoul_l.isra.0
                0x0201cd80      0x1dc C:/devkitPro/devkitARM/bin/../lib/gcc/arm-none-eabi/13.2.0/../../../../arm-none-eabi/lib\libg.a(libc_a-strtoul.o)
 .text._strtoul_r
                0x0201cf5c       0x30 C:/devkitPro/devkitARM/bin/../lib/gcc/arm-none-eabi/13.2.0/../../../../arm-none-eabi/lib\libg.a(libc_a-strtoul.o)
                0x0201cf5c                _strtoul_r
 .text.strtoul  0x0201cf8c       0x34 C:/devkitPro/devkitARM/bin/../lib/gcc/arm-none-eabi/13.2.0/../../../../arm-none-eabi/lib\libg.a(libc_a-strtoul.o)
                0x0201cf8c                strtoul
 .text._fseeko_r
                0x0201cfc0      0x5a4 C:/devkitPro/devkitARM/bin/../lib/gcc/arm-none-eabi/13.2.0/../../../../arm-none-eabi/lib\libg.a(libc_a-fseeko.o)
                0x0201cfc0                _fseeko_r
 .text._tzset_unlocked
                0x0201d564       0x14 C:/devkitPro/devkitARM/bin/../lib/gcc/arm-none-eabi/13.2.0/../../../../arm-none-eabi/lib\libg.a(libc_a-tzset.o)
                0x0201d564                _tzset_unlocked
 .text.__sprint_r
                0x0201d578       0x34 C:/devkitPro/devkitARM/bin/../lib/gcc/arm-none-eabi/13.2.0/../../../../arm-none-eabi/lib\libg.a(libc_a-sprint_r.o)
                0x0201d578                __sprint_r
 .text.iswspace
                0x0201d5ac       0x14 C:/devkitPro/devkitARM/bin/../lib/gcc/arm-none-eabi/13.2.0/../../../../arm-none-eabi/lib\libg.a(libc_a-iswspace.o)
                0x0201d5ac                iswspace
 .text.__sccl   0x0201d5c0       0xe4 C:/devkitPro/devkitARM/bin/../lib/gcc/arm-none-eabi/13.2.0/../../../../arm-none-eabi/lib\libg.a(libc_a-sccl.o)
                0x0201d5c0                __sccl
 .text.__gettzinfo
                0x0201d6a4        0xc C:/devkitPro/devkitARM/bin/../lib/gcc/arm-none-eabi/13.2.0/../../../../arm-none-eabi/lib\libg.a(libc_a-gettzinfo.o)
                0x0201d6a4                __gettzinfo
 .text._localeconv_r
                0x0201d6b0       0x28 C:/devkitPro/devkitARM/bin/../lib/gcc/arm-none-eabi/13.2.0/../../../../arm-none-eabi/lib\libg.a(libc_a-localeconv.o)
                0x0201d6b0                _localeconv_r
 .text.get_arg  0x0201d6d8      0x654 C:/devkitPro/devkitARM/bin/../lib/gcc/arm-none-eabi/13.2.0/../../../../arm-none-eabi/lib\libg.a(libc_a-vfprintf.o)
 .text._vfprintf_r
                0x0201dd2c     0x35f0 C:/devkitPro/devkitARM/bin/../lib/gcc/arm-none-eabi/13.2.0/../../../../arm-none-eabi/lib\libg.a(libc_a-vfprintf.o)
                0x0201dd2c                _vfprintf_r
 .text.__sbprintf
                0x0202131c       0xbc C:/devkitPro/devkitARM/bin/../lib/gcc/arm-none-eabi/13.2.0/../../../../arm-none-eabi/lib\libg.a(libc_a-vfprintf.o)
 .text.realloc  0x020213d8       0x24 C:/devkitPro/devkitARM/bin/../lib/gcc/arm-none-eabi/13.2.0/../../../../arm-none-eabi/lib\libg.a(libc_a-realloc.o)
                0x020213d8                realloc
 .text.quorem   0x020213fc      0x1d8 C:/devkitPro/devkitARM/bin/../lib/gcc/arm-none-eabi/13.2.0/../../../../arm-none-eabi/lib\libg.a(libc_a-dtoa.o)
 *fill*         0x020215d4        0x4 ff
 .text._dtoa_r  0x020215d8     0x16cc C:/devkitPro/devkitARM/bin/../lib/gcc/arm-none-eabi/13.2.0/../../../../arm-none-eabi/lib\libg.a(libc_a-dtoa.o)
                0x020215d8                _dtoa_r
 .text.get_arg  0x02022ca4      0x654 C:/devkitPro/devkitARM/bin/../lib/gcc/arm-none-eabi/13.2.0/../../../../arm-none-eabi/lib\libg.a(libc_a-svfprintf.o)
 .text._svfprintf_r
                0x020232f8     0x3518 C:/devkitPro/devkitARM/bin/../lib/gcc/arm-none-eabi/13.2.0/../../../../arm-none-eabi/lib\libg.a(libc_a-svfprintf.o)
                0x020232f8                _svfprintf_r
 .text._mbsnrtowcs_r
                0x02026810      0x104 C:/devkitPro/devkitARM/bin/../lib/gcc/arm-none-eabi/13.2.0/../../../../arm-none-eabi/lib\libg.a(libc_a-mbsnrtowcs.o)
                0x02026810                _mbsnrtowcs_r
 .text._tzset_unlocked_r
                0x02026914      0x688 C:/devkitPro/devkitARM/bin/../lib/gcc/arm-none-eabi/13.2.0/../../../../arm-none-eabi/lib\libg.a(libc_a-tzset_r.o)
                0x02026914                _tzset_unlocked_r
 .text.stpncpy  0x02026f9c       0xe0 C:/devkitPro/devkitARM/bin/../lib/gcc/arm-none-eabi/13.2.0/../../../../arm-none-eabi/lib\libg.a(libc_a-stpncpy.o)
                0x02026f9c                stpncpy
 .text._realloc_r
                0x0202707c      0x4b8 C:/devkitPro/devkitARM/bin/../lib/gcc/arm-none-eabi/13.2.0/../../../../arm-none-eabi/lib\libg.a(libc_a-reallocr.o)
                0x0202707c                _realloc_r
 .text._wcsrtombs_r
                0x02027534       0x2c C:/devkitPro/devkitARM/bin/../lib/gcc/arm-none-eabi/13.2.0/../../../../arm-none-eabi/lib\libg.a(libc_a-wcsrtombs.o)
                0x02027534                _wcsrtombs_r
 .text.__match  0x02027560       0x54 C:/devkitPro/devkitARM/bin/../lib/gcc/arm-none-eabi/13.2.0/../../../../arm-none-eabi/lib\libg.a(libc_a-gdtoa-hexnan.o)
                0x02027560                __match
 .text.__hexnan
                0x020275b4      0x2a4 C:/devkitPro/devkitARM/bin/../lib/gcc/arm-none-eabi/13.2.0/../../../../arm-none-eabi/lib\libg.a(libc_a-gdtoa-hexnan.o)
                0x020275b4                __hexnan
 .text.__swsetup_r
                0x02027858      0x144 C:/devkitPro/devkitARM/bin/../lib/gcc/arm-none-eabi/13.2.0/../../../../arm-none-eabi/lib\libg.a(libc_a-wsetup.o)
                0x02027858                __swsetup_r
 .text.nan      0x0202799c       0x10 C:/devkitPro/devkitARM/bin/../lib/gcc/arm-none-eabi/13.2.0/../../../../arm-none-eabi/lib\libg.a(libm_a-s_nan.o)
                0x0202799c                nan
 .text.frexp    0x020279ac       0xa4 C:/devkitPro/devkitARM/bin/../lib/gcc/arm-none-eabi/13.2.0/../../../../arm-none-eabi/lib\libg.a(libm_a-s_frexp.o)
                0x020279ac                frexp
 .text.__assert_func
                0x02027a50       0x5c C:/devkitPro/devkitARM/bin/../lib/gcc/arm-none-eabi/13.2.0/../../../../arm-none-eabi/lib\libg.a(libc_a-assert.o)
                0x02027a50                __assert_func
 .text.iswspace_l
                0x02027aac       0x40 C:/devkitPro/devkitARM/bin/../lib/gcc/arm-none-eabi/13.2.0/../../../../arm-none-eabi/lib\libg.a(libc_a-iswspace_l.o)
                0x02027aac                iswspace_l
 .text._Balloc  0x02027aec       0x8c C:/devkitPro/devkitARM/bin/../lib/gcc/arm-none-eabi/13.2.0/../../../../arm-none-eabi/lib\libg.a(libc_a-mprec.o)
                0x02027aec                _Balloc
 .text._Bfree   0x02027b78       0x1c C:/devkitPro/devkitARM/bin/../lib/gcc/arm-none-eabi/13.2.0/../../../../arm-none-eabi/lib\libg.a(libc_a-mprec.o)
                0x02027b78                _Bfree
 .text.__multadd
                0x02027b94      0x100 C:/devkitPro/devkitARM/bin/../lib/gcc/arm-none-eabi/13.2.0/../../../../arm-none-eabi/lib\libg.a(libc_a-mprec.o)
                0x02027b94                __multadd
 .text.__s2b    0x02027c94      0x114 C:/devkitPro/devkitARM/bin/../lib/gcc/arm-none-eabi/13.2.0/../../../../arm-none-eabi/lib\libg.a(libc_a-mprec.o)
                0x02027c94                __s2b
 .text.__hi0bits
                0x02027da8       0x60 C:/devkitPro/devkitARM/bin/../lib/gcc/arm-none-eabi/13.2.0/../../../../arm-none-eabi/lib\libg.a(libc_a-mprec.o)
                0x02027da8                __hi0bits
 .text.__lo0bits
                0x02027e08       0xa0 C:/devkitPro/devkitARM/bin/../lib/gcc/arm-none-eabi/13.2.0/../../../../arm-none-eabi/lib\libg.a(libc_a-mprec.o)
                0x02027e08                __lo0bits
 .text.__i2b    0x02027ea8       0xac C:/devkitPro/devkitARM/bin/../lib/gcc/arm-none-eabi/13.2.0/../../../../arm-none-eabi/lib\libg.a(libc_a-mprec.o)
                0x02027ea8                __i2b
 .text.__multiply
                0x02027f54      0x218 C:/devkitPro/devkitARM/bin/../lib/gcc/arm-none-eabi/13.2.0/../../../../arm-none-eabi/lib\libg.a(libc_a-mprec.o)
                0x02027f54                __multiply
 .text.__pow5mult
                0x0202816c      0x12c C:/devkitPro/devkitARM/bin/../lib/gcc/arm-none-eabi/13.2.0/../../../../arm-none-eabi/lib\libg.a(libc_a-mprec.o)
                0x0202816c                __pow5mult
 .text.__lshift
                0x02028298      0x144 C:/devkitPro/devkitARM/bin/../lib/gcc/arm-none-eabi/13.2.0/../../../../arm-none-eabi/lib\libg.a(libc_a-mprec.o)
                0x02028298                __lshift
 .text.__mcmp   0x020283dc       0x54 C:/devkitPro/devkitARM/bin/../lib/gcc/arm-none-eabi/13.2.0/../../../../arm-none-eabi/lib\libg.a(libc_a-mprec.o)
                0x020283dc                __mcmp
 .text.__mdiff  0x02028430      0x214 C:/devkitPro/devkitARM/bin/../lib/gcc/arm-none-eabi/13.2.0/../../../../arm-none-eabi/lib\libg.a(libc_a-mprec.o)
                0x02028430                __mdiff
 .text.__ulp    0x02028644       0x64 C:/devkitPro/devkitARM/bin/../lib/gcc/arm-none-eabi/13.2.0/../../../../arm-none-eabi/lib\libg.a(libc_a-mprec.o)
                0x02028644                __ulp
 .text.__b2d    0x020286a8       0xf0 C:/devkitPro/devkitARM/bin/../lib/gcc/arm-none-eabi/13.2.0/../../../../arm-none-eabi/lib\libg.a(libc_a-mprec.o)
                0x020286a8                __b2d
 .text.__d2b    0x02028798      0x128 C:/devkitPro/devkitARM/bin/../lib/gcc/arm-none-eabi/13.2.0/../../../../arm-none-eabi/lib\libg.a(libc_a-mprec.o)
                0x02028798                __d2b
 .text.__ratio  0x020288c0       0x84 C:/devkitPro/devkitARM/bin/../lib/gcc/arm-none-eabi/13.2.0/../../../../arm-none-eabi/lib\libg.a(libc_a-mprec.o)
                0x020288c0                __ratio
 .text.__copybits
                0x02028944       0x8c C:/devkitPro/devkitARM/bin/../lib/gcc/arm-none-eabi/13.2.0/../../../../arm-none-eabi/lib\libg.a(libc_a-mprec.o)
                0x02028944                __copybits
 .text.__any_on
                0x020289d0       0x5c C:/devkitPro/devkitARM/bin/../lib/gcc/arm-none-eabi/13.2.0/../../../../arm-none-eabi/lib\libg.a(libc_a-mprec.o)
                0x020289d0                __any_on
 .text.__sfvwrite_r
                0x02028a2c      0x4c8 C:/devkitPro/devkitARM/bin/../lib/gcc/arm-none-eabi/13.2.0/../../../../arm-none-eabi/lib\libg.a(libc_a-fvwrite.o)
                0x02028a2c                __sfvwrite_r
 .text.__ssprint_r
                0x02028ef4       0xa8 C:/devkitPro/devkitARM/bin/../lib/gcc/arm-none-eabi/13.2.0/../../../../arm-none-eabi/lib\libg.a(libc_a-ssprint_r.o)
                0x02028ef4                __ssprint_r
 .text.fiprintf
                0x02028f9c       0x3c C:/devkitPro/devkitARM/bin/../lib/gcc/arm-none-eabi/13.2.0/../../../../arm-none-eabi/lib\libg.a(libc_a-fiprintf.o)
                0x02028f9c                fiprintf
 .text._wcsnrtombs_l
                0x02028fd8      0x198 C:/devkitPro/devkitARM/bin/../lib/gcc/arm-none-eabi/13.2.0/../../../../arm-none-eabi/lib\libg.a(libc_a-wcsnrtombs.o)
                0x02028fd8                _wcsnrtombs_l
 .text._wcsnrtombs_r
                0x02029170       0x68 C:/devkitPro/devkitARM/bin/../lib/gcc/arm-none-eabi/13.2.0/../../../../arm-none-eabi/lib\libg.a(libc_a-wcsnrtombs.o)
                0x02029170                _wcsnrtombs_r
 .text.towctrans_l
                0x020291d8      0x244 C:/devkitPro/devkitARM/bin/../lib/gcc/arm-none-eabi/13.2.0/../../../../arm-none-eabi/lib\libg.a(libc_a-towctrans_l.o)
                0x020291d8                towctrans_l
 .text.abort    0x0202941c       0x14 C:/devkitPro/devkitARM/bin/../lib/gcc/arm-none-eabi/13.2.0/../../../../arm-none-eabi/lib\libg.a(libc_a-abort.o)
                0x0202941c                abort
 .text.category
                0x02029430       0x98 C:/devkitPro/devkitARM/bin/../lib/gcc/arm-none-eabi/13.2.0/../../../../arm-none-eabi/lib\libg.a(libc_a-categories.o)
                0x02029430                category
 .text.__ssputs_r
                0x020294c8      0x12c C:/devkitPro/devkitARM/bin/../lib/gcc/arm-none-eabi/13.2.0/../../../../arm-none-eabi/lib\libg.a(libc_a-ssputs_r.o)
                0x020294c8                __ssputs_r
 .text._raise_r
                0x020295f4       0x94 C:/devkitPro/devkitARM/bin/../lib/gcc/arm-none-eabi/13.2.0/../../../../arm-none-eabi/lib\libg.a(libc_a-signal.o)
                0x020295f4                _raise_r
 .text.raise    0x02029688       0x18 C:/devkitPro/devkitARM/bin/../lib/gcc/arm-none-eabi/13.2.0/../../../../arm-none-eabi/lib\libg.a(libc_a-signal.o)
                0x02029688                raise
 .text._exit    0x020296a0       0x20 C:/devkitPro/devkitARM/bin/../lib/gcc/arm-none-eabi/13.2.0/../../../../arm-none-eabi/lib\libsysbase.a(libsysbase_libsysbase_a-_exit.o)
                0x020296a0                _exit
 .text.build_argv
                0x020296c0       0x90 C:/devkitPro/devkitARM/bin/../lib/gcc/arm-none-eabi/13.2.0/../../../../arm-none-eabi/lib\libsysbase.a(libsysbase_libsysbase_a-build_argv.o)
                0x020296c0                build_argv
 .text.chdir    0x02029750      0x144 C:/devkitPro/devkitARM/bin/../lib/gcc/arm-none-eabi/13.2.0/../../../../arm-none-eabi/lib\libsysbase.a(libsysbase_libsysbase_a-chdir.o)
                0x02029750                chdir
 .text.getcwd   0x02029894       0x8c C:/devkitPro/devkitARM/bin/../lib/gcc/arm-none-eabi/13.2.0/../../../../arm-none-eabi/lib\libsysbase.a(libsysbase_libsysbase_a-chdir.o)
                0x02029894                getcwd
 .text._concatenate_path
                0x02029920      0x1d4 C:/devkitPro/devkitARM/bin/../lib/gcc/arm-none-eabi/13.2.0/../../../../arm-none-eabi/lib\libsysbase.a(libsysbase_libsysbase_a-concatenate.o)
                0x02029920                _concatenate_path
 .text._fstat_r
                0x02029af4       0x7c C:/devkitPro/devkitARM/bin/../lib/gcc/arm-none-eabi/13.2.0/../../../../arm-none-eabi/lib\libsysbase.a(libsysbase_libsysbase_a-fstat.o)
                0x02029af4                _fstat_r
 .text._getpid_r
                0x02029b70       0x14 C:/devkitPro/devkitARM/bin/../lib/gcc/arm-none-eabi/13.2.0/../../../../arm-none-eabi/lib\libsysbase.a(libsysbase_libsysbase_a-getpid.o)
                0x02029b70                _getpid_r
 .text.__getreent
                0x02029b84       0x30 C:/devkitPro/devkitARM/bin/../lib/gcc/arm-none-eabi/13.2.0/../../../../arm-none-eabi/lib\libsysbase.a(libsysbase_libsysbase_a-getreent.o)
                0x02029b84                __getreent
 .text._gettimeofday_r
                0x02029bb4       0x34 C:/devkitPro/devkitARM/bin/../lib/gcc/arm-none-eabi/13.2.0/../../../../arm-none-eabi/lib\libsysbase.a(libsysbase_libsysbase_a-gettod.o)
                0x02029bb4                _gettimeofday_r
 .text.__release_handle
                0x02029be8       0x90 C:/devkitPro/devkitARM/bin/../lib/gcc/arm-none-eabi/13.2.0/../../../../arm-none-eabi/lib\libsysbase.a(libsysbase_libsysbase_a-handle_manager.o)
                0x02029be8                __release_handle
 .text.__alloc_handle
                0x02029c78       0xb4 C:/devkitPro/devkitARM/bin/../lib/gcc/arm-none-eabi/13.2.0/../../../../arm-none-eabi/lib\libsysbase.a(libsysbase_libsysbase_a-handle_manager.o)
                0x02029c78                __alloc_handle
 .text.__get_handle
                0x02029d2c       0x40 C:/devkitPro/devkitARM/bin/../lib/gcc/arm-none-eabi/13.2.0/../../../../arm-none-eabi/lib\libsysbase.a(libsysbase_libsysbase_a-handle_manager.o)
                0x02029d2c                __get_handle
 .text._close_r
                0x02029d6c       0xfc C:/devkitPro/devkitARM/bin/../lib/gcc/arm-none-eabi/13.2.0/../../../../arm-none-eabi/lib\libsysbase.a(libsysbase_libsysbase_a-handle_manager.o)
                0x02029d6c                _close_r
 .text.null_write
                0x02029e68        0x8 C:/devkitPro/devkitARM/bin/../lib/gcc/arm-none-eabi/13.2.0/../../../../arm-none-eabi/lib\libsysbase.a(libsysbase_libsysbase_a-iosupport.o)
 .text.setDefaultDevice
                0x02029e70       0x18 C:/devkitPro/devkitARM/bin/../lib/gcc/arm-none-eabi/13.2.0/../../../../arm-none-eabi/lib\libsysbase.a(libsysbase_libsysbase_a-iosupport.o)
                0x02029e70                setDefaultDevice
 .text.FindDevice
                0x02029e88       0xd4 C:/devkitPro/devkitARM/bin/../lib/gcc/arm-none-eabi/13.2.0/../../../../arm-none-eabi/lib\libsysbase.a(libsysbase_libsysbase_a-iosupport.o)
                0x02029e88                FindDevice
 .text.AddDevice
                0x02029f5c       0xa4 C:/devkitPro/devkitARM/bin/../lib/gcc/arm-none-eabi/13.2.0/../../../../arm-none-eabi/lib\libsysbase.a(libsysbase_libsysbase_a-iosupport.o)
                0x02029f5c                AddDevice
 .text.GetDeviceOpTab
                0x0202a000       0x24 C:/devkitPro/devkitARM/bin/../lib/gcc/arm-none-eabi/13.2.0/../../../../arm-none-eabi/lib\libsysbase.a(libsysbase_libsysbase_a-iosupport.o)
                0x0202a000                GetDeviceOpTab
 .text._isatty_r
                0x0202a024        0x8 C:/devkitPro/devkitARM/bin/../lib/gcc/arm-none-eabi/13.2.0/../../../../arm-none-eabi/lib\libsysbase.a(libsysbase_libsysbase_a-isatty.o)
                0x0202a024                _isatty_r
 .text._kill_r  0x0202a02c       0x14 C:/devkitPro/devkitARM/bin/../lib/gcc/arm-none-eabi/13.2.0/../../../../arm-none-eabi/lib\libsysbase.a(libsysbase_libsysbase_a-kill.o)
                0x0202a02c                _kill_r
 .text._lseek_r
                0x0202a040       0x88 C:/devkitPro/devkitARM/bin/../lib/gcc/arm-none-eabi/13.2.0/../../../../arm-none-eabi/lib\libsysbase.a(libsysbase_libsysbase_a-lseek.o)
                0x0202a040                _lseek_r
 .text._open_r  0x0202a0c8       0xc4 C:/devkitPro/devkitARM/bin/../lib/gcc/arm-none-eabi/13.2.0/../../../../arm-none-eabi/lib\libsysbase.a(libsysbase_libsysbase_a-open.o)
                0x0202a0c8                _open_r
 .text._read_r  0x0202a18c       0x84 C:/devkitPro/devkitARM/bin/../lib/gcc/arm-none-eabi/13.2.0/../../../../arm-none-eabi/lib\libsysbase.a(libsysbase_libsysbase_a-read.o)
                0x0202a18c                _read_r
 .text._sbrk_r  0x0202a210       0x7c C:/devkitPro/devkitARM/bin/../lib/gcc/arm-none-eabi/13.2.0/../../../../arm-none-eabi/lib\libsysbase.a(libsysbase_libsysbase_a-sbrk.o)
                0x0202a210                _sbrk_r
 .text.__libc_lock_acquire
                0x0202a28c       0x20 C:/devkitPro/devkitARM/bin/../lib/gcc/arm-none-eabi/13.2.0/../../../../arm-none-eabi/lib\libsysbase.a(libsysbase_libsysbase_a-syscall_support.o)
                0x0202a28c                __libc_lock_acquire
 .text.__libc_lock_release
                0x0202a2ac       0x20 C:/devkitPro/devkitARM/bin/../lib/gcc/arm-none-eabi/13.2.0/../../../../arm-none-eabi/lib\libsysbase.a(libsysbase_libsysbase_a-syscall_support.o)
                0x0202a2ac                __libc_lock_release
 .text.__libc_lock_acquire_recursive
                0x0202a2cc       0x20 C:/devkitPro/devkitARM/bin/../lib/gcc/arm-none-eabi/13.2.0/../../../../arm-none-eabi/lib\libsysbase.a(libsysbase_libsysbase_a-syscall_support.o)
                0x0202a2cc                __libc_lock_acquire_recursive
 .text.__libc_lock_release_recursive
                0x0202a2ec       0x20 C:/devkitPro/devkitARM/bin/../lib/gcc/arm-none-eabi/13.2.0/../../../../arm-none-eabi/lib\libsysbase.a(libsysbase_libsysbase_a-syscall_support.o)
                0x0202a2ec                __libc_lock_release_recursive
 .text._write_r
                0x0202a30c       0x84 C:/devkitPro/devkitARM/bin/../lib/gcc/arm-none-eabi/13.2.0/../../../../arm-none-eabi/lib\libsysbase.a(libsysbase_libsysbase_a-write.o)
                0x0202a30c                _write_r
 .text.__fixdfdi
                0x0202a390       0x50 C:/devkitPro/devkitARM/bin/../lib/gcc/arm-none-eabi/13.2.0\libgcc.a(_fixdfdi.o)
                0x0202a390                __fixdfdi
                0x0202a390                __aeabi_d2lz
 .text.__fixunsdfdi
                0x0202a3e0       0x5c C:/devkitPro/devkitARM/bin/../lib/gcc/arm-none-eabi/13.2.0\libgcc.a(_fixunsdfdi.o)
                0x0202a3e0                __fixunsdfdi
                0x0202a3e0                __aeabi_d2ulz
 *fill*         0x0202a43c        0x4 ff
 .text.__fixunsdfdi.__stub
                0x0202a440      0x27c linker stubs
 *(EXCLUDE_FILE(*.twl*) .gnu.warning)
 *(EXCLUDE_FILE(*.twl*) .gnu.linkonce.t*)
 *(.glue_7)
 .glue_7        0x0202a700        0x0 linker stubs
 *(.glue_7t)
 .glue_7t       0x0202a700        0x0 linker stubs
                0x0202a700                        . = ALIGN (0x4)

.vfp11_veneer   0x0202a700        0x0
 .vfp11_veneer  0x0202a700        0x0 linker stubs

.v4_bx          0x0202a700        0x0
 .v4_bx         0x0202a700        0x0 linker stubs

.iplt           0x0202a700        0x0
 .iplt          0x0202a700        0x0 C:/devkitPro/devkitARM/bin/../lib/gcc/arm-none-eabi/13.2.0/../../../../arm-none-eabi/lib/ds_arm9_crt0.o

.fini           0x0202a700       0x18
 *(.fini)
 .fini          0x0202a700        0xc C:/devkitPro/devkitARM/bin/../lib/gcc/arm-none-eabi/13.2.0/crti.o
                0x0202a700                _fini
 .fini          0x0202a70c        0xc C:/devkitPro/devkitARM/bin/../lib/gcc/arm-none-eabi/13.2.0/crtn.o
                0x0202a718                        __text_end = .

.rodata         0x0202a718   0x2dc7c4
 *(EXCLUDE_FILE(*.twl*) .rodata)
 *all.rodata*(*)
 *(EXCLUDE_FILE(*.twl*) .roda)
 *(EXCLUDE_FILE(*.twl*) .rodata.*)
 .rodata.soundbank_bin
                0x0202a718   0x2d630c soundbank.bin.o
                0x0202a718                soundbank_bin
                0x02300a24                soundbank_bin_end
 .rodata.str1.4
                0x02300a24      0x458 main.o
                                 0xcf (size before relaxing)
 .rodata.str1.4
                0x02300e7c       0x18 circle.o
 .rodata.str1.4
                0x02300e7c       0x86 graphics.o
 .rodata.str1.4
                0x02300e7c       0x42 input.o
 .rodata.SIN_LUT
                0x02300e7c      0x102 C:/devkitPro/libnds/lib\libnds9.a(trig.o)
                0x02300e7c                SIN_LUT
 .rodata.__sassert.str1.4
                0x02300f7e       0x42 C:/devkitPro/libnds/lib\libnds9.a(sassert.o)
 .rodata.con_write.str1.4
                0x02300f7e       0x30 C:/devkitPro/libnds/lib\libnds9.a(console.o)
 *fill*         0x02300f7e        0x2 ff
 .rodata.con_write
                0x02300f80       0xd4 C:/devkitPro/libnds/lib\libnds9.a(console.o)
 .rodata.consoleClear.str1.4
                0x02301054        0x5 C:/devkitPro/libnds/lib\libnds9.a(console.o)
 .rodata.str1.4
                0x02301054       0x14 C:/devkitPro/libnds/lib\libnds9.a(console.o)
 .rodata.dotab_stdout
                0x02301054       0x70 C:/devkitPro/libnds/lib\libnds9.a(console.o)
 .rodata.default_font_bin
                0x023010c4     0x2000 C:/devkitPro/libnds/lib\libnds9.a(default_font.bin.o)
                0x023010c4                default_font_bin
                0x023030c4                default_font_bin_end
 .rodata.nitroFSInit.str1.4
                0x023030c4        0x8 C:/devkitPro/libnds/lib\libfilesystem.a(nitrofs.o)
 .rodata.str1.4
                0x023030c4        0xe C:/devkitPro/libnds/lib\libfilesystem.a(nitrofs.o)
 .rodata.fatMount.part.0.str1.4
                0x023030c4        0x2 C:/devkitPro/libnds/lib\libfat.a(libfat.o)
 .rodata.fatInit.str1.4
                0x023030c4        0x3 C:/devkitPro/libnds/lib\libfat.a(libfat.o)
 .rodata.str1.4
                0x023030c4        0x4 C:/devkitPro/libnds/lib\libfat.a(libfat.o)
 .rodata.dotab_fat
                0x023030c4       0x70 C:/devkitPro/libnds/lib\libfat.a(libfat.o)
 .rodata.str1.4
                0x02303134        0x8 C:/devkitPro/libnds/lib\libfat.a(disc.o)
 .rodata._FAT_disc_interfaces
                0x02303134       0x18 C:/devkitPro/libnds/lib\libfat.a(disc.o)
                0x02303134                _FAT_disc_interfaces
 .rodata._FAT_directory_entryFromPath.str1.4
                0x0230314c        0x7 C:/devkitPro/libnds/lib\libfat.a(directory.o)
 .rodata.ILLEGAL_ALIAS_CHARACTERS
                0x0230314c       0x12 C:/devkitPro/libnds/lib\libfat.a(directory.o)
 *fill*         0x0230315e        0x2 ff
 .rodata.ILLEGAL_LFN_CHARACTERS
                0x02303160        0xa C:/devkitPro/libnds/lib\libfat.a(directory.o)
 *fill*         0x0230316a        0x2 ff
 .rodata.LFN_offset_table
                0x0230316c       0x34 C:/devkitPro/libnds/lib\libfat.a(directory.o)
 .rodata.FAT_SIG
                0x023031a0        0x3 C:/devkitPro/libnds/lib\libfat.a(partition.o)
 *fill*         0x023031a3        0x1 ff
 .rodata.FS_TWL_SIG
                0x023031a4        0x8 C:/devkitPro/libnds/lib\libfat.a(partition.o)
 .rodata.str1.4
                0x023031ac       0x4c C:/devkitPro/devkitARM/bin/../lib/gcc/arm-none-eabi/13.2.0/../../../../arm-none-eabi/lib\libg.a(libc_a-locale.o)
 .rodata._DAYS_BEFORE_MONTH
                0x023031ac       0x30 C:/devkitPro/devkitARM/bin/../lib/gcc/arm-none-eabi/13.2.0/../../../../arm-none-eabi/lib\libg.a(libc_a-mktime.o)
 .rodata.DAYS_IN_MONTH
                0x023031dc       0x30 C:/devkitPro/devkitARM/bin/../lib/gcc/arm-none-eabi/13.2.0/../../../../arm-none-eabi/lib\libg.a(libc_a-mktime.o)
 .rodata._ctype_
                0x0230320c      0x101 C:/devkitPro/devkitARM/bin/../lib/gcc/arm-none-eabi/13.2.0/../../../../arm-none-eabi/lib\libg.a(libc_a-ctype_.o)
                0x0230320c                _ctype_
 .rodata.__svfscanf_r.str1.1
                0x0230330d       0x40 C:/devkitPro/devkitARM/bin/../lib/gcc/arm-none-eabi/13.2.0/../../../../arm-none-eabi/lib\libg.a(libc_a-vfscanf.o)
                                  0x6 (size before relaxing)
 *fill*         0x0230334d        0x3 ff
 .rodata.basefix.0
                0x02303350       0x22 C:/devkitPro/devkitARM/bin/../lib/gcc/arm-none-eabi/13.2.0/../../../../arm-none-eabi/lib\libg.a(libc_a-vfscanf.o)
 .rodata.str1.4
                0x02303372        0x4 C:/devkitPro/devkitARM/bin/../lib/gcc/arm-none-eabi/13.2.0/../../../../arm-none-eabi/lib\libg.a(libc_a-tzvars.o)
 .rodata._mbrtowc_r.str1.4
                0x02303372        0x1 C:/devkitPro/devkitARM/bin/../lib/gcc/arm-none-eabi/13.2.0/../../../../arm-none-eabi/lib\libg.a(libc_a-mbrtowc.o)
 .rodata._strtod_l.str1.4
                0x02303372       0x15 C:/devkitPro/devkitARM/bin/../lib/gcc/arm-none-eabi/13.2.0/../../../../arm-none-eabi/lib\libg.a(libc_a-strtod.o)
 *fill*         0x02303372        0x2 ff
 .rodata.fpinan.0
                0x02303374       0x14 C:/devkitPro/devkitARM/bin/../lib/gcc/arm-none-eabi/13.2.0/../../../../arm-none-eabi/lib\libg.a(libc_a-strtod.o)
 .rodata.fpi.1  0x02303388       0x14 C:/devkitPro/devkitARM/bin/../lib/gcc/arm-none-eabi/13.2.0/../../../../arm-none-eabi/lib\libg.a(libc_a-strtod.o)
 *fill*         0x0230339c        0x4 ff
 .rodata.tinytens
                0x023033a0       0x28 C:/devkitPro/devkitARM/bin/../lib/gcc/arm-none-eabi/13.2.0/../../../../arm-none-eabi/lib\libg.a(libc_a-strtod.o)
 .rodata._vfiprintf_r.str1.1
                0x023033c8       0x29 C:/devkitPro/devkitARM/bin/../lib/gcc/arm-none-eabi/13.2.0/../../../../arm-none-eabi/lib\libg.a(libc_a-vfiprintf.o)
 .rodata.zeroes.0
                0x023033c8       0x10 C:/devkitPro/devkitARM/bin/../lib/gcc/arm-none-eabi/13.2.0/../../../../arm-none-eabi/lib\libg.a(libc_a-vfiprintf.o)
 .rodata.blanks.1
                0x023033d8       0x10 C:/devkitPro/devkitARM/bin/../lib/gcc/arm-none-eabi/13.2.0/../../../../arm-none-eabi/lib\libg.a(libc_a-vfiprintf.o)
 .rodata.basefix.0
                0x023033e8       0x22 C:/devkitPro/devkitARM/bin/../lib/gcc/arm-none-eabi/13.2.0/../../../../arm-none-eabi/lib\libg.a(libc_a-svfiscanf.o)
 .rodata.__gethex.str1.4
                0x0230340a       0x5c C:/devkitPro/devkitARM/bin/../lib/gcc/arm-none-eabi/13.2.0/../../../../arm-none-eabi/lib\libg.a(libc_a-gdtoa-gethex.o)
 *fill*         0x0230340a        0x2 ff
 .rodata.__hexdig
                0x0230340c      0x100 C:/devkitPro/devkitARM/bin/../lib/gcc/arm-none-eabi/13.2.0/../../../../arm-none-eabi/lib\libg.a(libc_a-gdtoa-gethex.o)
                0x0230340c                __hexdig
 .rodata.__month_lengths
                0x0230350c       0x60 C:/devkitPro/devkitARM/bin/../lib/gcc/arm-none-eabi/13.2.0/../../../../arm-none-eabi/lib\libg.a(libc_a-month_lengths.o)
                0x0230350c                __month_lengths
 .rodata._vfprintf_r.str1.1
                0x0230356c       0x3b C:/devkitPro/devkitARM/bin/../lib/gcc/arm-none-eabi/13.2.0/../../../../arm-none-eabi/lib\libg.a(libc_a-vfprintf.o)
 .rodata.zeroes.0
                0x0230356c       0x10 C:/devkitPro/devkitARM/bin/../lib/gcc/arm-none-eabi/13.2.0/../../../../arm-none-eabi/lib\libg.a(libc_a-vfprintf.o)
 .rodata.blanks.1
                0x0230357c       0x10 C:/devkitPro/devkitARM/bin/../lib/gcc/arm-none-eabi/13.2.0/../../../../arm-none-eabi/lib\libg.a(libc_a-vfprintf.o)
 .rodata._dtoa_r.str1.4
                0x0230358c       0x64 C:/devkitPro/devkitARM/bin/../lib/gcc/arm-none-eabi/13.2.0/../../../../arm-none-eabi/lib\libg.a(libc_a-dtoa.o)
 .rodata._svfprintf_r.str1.1
                0x0230358c       0x3b C:/devkitPro/devkitARM/bin/../lib/gcc/arm-none-eabi/13.2.0/../../../../arm-none-eabi/lib\libg.a(libc_a-svfprintf.o)
 .rodata.zeroes.0
                0x0230358c       0x10 C:/devkitPro/devkitARM/bin/../lib/gcc/arm-none-eabi/13.2.0/../../../../arm-none-eabi/lib\libg.a(libc_a-svfprintf.o)
 .rodata.blanks.1
                0x0230359c       0x10 C:/devkitPro/devkitARM/bin/../lib/gcc/arm-none-eabi/13.2.0/../../../../arm-none-eabi/lib\libg.a(libc_a-svfprintf.o)
 .rodata._tzset_unlocked_r.str1.4
                0x023035ac       0x6b C:/devkitPro/devkitARM/bin/../lib/gcc/arm-none-eabi/13.2.0/../../../../arm-none-eabi/lib\libg.a(libc_a-tzset_r.o)
 .rodata.__action_table
                0x023035ac       0x6c C:/devkitPro/devkitARM/bin/../lib/gcc/arm-none-eabi/13.2.0/../../../../arm-none-eabi/lib\libg.a(libc_a-svfiprintf.o)
                0x023035ac                __action_table
 .rodata.__state_table
                0x02303618       0x6c C:/devkitPro/devkitARM/bin/../lib/gcc/arm-none-eabi/13.2.0/../../../../arm-none-eabi/lib\libg.a(libc_a-svfiprintf.o)
                0x02303618                __state_table
 .rodata.__chclass
                0x02303684      0x100 C:/devkitPro/devkitARM/bin/../lib/gcc/arm-none-eabi/13.2.0/../../../../arm-none-eabi/lib\libg.a(libc_a-svfiprintf.o)
                0x02303684                __chclass
 .rodata.__assert_func.str1.4
                0x02303784       0x43 C:/devkitPro/devkitARM/bin/../lib/gcc/arm-none-eabi/13.2.0/../../../../arm-none-eabi/lib\libg.a(libc_a-assert.o)
 .rodata.__multadd.str1.4
                0x02303784       0x51 C:/devkitPro/devkitARM/bin/../lib/gcc/arm-none-eabi/13.2.0/../../../../arm-none-eabi/lib\libg.a(libc_a-mprec.o)
 .rodata.p05.0  0x02303784        0xc C:/devkitPro/devkitARM/bin/../lib/gcc/arm-none-eabi/13.2.0/../../../../arm-none-eabi/lib\libg.a(libc_a-mprec.o)
 .rodata.__mprec_bigtens
                0x02303790       0x28 C:/devkitPro/devkitARM/bin/../lib/gcc/arm-none-eabi/13.2.0/../../../../arm-none-eabi/lib\libg.a(libc_a-mprec.o)
                0x02303790                __mprec_bigtens
 .rodata.__mprec_tens
                0x023037b8       0xc8 C:/devkitPro/devkitARM/bin/../lib/gcc/arm-none-eabi/13.2.0/../../../../arm-none-eabi/lib\libg.a(libc_a-mprec.o)
                0x023037b8                __mprec_tens
 .rodata.categories
                0x02303880     0x35dc C:/devkitPro/devkitARM/bin/../lib/gcc/arm-none-eabi/13.2.0/../../../../arm-none-eabi/lib\libg.a(libc_a-categories.o)
 .rodata.AddDevice.str1.4
                0x02306e5c        0x8 C:/devkitPro/devkitARM/bin/../lib/gcc/arm-none-eabi/13.2.0/../../../../arm-none-eabi/lib\libsysbase.a(libsysbase_libsysbase_a-iosupport.o)
 .rodata.dotab_stdnull
                0x02306e5c       0x80 C:/devkitPro/devkitARM/bin/../lib/gcc/arm-none-eabi/13.2.0/../../../../arm-none-eabi/lib\libsysbase.a(libsysbase_libsysbase_a-iosupport.o)
                0x02306e5c                dotab_stdnull
 *(EXCLUDE_FILE(*.twl*) .gnu.linkonce.r*)
                0x02306edc                        . = ALIGN (0x4)

.ARM.extab
 *(.ARM.extab* .gnu.linkonce.armextab.*)
                0x02306edc                        __exidx_start = .

ARM.exidx
 *(.ARM.exidx* .gnu.linkonce.armexidx.*)
                0x02306edc                        __exidx_end = .
                0x02306edc                        . = ALIGN (0x4)
                0x02306edc                        PROVIDE (__preinit_array_start = .)

.preinit_array
 *(.preinit_array)
                0x02306edc                        PROVIDE (__preinit_array_end = .)
                0x02306edc                        PROVIDE (__init_array_start = .)

.init_array     0x02306edc        0x4
 *(SORT_BY_NAME(.init_array.*))
 *(.init_array)
 .init_array    0x02306edc        0x4 C:/devkitPro/devkitARM/bin/../lib/gcc/arm-none-eabi/13.2.0/crtbegin.o
                0x02306ee0                        PROVIDE (__init_array_end = .)
                [!provide]                        PROVIDE (__fini_array_start = .)

.fini_array     0x02306ee0        0x4
 *(.fini_array)
 .fini_array    0x02306ee0        0x4 C:/devkitPro/devkitARM/bin/../lib/gcc/arm-none-eabi/13.2.0/crtbegin.o
 *(SORT_BY_NAME(.fini_array.*))
                [!provide]                        PROVIDE (__fini_array_end = .)

.ctors          0x02306ee4        0x0
 *crtbegin.o(.ctors)
 *(EXCLUDE_FILE(*crtend.o) .ctors)
 *(SORT_BY_NAME(.ctors.*))
 *(.ctors)
                0x02306ee4                        . = ALIGN (0x4)

.dtors          0x02306ee4        0x0
 *crtbegin.o(.dtors)
 *(EXCLUDE_FILE(*crtend.o) .dtors)
 *(SORT_BY_NAME(.dtors.*))
 *(.dtors)
                0x02306ee4                        . = ALIGN (0x4)

.eh_frame       0x02306ee4        0x4
 *(.eh_frame)
 .eh_frame      0x02306ee4        0x0 C:/devkitPro/devkitARM/bin/../lib/gcc/arm-none-eabi/13.2.0/crtbegin.o
 .eh_frame      0x02306ee4        0x4 C:/devkitPro/devkitARM/bin/../lib/gcc/arm-none-eabi/13.2.0/crtend.o
                0x02306ee8                        . = ALIGN (0x4)

.gcc_except_table