Archive member included to satisfy reference by file (symbol)

C:/devkitPro/libnds/lib\libmm9.a(mm_comms.o)
                              audio.o (mmEffectEx)
C:/devkitPro/libnds/lib\libmm9.a(mm_memory.o)
                              audio.o (mmLoadEffect)
C:/devkitPro/libnds/lib\libmm9.a(mm_main9.o)
                              C:/devkitPro/libnds/lib\libmm9.a(mm_memory.o) (mmcbMemory)
C:/devkitPro/libnds/lib\libmm9.a(mm_soundbank.o)
                              C:/devkitPro/libnds/lib\libmm9.a(mm_main9.o) (mmSoundBankInMemory)
C:/devkitPro/libnds/lib\libmm9.a(mm_flusher.o)
                              C:/devkitPro/libnds/lib\libmm9.a(mm_memory.o) (mmFlushBank)
C:/devkitPro/libnds/lib\libfat.a(libfat.o)
                              main.o (fatInitDefault)
C:/devkitPro/libnds/lib\libfat.a(disc.o)
                              C:/devkitPro/libnds/lib\libfat.a(libfat.o) (_FAT_disc_interfaces)
C:/devkitPro/libnds/lib\libfat.a(fatfile.o)
                              C:/devkitPro/libnds/lib\libfat.a(libfat.o) (_FAT_open_r)
C:/devkitPro/libnds/lib\libfat.a(cache.o)
                              C:/devkitPro/libnds/lib\libfat.a(fatfile.o) (_FAT_cache_readSectors)
C:/devkitPro/libnds/lib\libfat.a(fatdir.o)
                              C:/devkitPro/libnds/lib\libfat.a(libfat.o) (_FAT_stat_r)
C:/devkitPro/libnds/lib\libfat.a(directory.o)
                              C:/devkitPro/libnds/lib\libfat.a(fatfile.o) (_FAT_directory_entryGetCluster)
C:/devkitPro/libnds/lib\libfat.a(partition.o)
                              C:/devkitPro/libnds/lib\libfat.a(libfat.o) (_FAT_partition_destructor)
C:/devkitPro/libnds/lib\libfat.a(lock.o)
                              C:/devkitPro/libnds/lib\libfat.a(partition.o) (_FAT_lock_init)
C:/devkitPro/libnds/lib\libfat.a(filetime.o)
                              C:/devkitPro/libnds/lib\libfat.a(fatfile.o) (_FAT_filetime_getTimeFromRTC)
C:/devkitPro/libnds/lib\libfat.a(file_allocation_table.o)
                              C:/devkitPro/libnds/lib\libfat.a(fatfile.o) (_FAT_fat_nextCluster)
C:/devkitPro/libnds/lib\libnds9.a(background.o)
                              graphics.o (bgState)
C:/devkitPro/libnds/lib\libnds9.a(trig.o)
                              C:/devkitPro/libnds/lib\libnds9.a(background.o) (sinLerp)
C:/devkitPro/libnds/lib\libnds9.a(touch.o)
                              input.o (touchRead)
C:/devkitPro/libnds/lib\libnds9.a(sassert.o)
                              graphics.o (__sassert)
C:/devkitPro/libnds/lib\libnds9.a(system.o)
                              graphics.o (powerOn)
C:/devkitPro/libnds/lib\libnds9.a(console.o)
                              graphics.o (consoleInit)
C:/devkitPro/libnds/lib\libnds9.a(sound.o)
                              audio.o (soundEnable)
C:/devkitPro/libnds/lib\libnds9.a(keys.o)
                              input.o (scanKeys)
C:/devkitPro/libnds/lib\libnds9.a(dldi.o)
                              C:/devkitPro/libnds/lib\libfat.a(disc.o) (dldiGetInternal)
C:/devkitPro/libnds/lib\libnds9.a(initSystem.o)
                              C:/devkitPro/devkitARM/bin/../lib/gcc/arm-none-eabi/13.2.0/../../../../arm-none-eabi/lib/ds_arm9_crt0.o (initSystem)
C:/devkitPro/libnds/lib\libnds9.a(securearea.o)
                              C:/devkitPro/devkitARM/bin/../lib/gcc/arm-none-eabi/13.2.0/../../../../arm-none-eabi/lib/ds_arm9_crt0.o (__secure_area__)
C:/devkitPro/libnds/lib\libnds9.a(interrupts.o)
                              C:/devkitPro/libnds/lib\libnds9.a(initSystem.o) (irqInit)
C:/devkitPro/libnds/lib\libnds9.a(libnds_exit.arm.o)
                              C:/devkitPro/devkitARM/bin/../lib/gcc/arm-none-eabi/13.2.0/../../../../arm-none-eabi/lib/ds_arm9_crt0.o (__libnds_exit)
C:/devkitPro/libnds/lib\libnds9.a(fifosystem.o)
                              C:/devkitPro/libnds/lib\libmm9.a(mm_comms.o) (fifoSetValue32Handler)
C:/devkitPro/libnds/lib\libnds9.a(dldi_stub.o)
                              C:/devkitPro/libnds/lib\libnds9.a(dldi.o) (_io_dldi_stub)
C:/devkitPro/libnds/lib\libnds9.a(mpu_setup.o)
                              C:/devkitPro/devkitARM/bin/../lib/gcc/arm-none-eabi/13.2.0/../../../../arm-none-eabi/lib/ds_arm9_crt0.o (__libnds_mpu_setup)
C:/devkitPro/libnds/lib\libnds9.a(IntrWait.o)
                              main.o (swiWaitForVBlank)
C:/devkitPro/libnds/lib\libnds9.a(cpu_clock.o)
                              C:/devkitPro/libnds/lib\libnds9.a(initSystem.o) (setCpuClock)
C:/devkitPro/libnds/lib\libnds9.a(interruptDispatcher.o)
                              C:/devkitPro/libnds/lib\libnds9.a(interrupts.o) (IntrMain)
C:/devkitPro/libnds/lib\libnds9.a(biosCalls.o)
                              C:/devkitPro/libnds/lib\libnds9.a(system.o) (swiDelay)
C:/devkitPro/libnds/lib\libnds9.a(debugprint.o)
                              C:/devkitPro/libnds/lib\libnds9.a(console.o) (nocashWrite)
C:/devkitPro/libnds/lib\libnds9.a(swiSoftReset.o)
[...]
Memory Configuration

Name             Origin             Length             Attributes
ewram            0x02000000         0x00380000
dtcm             0x02ff0000         0x00004000
vectors          0x01000000         0x00000100
itcm             0x01000100         0x00007f00
*default*        0x00000000         0xffffffff

Linker script and memory map

                0x02380000                        __ewram_end = (ORIGIN (ewram) + LENGTH (ewram))
                0x02380000                        __eheap_end = (ORIGIN (ewram) + LENGTH (ewram))
                0x02ff4000                        __dtcm_top = (ORIGIN (dtcm) + LENGTH (dtcm))
                0x02ff3ff8                        __irq_flags = (__dtcm_top - 0x8)
                0x02ff3ffc                        __irq_vector = (__dtcm_top - 0x4)
                0x02ff3f00                        __sp_svc = (__dtcm_top - 0x100)
                0x02ff3e00                        __sp_irq = (__sp_svc - 0x100)
                0x02ff3d00                        __sp_usr = (__sp_irq - 0x100)

.secure         0x02000000      0x800
 *(.secure)
 .secure        0x02000000      0x800 C:/devkitPro/libnds/lib\libnds9.a(securearea.o)
                0x02000000                __secure_area__

.crt0           0x02000800      0x300
                0x02000800                        __text_start = .
 *(.crt0)
 .crt0          0x02000800      0x300 C:/devkitPro/devkitARM/bin/../lib/gcc/arm-none-eabi/13.2.0/../../../../arm-none-eabi/lib/ds_arm9_crt0.o
                0x02000800                _start
                0x02000b00                        . = ALIGN (0x4)

.plt
 *(.plt)

.init           0x02000b00       0x18
 *(SORT_NONE(.init))
 .init          0x02000b00        0xc C:/devkitPro/devkitARM/bin/../lib/gcc/arm-none-eabi/13.2.0/crti.o
                0x02000b00                _init
 .init          0x02000b0c        0xc C:/devkitPro/devkitARM/bin/../lib/gcc/arm-none-eabi/13.2.0/crtn.o

.text           0x02000b40    0x28f90
 *(EXCLUDE_FILE(*.twl* *.vectors* *.itcm*) .text)
 .text          0x02000b40      0x284 circle.o
                0x02000b40                initCircle
                0x02000bcc                repositionCircle
                0x02000c44                activateCircle
                0x02000d18                deactivateCircle
 .text          0x02000dc4      0x350 graphics.o
                0x02000dc4                setupTopScreen
                0x02000e68                setupBottomScreen
                0x02000f70                getBackgroundLayer
                0x02000f80                initGraphics
                0x02000f9c                clearScreen
                0x02001044                drawCircle
 .text          0x02001114       0xd4 data_loader.o
                0x02001114                loadBeatsFromFile
 .text          0x020011e8       0xb0 game.o
                0x020011e8                updateGameLoop
 .text          0x02001298       0xc8 audio.o
                0x02001298                initAudio
                0x020012f4                playHitSoundEffect
 .text          0x02001360      0x244 input.o
                0x02001360                checkTouch
                0x02001430                touchMissed
                0x0200145c                updateTouchInput
                0x020014ac                updateButtonInput
                0x02001550                updateInput
 .text          0x020015a4       0x20 read_keys.o
                0x020015a4                read_keys_asm
 .text          0x020015c4      0x24c C:/devkitPro/libnds/lib\libmm9.a(mm_comms.o)
                0x020015c4                mmSetupComms
                0x02001616                mmSendBank
                0x02001620                mmLockChannels
                0x02001626                mmUnlockChannels
                0x0200162c                mmStart
                0x02001636                mmPause
                0x0200163a                mmResume
                0x0200163e                mmStop
                0x02001642                mmPosition
                0x02001646                mmJingle
                0x0200164a                mmSetModuleVolume
                0x0200164e                mmSetJingleVolume
                0x02001652                mmSetModuleTempo
                0x02001656                mmSetModulePitch
                0x0200165a                mmSetEffectsVolume
                0x0200165e                mmSelectMode
                0x02001662                mmStreamBegin
                0x02001676                mmStreamEnd
                0x020016cc                mmEffect
                0x020016f0                mmEffectVolume
                0x020016f4                mmEffectPanning
                0x020016f8                mmEffectRate
                0x02001702                mmEffectScaleRate
                0x0200170c                mmEffectRelease
                0x02001712                mmEffectCancel
                0x02001718                mmEffectEx
                0x02001756                mmEffectCancelAll
                0x0200175a                mmReverbEnable
                0x0200175e                mmReverbDisable
                0x02001762                mmReverbConfigure
                0x020017be                mmReverbStart
                0x020017c2                mmReverbStop
 .text          0x02001810      0x120 C:/devkitPro/libnds/lib\libmm9.a(mm_memory.o)
                0x02001810                mmLoad
                0x02001860                mmUnload
                0x020018b8                mmLoadEffect
                0x020018f0                mmUnloadEffect
 .text          0x02001930      0x108 C:/devkitPro/libnds/lib\libmm9.a(mm_main9.o)
                0x02001930                mmActive
                0x02001936                mmSetEventHandler
                0x0200193c                mmInit
                0x02001966                mmInitDefault
                0x020019b0                mmInitDefaultMem
                0x020019d2                mmSuspendIRQ_t
                0x020019f0                mmRestoreIRQ_t
 .text          0x02001a38      0x100 C:/devkitPro/libnds/lib\libmm9.a(mm_soundbank.o)
                0x02001a38                mmSoundBankInMemory
                0x02001a40                mmSoundBankInFiles
                0x02001a52                mmSetCustomSoundBankHandler
                0x02001a7e                mmsHandleFileOp
 .text          0x02001b38       0x3c C:/devkitPro/libnds/lib\libmm9.a(mm_flusher.o)
                0x02001b38                mmFlushBank
 *fill*         0x02001b74        0xc ff
 .text          0x02001b80     0x4000 C:/devkitPro/libnds/lib\libnds9.a(dldi_stub.o)
                0x02001b80                _io_dldi_stub
 .text          0x02005b80      0x114 C:/devkitPro/devkitARM/bin/../lib/gcc/arm-none-eabi/13.2.0\libgcc.a(_udivsi3.o)
                0x02005b80                __aeabi_uidiv
                0x02005b80                __udivsi3
                0x02005c74                __aeabi_uidivmod
 .text          0x02005c94      0x148 C:/devkitPro/devkitARM/bin/../lib/gcc/arm-none-eabi/13.2.0\libgcc.a(_divsi3.o)
                0x02005c94                __divsi3
                0x02005c94                __aeabi_idiv
                0x02005dbc                __aeabi_idivmod
 .text          0x02005ddc        0x4 C:/devkitPro/devkitARM/bin/../lib/gcc/arm-none-eabi/13.2.0\libgcc.a(_dvmd_tls.o)
                0x02005ddc                __aeabi_idiv0
                0x02005ddc                __aeabi_ldiv0
 .text          0x02005de0       0xd4 C:/devkitPro/devkitARM/bin/../lib/gcc/arm-none-eabi/13.2.0\libgcc.a(_aeabi_ldivmod.o)
                0x02005de0                __aeabi_ldivmod
 .text          0x02005eb4       0x28 C:/devkitPro/devkitARM/bin/../lib/gcc/arm-none-eabi/13.2.0\libgcc.a(_clzdi2.o)
                0x02005eb4                __clzdi2
 .text          0x02005edc       0x48 C:/devkitPro/devkitARM/bin/../lib/gcc/arm-none-eabi/13.2.0\libgcc.a(_clzsi2.o)
                0x02005edc                __clzsi2
 .text          0x02005f24      0x224 C:/devkitPro/devkitARM/bin/../lib/gcc/arm-none-eabi/13.2.0/../../../../arm-none-eabi/lib\libg.a(libc_a-strcmp.o)
                0x02005f24                strcmp
 .text          0x02006148      0x424 C:/devkitPro/devkitARM/bin/../lib/gcc/arm-none-eabi/13.2.0\libgcc.a(_arm_addsubdf3.o)
                0x02006148                __aeabi_drsub
                0x02006150                __aeabi_dsub
                0x02006150                __subdf3
                0x02006154                __aeabi_dadd
                0x02006154                __adddf3
                0x02006464                __floatunsidf
                0x02006464                __aeabi_ui2d
                0x02006488                __floatsidf
                0x02006488                __aeabi_i2d
                0x020064b0                __aeabi_f2d
                0x020064b0                __extendsfdf2
                0x020064f8                __floatundidf
                0x020064f8                __aeabi_ul2d
                0x0200650c                __floatdidf
                0x0200650c                __aeabi_l2d
 .text          0x0200656c      0x49c C:/devkitPro/devkitARM/bin/../lib/gcc/arm-none-eabi/13.2.0\libgcc.a(_arm_muldivdf3.o)
                0x0200656c                __aeabi_dmul
                0x0200656c                __muldf3
                0x020067fc                __divdf3
                0x020067fc                __aeabi_ddiv
 .text          0x02006a08      0x144 C:/devkitPro/devkitARM/bin/../lib/gcc/arm-none-eabi/13.2.0\libgcc.a(_arm_cmpdf2.o)
                0x02006a08                __gtdf2
                0x02006a08                __gedf2
                0x02006a10                __ltdf2
                0x02006a10                __ledf2
                0x02006a18                __nedf2
                0x02006a18                __eqdf2
                0x02006a18                __cmpdf2
                0x02006aa0                __aeabi_cdrcmple
                0x02006abc                __aeabi_cdcmpeq
                0x02006abc                __aeabi_cdcmple
                0x02006ad4                __aeabi_dcmpeq
                0x02006aec                __aeabi_dcmplt
                0x02006b04                __aeabi_dcmple
                0x02006b1c                __aeabi_dcmpge
                0x02006b34                __aeabi_dcmpgt
 .text          0x02006b4c       0x38 C:/devkitPro/devkitARM/bin/../lib/gcc/arm-none-eabi/13.2.0\libgcc.a(_arm_unorddf2.o)
                0x02006b4c                __unorddf2
                0x02006b4c                __aeabi_dcmpun
 .text          0x02006b84       0x5c C:/devkitPro/devkitARM/bin/../lib/gcc/arm-none-eabi/13.2.0\libgcc.a(_arm_fixdfsi.o)
                0x02006b84                __aeabi_d2iz
                0x02006b84                __fixdfsi
 .text          0x02006be0       0x54 C:/devkitPro/devkitARM/bin/../lib/gcc/arm-none-eabi/13.2.0\libgcc.a(_arm_fixunsdfsi.o)
                0x02006be0                __aeabi_d2uiz
                0x02006be0                __fixunsdfsi
 .text          0x02006c34       0xa0 C:/devkitPro/devkitARM/bin/../lib/gcc/arm-none-eabi/13.2.0\libgcc.a(_arm_truncdfsf2.o)
                0x02006c34                __truncdfsf2
                0x02006c34                __aeabi_d2f
 .text          0x02006cd4       0x3c C:/devkitPro/devkitARM/bin/../lib/gcc/arm-none-eabi/13.2.0\libgcc.a(_aeabi_uldivmod.o)
                0x02006cd4                __aeabi_uldivmod
 *(EXCLUDE_FILE(*.twl* *.vectors* *.itcm*) .stub)
 *(EXCLUDE_FILE(*.twl* *.vectors* *.itcm*) .text.*)
 .text.__do_global_dtors_aux
                0x02006d10       0x40 C:/devkitPro/devkitARM/bin/../lib/gcc/arm-none-eabi/13.2.0/crtbegin.o
 .text.frame_dummy
                0x02006d50       0x30 C:/devkitPro/devkitARM/bin/../lib/gcc/arm-none-eabi/13.2.0/crtbegin.o
 .text.startup  0x02006d80       0xa0 main.o
                0x02006d80                main
 .text.fatMount.part.0
                0x02006e20       0xa0 C:/devkitPro/libnds/lib\libfat.a(libfat.o)
 .text.fatMount
                0x02006ec0       0x3c C:/devkitPro/libnds/lib\libfat.a(libfat.o)
                0x02006ec0                fatMount
 .text.fatInit  0x02006efc      0x130 C:/devkitPro/libnds/lib\libfat.a(libfat.o)
                0x02006efc                fatInit
 .text.fatInitDefault
                0x0200702c        0xc C:/devkitPro/libnds/lib\libfat.a(libfat.o)
                0x0200702c                fatInitDefault
 .text._FAT_check_position_for_next_cluster.part.0
                0x02007038       0x68 C:/devkitPro/libnds/lib\libfat.a(fatfile.o)
 .text._FAT_syncToDisc.part.0
                0x020070a0       0xd4 C:/devkitPro/libnds/lib\libfat.a(fatfile.o)
 .text._FAT_file_extend_r
                0x02007174      0x208 C:/devkitPro/libnds/lib\libfat.a(fatfile.o)
 .text._FAT_open_r
                0x0200737c      0x2d4 C:/devkitPro/libnds/lib\libfat.a(fatfile.o)
                0x0200737c                _FAT_open_r
 .text._FAT_close_r
                0x02007650       0x74 C:/devkitPro/libnds/lib\libfat.a(fatfile.o)
                0x02007650                _FAT_close_r
 .text._FAT_read_r
                0x020076c4      0x398 C:/devkitPro/libnds/lib\libfat.a(fatfile.o)
                0x020076c4                _FAT_read_r
 .text._FAT_write_r
                0x02007a5c      0x53c C:/devkitPro/libnds/lib\libfat.a(fatfile.o)
                0x02007a5c                _FAT_write_r
 .text._FAT_seek_r
                0x02007f98      0x194 C:/devkitPro/libnds/lib\libfat.a(fatfile.o)
                0x02007f98                _FAT_seek_r
 .text._FAT_fstat_r
                0x0200812c       0x8c C:/devkitPro/libnds/lib\libfat.a(fatfile.o)
                0x0200812c                _FAT_fstat_r
 .text._FAT_ftruncate_r
                0x020081b8      0x16c C:/devkitPro/libnds/lib\libfat.a(fatfile.o)
                0x020081b8                _FAT_ftruncate_r
 .text._FAT_fsync_r
                0x02008324       0x44 C:/devkitPro/libnds/lib\libfat.a(fatfile.o)
                0x02008324                _FAT_fsync_r
 .text._FAT_cache_getPage
                0x02008368       0xf0 C:/devkitPro/libnds/lib\libfat.a(cache.o)
 .text._FAT_cache_constructor
                0x02008458       0x90 C:/devkitPro/libnds/lib\libfat.a(cache.o)
                0x02008458                _FAT_cache_constructor
 .text._FAT_cache_readSectors
                0x020084e8       0x60 C:/devkitPro/libnds/lib\libfat.a(cache.o)
                0x020084e8                _FAT_cache_readSectors
 .text._FAT_cache_readPartialSector
                0x02008548       0x3c C:/devkitPro/libnds/lib\libfat.a(cache.o)
                0x02008548                _FAT_cache_readPartialSector
 .text._FAT_cache_readLittleEndianValue
                0x02008584       0x70 C:/devkitPro/libnds/lib\libfat.a(cache.o)
                0x02008584                _FAT_cache_readLittleEndianValue
 .text._FAT_cache_writePartialSector
                0x020085f4       0x4c C:/devkitPro/libnds/lib\libfat.a(cache.o)
                0x020085f4                _FAT_cache_writePartialSector
 .text._FAT_cache_writeLittleEndianValue
                0x02008640       0x8c C:/devkitPro/libnds/lib\libfat.a(cache.o)
                0x02008640                _FAT_cache_writeLittleEndianValue
 .text._FAT_cache_eraseWritePartialSector
                0x020086cc       0x60 C:/devkitPro/libnds/lib\libfat.a(cache.o)
                0x020086cc                _FAT_cache_eraseWritePartialSector
 .text._FAT_cache_writeSectors
                0x0200872c       0x80 C:/devkitPro/libnds/lib\libfat.a(cache.o)
                0x0200872c                _FAT_cache_writeSectors
 .text._FAT_cache_flush
                0x020087ac       0x40 C:/devkitPro/libnds/lib\libfat.a(cache.o)
                0x020087ac                _FAT_cache_flush
 .text._FAT_stat_r
                0x020087ec       0x90 C:/devkitPro/libnds/lib\libfat.a(fatdir.o)
                0x020087ec                _FAT_stat_r
 .text._FAT_link_r
                0x0200887c        0xc C:/devkitPro/libnds/lib\libfat.a(fatdir.o)
                0x0200887c                _FAT_link_r
 .text._FAT_unlink_r
                0x02008888      0x184 C:/devkitPro/libnds/lib\libfat.a(fatdir.o)
                0x02008888                _FAT_unlink_r
 .text._FAT_chdir_r
                0x02008a0c       0x70 C:/devkitPro/libnds/lib\libfat.a(fatdir.o)
                0x02008a0c                _FAT_chdir_r
 .text._FAT_rename_r
                0x02008a7c      0x1c4 C:/devkitPro/libnds/lib\libfat.a(fatdir.o)
                0x02008a7c                _FAT_rename_r
 .text._FAT_mkdir_r
                0x02008c40      0x244 C:/devkitPro/libnds/lib\libfat.a(fatdir.o)
                0x02008c40                _FAT_mkdir_r
 .text._FAT_statvfs_r
                0x02008e84       0x78 C:/devkitPro/libnds/lib\libfat.a(fatdir.o)
                0x02008e84                _FAT_statvfs_r
 .text._FAT_diropen_r
                0x02008efc       0xb0 C:/devkitPro/libnds/lib\libfat.a(fatdir.o)
                0x02008efc                _FAT_diropen_r
 .text._FAT_dirreset_r
                0x02008fac       0x4c C:/devkitPro/libnds/lib\libfat.a(fatdir.o)
                0x02008fac                _FAT_dirreset_r
 .text._FAT_dirnext_r
                0x02008ff8       0x7c C:/devkitPro/libnds/lib\libfat.a(fatdir.o)
                0x02008ff8                _FAT_dirnext_r
 .text._FAT_dirclose_r
                0x02009074       0x20 C:/devkitPro/libnds/lib\libfat.a(fatdir.o)
                0x02009074                _FAT_dirclose_r
 .text._FAT_directory_entryGetAlias
                0x02009094       0xc8 C:/devkitPro/libnds/lib\libfat.a(directory.o)
 .text._FAT_directory_incrementDirEntryPosition
                0x0200915c       0x80 C:/devkitPro/libnds/lib\libfat.a(directory.o)
 .text._FAT_directory_mbsncasecmp
                0x020091dc       0xa8 C:/devkitPro/libnds/lib\libfat.a(directory.o)
 .text._FAT_directory_ucs2tombs.constprop.0
                0x02009284       0x90 C:/devkitPro/libnds/lib\libfat.a(directory.o)
 .text._FAT_directory_entryGetCluster
                0x02009314       0x20 C:/devkitPro/libnds/lib\libfat.a(directory.o)
                0x02009314                _FAT_directory_entryGetCluster
 .text._FAT_directory_getNextEntry
                0x02009334      0x23c C:/devkitPro/libnds/lib\libfat.a(directory.o)
                0x02009334                _FAT_directory_getNextEntry
 .text._FAT_directory_entryExists
                0x02009570       0x80 C:/devkitPro/libnds/lib\libfat.a(directory.o)
 .text._FAT_directory_getFirstEntry
                0x020095f0       0x20 C:/devkitPro/libnds/lib\libfat.a(directory.o)
                0x020095f0                _FAT_directory_getFirstEntry
 .text._FAT_directory_getRootEntry
                0x02009610       0x60 C:/devkitPro/libnds/lib\libfat.a(directory.o)
                0x02009610                _FAT_directory_getRootEntry
 .text._FAT_directory_entryFromPosition
                0x02009670      0x150 C:/devkitPro/libnds/lib\libfat.a(directory.o)
                0x02009670                _FAT_directory_entryFromPosition
 .text._FAT_directory_entryFromPath
                0x020097c0      0x248 C:/devkitPro/libnds/lib\libfat.a(directory.o)
                0x020097c0                _FAT_directory_entryFromPath
 .text._FAT_directory_removeEntry
                0x02009a08       0xd8 C:/devkitPro/libnds/lib\libfat.a(directory.o)
                0x02009a08                _FAT_directory_removeEntry
 .text._FAT_directory_addEntry
                0x02009ae0      0x808 C:/devkitPro/libnds/lib\libfat.a(directory.o)
                0x02009ae0                _FAT_directory_addEntry
 .text._FAT_directory_chdir
                0x0200a2e8       0x3c C:/devkitPro/libnds/lib\libfat.a(directory.o)
                0x0200a2e8                _FAT_directory_chdir
 .text._FAT_directory_entryStat
                0x0200a324       0xe4 C:/devkitPro/libnds/lib\libfat.a(directory.o)
                0x0200a324                _FAT_directory_entryStat
 .text.isValidMBR
                0x0200a408       0x5c C:/devkitPro/libnds/lib\libfat.a(partition.o)
 .text._FAT_updateFS_INFO
                0x0200a464       0x54 C:/devkitPro/libnds/lib\libfat.a(partition.o)
 .text.FindFirstValidPartition_buf.part.0
                0x0200a4b8      0x11c C:/devkitPro/libnds/lib\libfat.a(partition.o)
 .text._FAT_partition_getPartitionFromPath
                0x0200a5d4       0x10 C:/devkitPro/libnds/lib\libfat.a(partition.o)
                0x0200a5d4                _FAT_partition_getPartitionFromPath
 .text._FAT_partition_createFSinfo
                0x0200a5e4       0x50 C:/devkitPro/libnds/lib\libfat.a(partition.o)
                0x0200a5e4                _FAT_partition_createFSinfo
 .text._FAT_partition_readFSinfo.part.0
                0x0200a634       0x74 C:/devkitPro/libnds/lib\libfat.a(partition.o)
 .text._FAT_partition_constructor_buf
                0x0200a6a8      0x2e8 C:/devkitPro/libnds/lib\libfat.a(partition.o)
                0x0200a6a8                _FAT_partition_constructor_buf
 .text._FAT_partition_constructor
                0x0200a990       0x40 C:/devkitPro/libnds/lib\libfat.a(partition.o)
                0x0200a990                _FAT_partition_constructor
 .text._FAT_partition_readFSinfo
                0x0200a9d0       0x10 C:/devkitPro/libnds/lib\libfat.a(partition.o)
                0x0200a9d0                _FAT_partition_readFSinfo
 .text._FAT_lock_init
                0x0200a9e0        0x4 C:/devkitPro/libnds/lib\libfat.a(lock.o)
                0x0200a9e0                _FAT_lock_init
 .text._FAT_lock
                0x0200a9e4        0x4 C:/devkitPro/libnds/lib\libfat.a(lock.o)
                0x0200a9e4                _FAT_lock
 .text._FAT_unlock
                0x0200a9e8        0x4 C:/devkitPro/libnds/lib\libfat.a(lock.o)
                0x0200a9e8                _FAT_unlock
 .text._FAT_filetime_getTimeFromRTC
                0x0200a9ec       0x44 C:/devkitPro/libnds/lib\libfat.a(filetime.o)
                0x0200a9ec                _FAT_filetime_getTimeFromRTC
 .text._FAT_filetime_getDateFromRTC
                0x0200aa30       0x44 C:/devkitPro/libnds/lib\libfat.a(filetime.o)
                0x0200aa30                _FAT_filetime_getDateFromRTC
 .text._FAT_filetime_to_time_t
                0x0200aa74       0x38 C:/devkitPro/libnds/lib\libfat.a(filetime.o)
                0x0200aa74                _FAT_filetime_to_time_t
 .text._FAT_fat_writeFatEntry.part.0.isra.0
                0x0200aaac      0x12c C:/devkitPro/libnds/lib\libfat.a(file_allocation_table.o)
 .text._FAT_fat_nextCluster
                0x0200abd8      0x108 C:/devkitPro/libnds/lib\libfat.a(file_allocation_table.o)
                0x0200abd8                _FAT_fat_nextCluster
 .text._FAT_fat_linkFreeCluster
                0x0200ace0       0xac C:/devkitPro/libnds/lib\libfat.a(file_allocation_table.o)
                0x0200ace0                _FAT_fat_linkFreeCluster
 .text._FAT_fat_linkFreeClusterCleared
                0x0200ad8c       0x68 C:/devkitPro/libnds/lib\libfat.a(file_allocation_table.o)
                0x0200ad8c                _FAT_fat_linkFreeClusterCleared
 .text._FAT_fat_clearLinks
                0x0200adf4       0x7c C:/devkitPro/libnds/lib\libfat.a(file_allocation_table.o)
                0x0200adf4                _FAT_fat_clearLinks
 .text._FAT_fat_trimChain
                0x0200ae70       0x80 C:/devkitPro/libnds/lib\libfat.a(file_allocation_table.o)
                0x0200ae70                _FAT_fat_trimChain
 .text._FAT_fat_lastCluster
                0x0200aef0       0x34 C:/devkitPro/libnds/lib\libfat.a(file_allocation_table.o)
                0x0200aef0                _FAT_fat_lastCluster
 .text._FAT_fat_freeClusterCount
                0x0200af24       0x2c C:/devkitPro/libnds/lib\libfat.a(file_allocation_table.o)
                0x0200af24                _FAT_fat_freeClusterCount
 .text.checkIfText
                0x0200af50       0x5c C:/devkitPro/libnds/lib\libnds9.a(background.o)
                0x0200af50                checkIfText
 .text.bgUpdate
                0x0200afac       0xf4 C:/devkitPro/libnds/lib\libnds9.a(background.o)
                0x0200afac                bgUpdate
 .text.bgInit_call
                0x0200b0a0       0xc4 C:/devkitPro/libnds/lib\libnds9.a(background.o)
                0x0200b0a0                bgInit_call
 .text.bgInitSub_call
                0x0200b164       0xcc C:/devkitPro/libnds/lib\libnds9.a(background.o)
                0x0200b164                bgInitSub_call
 .text.sinLutLookup
                0x0200b230       0x4c C:/devkitPro/libnds/lib\libnds9.a(trig.o)
                0x0200b230                sinLutLookup
 .text.sinLerp  0x0200b27c       0x40 C:/devkitPro/libnds/lib\libnds9.a(trig.o)
                0x0200b27c                sinLerp
 .text.cosLerp  0x0200b2bc       0x4c C:/devkitPro/libnds/lib\libnds9.a(trig.o)
                0x0200b2bc                cosLerp
 .text.touchRead
                0x0200b308       0x24 C:/devkitPro/libnds/lib\libnds9.a(touch.o)
                0x0200b308                touchRead
 .text.__sassert
                0x0200b32c       0x38 C:/devkitPro/libnds/lib\libnds9.a(sassert.o)
                0x0200b32c                __sassert
 .text.systemValueHandler
                0x0200b364       0x48 C:/devkitPro/libnds/lib\libnds9.a(system.o)
                0x0200b364                systemValueHandler
 .text.systemMsgHandler
                0x0200b3ac       0x60 C:/devkitPro/libnds/lib\libnds9.a(system.o)
                0x0200b3ac                systemMsgHandler
 .text.powerOn  0x0200b40c       0x2c C:/devkitPro/libnds/lib\libnds9.a(system.o)
                0x0200b40c                powerOn
 .text.newRow   0x0200b438       0xa8 C:/devkitPro/libnds/lib\libnds9.a(console.o)
 .text.consolePrintChar
                0x0200b4e0       0xe0 C:/devkitPro/libnds/lib\libnds9.a(console.o)
                0x0200b4e0                consolePrintChar
 .text.con_write
                0x0200b5c0      0x36c C:/devkitPro/libnds/lib\libnds9.a(console.o)
                0x0200b5c0                con_write
 .text.consoleLoadFont
                0x0200b92c      0x2a0 C:/devkitPro/libnds/lib\libnds9.a(console.o)
                0x0200b92c                consoleLoadFont
 .text.consoleInit
                0x0200bbcc      0x18c C:/devkitPro/libnds/lib\libnds9.a(console.o)
                0x0200bbcc                consoleInit
 .text.consoleDemoInit
                0x0200bd58       0x40 C:/devkitPro/libnds/lib\libnds9.a(console.o)
                0x0200bd58                consoleDemoInit
 .text.consoleClear
                0x0200bd98       0x10 C:/devkitPro/libnds/lib\libnds9.a(console.o)
                0x0200bd98                consoleClear
 .text.soundEnable
                0x0200bda8       0x10 C:/devkitPro/libnds/lib\libnds9.a(sound.o)
                0x0200bda8                soundEnable
 .text.scanKeys
                0x0200bdb8       0x8c C:/devkitPro/libnds/lib\libnds9.a(keys.o)
                0x0200bdb8                scanKeys
 .text.keysHeld
                0x0200be44        0xc C:/devkitPro/libnds/lib\libnds9.a(keys.o)
                0x0200be44                keysHeld
 .text.dldiGetInternal
                0x0200be50       0x34 C:/devkitPro/libnds/lib\libnds9.a(dldi.o)
                0x0200be50                dldiGetInternal
 .text.get_io_dsisd
                0x0200be84       0x24 C:/devkitPro/libnds/lib\libnds9.a(dldi.o)
                0x0200be84                get_io_dsisd
 .text.__syscall_gettod_r
                0x0200bea8       0x28 C:/devkitPro/libnds/lib\libnds9.a(initSystem.o)
                0x0200bea8                __syscall_gettod_r
 .text.__syscall_exit
                0x0200bed0        0x8 C:/devkitPro/libnds/lib\libnds9.a(initSystem.o)
                0x0200bed0                __syscall_exit
 .text.initSystem
                0x0200bed8      0x180 C:/devkitPro/libnds/lib\libnds9.a(initSystem.o)
                0x0200bed8                initSystem
 .text.irqDummy
                0x0200c058        0x4 C:/devkitPro/libnds/lib\libnds9.a(interrupts.o)
                0x0200c058                irqDummy
 .text.irqSet   0x0200c05c       0x6c C:/devkitPro/libnds/lib\libnds9.a(interrupts.o)
                0x0200c05c                irqSet
 .text.irqInit  0x0200c0c8       0x50 C:/devkitPro/libnds/lib\libnds9.a(interrupts.o)
                0x0200c0c8                irqInit
 .text.irqEnable
                0x0200c118       0x64 C:/devkitPro/libnds/lib\libnds9.a(interrupts.o)
                0x0200c118                irqEnable
 .text.systemErrorExit
                0x0200c17c        0x4 C:/devkitPro/libnds/lib\libnds9.a(libnds_exit.arm.o)
                0x0200c17c                systemErrorExit
 .text.__libnds_exit
                0x0200c180       0x5c C:/devkitPro/libnds/lib\libnds9.a(libnds_exit.arm.o)
                0x0200c180                __libnds_exit
 .text.fifo_queueBlock
                0x0200c1dc       0x44 C:/devkitPro/libnds/lib\libnds9.a(fifosystem.o)
 .text.fifo_waitBlock
                0x0200c220       0x80 C:/devkitPro/libnds/lib\libnds9.a(fifosystem.o)
 .text.fifoInternalSend.part.0
                0x0200c2a0       0xd4 C:/devkitPro/libnds/lib\libnds9.a(fifosystem.o)
 .text.fifoInternalSendInterrupt
                0x0200c374       0xb0 C:/devkitPro/libnds/lib\libnds9.a(fifosystem.o)
 .text.fifoSetValue32Handler
                0x0200c424       0xd4 C:/devkitPro/libnds/lib\libnds9.a(fifosystem.o)
                0x0200c424                fifoSetValue32Handler
 .text.fifoSendValue32
                0x0200c4f8       0x4c C:/devkitPro/libnds/lib\libnds9.a(fifosystem.o)
                0x0200c4f8                fifoSendValue32
 .text.fifoSendDatamsg
                0x0200c544       0x90 C:/devkitPro/libnds/lib\libnds9.a(fifosystem.o)
                0x0200c544                fifoSendDatamsg
 .text.fifoGetValue32
                0x0200c5d4       0x70 C:/devkitPro/libnds/lib\libnds9.a(fifosystem.o)
                0x0200c5d4                fifoGetValue32
 .text.fifoGetDatamsg
                0x0200c644       0xf4 C:/devkitPro/libnds/lib\libnds9.a(fifosystem.o)
                0x0200c644                fifoGetDatamsg
 .text.fifoInternalRecvInterrupt
                0x0200c738      0x37c C:/devkitPro/libnds/lib\libnds9.a(fifosystem.o)
 .text.fifoSetDatamsgHandler
                0x0200cab4       0x9c C:/devkitPro/libnds/lib\libnds9.a(fifosystem.o)
                0x0200cab4                fifoSetDatamsgHandler
 .text.fifoCheckValue32
                0x0200cb50       0x24 C:/devkitPro/libnds/lib\libnds9.a(fifosystem.o)
                0x0200cb50                fifoCheckValue32
 .text.fifoInit
                0x0200cb74      0x108 C:/devkitPro/libnds/lib\libnds9.a(fifosystem.o)
                0x0200cb74                fifoInit
 .text.__libnds_mpu_setup
                0x0200cc7c      0x174 C:/devkitPro/libnds/lib\libnds9.a(mpu_setup.o)
                0x0200cc7c                __libnds_mpu_setup
 .text.memUncached
                0x0200cdf0       0x20 C:/devkitPro/libnds/lib\libnds9.a(mpu_setup.o)
                0x0200cdf0                memUncached
 .text.swiWaitForVBlank
                0x0200ce10        0x8 C:/devkitPro/libnds/lib\libnds9.a(IntrWait.o)
                0x0200ce10                swiWaitForVBlank
 .text.swiIntrWait
                0x0200ce18       0x70 C:/devkitPro/libnds/lib\libnds9.a(IntrWait.o)
                0x0200ce18                swiIntrWait
 .text.setCpuClock
                0x0200ce88       0x50 C:/devkitPro/libnds/lib\libnds9.a(cpu_clock.o)
                0x0200ce88                setCpuClock
 .text.swiDelay
                0x0200ced8        0x4 C:/devkitPro/libnds/lib\libnds9.a(biosCalls.o)
                0x0200ced8                swiDelay
 .text.swiSoftReset
                0x0200cedc       0x2c C:/devkitPro/libnds/lib\libnds9.a(swiSoftReset.o)
                0x0200cedc                swiSoftReset
 .text.vramDefault
                0x0200cf08       0xd0 C:/devkitPro/libnds/lib\libnds9.a(video.o)
                0x0200cf08                vramDefault
 .text.DC_FlushRange
                0x0200cfd8       0x24 C:/devkitPro/libnds/lib\libnds9.a(dcache.o)
                0x0200cfd8                DC_FlushRange
 .text.__muldi3
                0x0200cffc       0x18 C:/devkitPro/devkitARM/bin/../lib/gcc/arm-none-eabi/13.2.0\libgcc.a(_muldi3.o)
                0x0200cffc                __muldi3
                0x0200cffc                __aeabi_lmul
 .text.__udivmoddi4
                0x0200d014      0x128 C:/devkitPro/devkitARM/bin/../lib/gcc/arm-none-eabi/13.2.0\libgcc.a(_udivmoddi4.o)
                0x0200d014                __udivmoddi4
 .text.strncmp  0x0200d13c       0xec C:/devkitPro/devkitARM/bin/../lib/gcc/arm-none-eabi/13.2.0/../../../../arm-none-eabi/lib\libg.a(libc_a-strncmp.o)
                0x0200d13c                strncmp
 .text.strchr   0x0200d228      0x13c C:/devkitPro/devkitARM/bin/../lib/gcc/arm-none-eabi/13.2.0/../../../../arm-none-eabi/lib\libg.a(libc_a-strchr.o)
                0x0200d228                strchr
 .text.rand     0x0200d364       0x48 C:/devkitPro/devkitARM/bin/../lib/gcc/arm-none-eabi/13.2.0/../../../../arm-none-eabi/lib\libg.a(libc_a-rand.o)
                0x0200d364                rand
 .text.strlen   0x0200d3ac       0x60 C:/devkitPro/devkitARM/bin/../lib/gcc/arm-none-eabi/13.2.0/../../../../arm-none-eabi/lib\libg.a(libc_a-strlen-stub.o)
                0x0200d3ac                strlen
 .text.memmove  0x0200d40c      0x154 C:/devkitPro/devkitARM/bin/../lib/gcc/arm-none-eabi/13.2.0/../../../../arm-none-eabi/lib\libg.a(libc_a-memmove.o)
                0x0200d40c                memmove
 .text.__locale_mb_cur_max
                0x0200d560       0x28 C:/devkitPro/devkitARM/bin/../lib/gcc/arm-none-eabi/13.2.0/../../../../arm-none-eabi/lib\libg.a(libc_a-locale.o)
                0x0200d560                __locale_mb_cur_max
 .text.memcmp   0x0200d588       0xe0 C:/devkitPro/devkitARM/bin/../lib/gcc/arm-none-eabi/13.2.0/../../../../arm-none-eabi/lib\libg.a(libc_a-memcmp.o)
                0x0200d588                memcmp
 .text.__utf8_mbtowc
                0x0200d668      0x308 C:/devkitPro/devkitARM/bin/../lib/gcc/arm-none-eabi/13.2.0/../../../../arm-none-eabi/lib\libg.a(libc_a-mbtowc_r.o)
                0x0200d668                __utf8_mbtowc
 .text._fread_r
                0x0200d970      0x33c C:/devkitPro/devkitARM/bin/../lib/gcc/arm-none-eabi/13.2.0/../../../../arm-none-eabi/lib\libg.a(libc_a-fread.o)
                0x0200d970                _fread_r
 .text.fread    0x0200dcac       0x3c C:/devkitPro/devkitARM/bin/../lib/gcc/arm-none-eabi/13.2.0/../../../../arm-none-eabi/lib\libg.a(libc_a-fread.o)
                0x0200dcac                fread
 .text.calloc   0x0200dce8       0x24 C:/devkitPro/devkitARM/bin/../lib/gcc/arm-none-eabi/13.2.0/../../../../arm-none-eabi/lib\libg.a(libc_a-calloc.o)
                0x0200dce8                calloc
 .text.siscanf  0x0200dd0c       0x78 C:/devkitPro/devkitARM/bin/../lib/gcc/arm-none-eabi/13.2.0/../../../../arm-none-eabi/lib\libg.a(libc_a-siscanf.o)
                0x0200dd0c                siscanf
 .text.__sread  0x0200dd84       0x4c C:/devkitPro/devkitARM/bin/../lib/gcc/arm-none-eabi/13.2.0/../../../../arm-none-eabi/lib\libg.a(libc_a-stdio.o)
                0x0200dd84                __sread
 .text.__seofread
                0x0200ddd0        0x8 C:/devkitPro/devkitARM/bin/../lib/gcc/arm-none-eabi/13.2.0/../../../../arm-none-eabi/lib\libg.a(libc_a-stdio.o)
                0x0200ddd0                __seofread
 .text.__swrite
                0x0200ddd8       0x6c C:/devkitPro/devkitARM/bin/../lib/gcc/arm-none-eabi/13.2.0/../../../../arm-none-eabi/lib\libg.a(libc_a-stdio.o)
                0x0200ddd8                __swrite
 .text.__sseek  0x0200de44       0x48 C:/devkitPro/devkitARM/bin/../lib/gcc/arm-none-eabi/13.2.0/../../../../arm-none-eabi/lib\libg.a(libc_a-stdio.o)
                0x0200de44                __sseek
 .text.__sclose
                0x0200de8c       0x14 C:/devkitPro/devkitARM/bin/../lib/gcc/arm-none-eabi/13.2.0/../../../../arm-none-eabi/lib\libg.a(libc_a-stdio.o)
                0x0200de8c                __sclose
 .text.strrchr  0x0200dea0       0x58 C:/devkitPro/devkitARM/bin/../lib/gcc/arm-none-eabi/13.2.0/../../../../arm-none-eabi/lib\libg.a(libc_a-strrchr.o)
                0x0200dea0                strrchr
 .text.viprintf
                0x0200def8       0x28 C:/devkitPro/devkitARM/bin/../lib/gcc/arm-none-eabi/13.2.0/../../../../arm-none-eabi/lib\libg.a(libc_a-viprintf.o)
                0x0200def8                viprintf
 .text.lflush   0x0200df20       0x3c C:/devkitPro/devkitARM/bin/../lib/gcc/arm-none-eabi/13.2.0/../../../../arm-none-eabi/lib\libg.a(libc_a-refill.o)
 .text.__srefill_r
                0x0200df5c      0x19c C:/devkitPro/devkitARM/bin/../lib/gcc/arm-none-eabi/13.2.0/../../../../arm-none-eabi/lib\libg.a(libc_a-refill.o)
                0x0200df5c                __srefill_r
 .text._fclose_r
                0x0200e0f8      0x150 C:/devkitPro/devkitARM/bin/../lib/gcc/arm-none-eabi/13.2.0/../../../../arm-none-eabi/lib\libg.a(libc_a-fclose.o)
                0x0200e0f8                _fclose_r
 .text.fclose   0x0200e248       0x18 C:/devkitPro/devkitARM/bin/../lib/gcc/arm-none-eabi/13.2.0/../../../../arm-none-eabi/lib\libg.a(libc_a-fclose.o)
                0x0200e248                fclose
 .text._calloc_r
                0x0200e260       0xd0 C:/devkitPro/devkitARM/bin/../lib/gcc/arm-none-eabi/13.2.0/../../../../arm-none-eabi/lib\libg.a(libc_a-callocr.o)
                0x0200e260                _calloc_r
 .text.__smakebuf_r
                0x0200e330      0x138 C:/devkitPro/devkitARM/bin/../lib/gcc/arm-none-eabi/13.2.0/../../../../arm-none-eabi/lib\libg.a(libc_a-makebuf.o)
                0x0200e330                __smakebuf_r
 .text.__swhatbuf_r
                0x0200e468       0x80 C:/devkitPro/devkitARM/bin/../lib/gcc/arm-none-eabi/13.2.0/../../../../arm-none-eabi/lib\libg.a(libc_a-makebuf.o)
                0x0200e468                __swhatbuf_r
 .text.validate_structure
                0x0200e4e8      0x2e0 C:/devkitPro/devkitARM/bin/../lib/gcc/arm-none-eabi/13.2.0/../../../../arm-none-eabi/lib\libg.a(libc_a-mktime.o)
 .text.mktime   0x0200e7c8      0x4cc C:/devkitPro/devkitARM/bin/../lib/gcc/arm-none-eabi/13.2.0/../../../../arm-none-eabi/lib\libg.a(libc_a-mktime.o)
                0x0200e7c8                mktime
 .text.stdio_exit_handler
                0x0200ec94       0x28 C:/devkitPro/devkitARM/bin/../lib/gcc/arm-none-eabi/13.2.0/../../../../arm-none-eabi/lib\libg.a(libc_a-findfp.o)
 .text.cleanup_stdio
                0x0200ecbc       0x54 C:/devkitPro/devkitARM/bin/../lib/gcc/arm-none-eabi/13.2.0/../../../../arm-none-eabi/lib\libg.a(libc_a-findfp.o)
 .text.global_stdio_init.part.0
                0x0200ed10      0x158 C:/devkitPro/devkitARM/bin/../lib/gcc/arm-none-eabi/13.2.0/../../../../arm-none-eabi/lib\libg.a(libc_a-findfp.o)
 .text.__sfp    0x0200ee68      0x138 C:/devkitPro/devkitARM/bin/../lib/gcc/arm-none-eabi/13.2.0/../../../../arm-none-eabi/lib\libg.a(libc_a-findfp.o)
                0x0200ee68                __sfp
 .text.__sinit  0x0200efa0       0x64 C:/devkitPro/devkitARM/bin/../lib/gcc/arm-none-eabi/13.2.0/../../../../arm-none-eabi/lib\libg.a(libc_a-findfp.o)
                0x0200efa0                __sinit
 .text.__sfp_lock_acquire
                0x0200f004       0x18 C:/devkitPro/devkitARM/bin/../lib/gcc/arm-none-eabi/13.2.0/../../../../arm-none-eabi/lib\libg.a(libc_a-findfp.o)
                0x0200f004                __sfp_lock_acquire
 .text.__sfp_lock_release
                0x0200f01c       0x18 C:/devkitPro/devkitARM/bin/../lib/gcc/arm-none-eabi/13.2.0/../../../../arm-none-eabi/lib\libg.a(libc_a-findfp.o)
                0x0200f01c                __sfp_lock_release
 .text.__tz_lock
                0x0200f034       0x18 C:/devkitPro/devkitARM/bin/../lib/gcc/arm-none-eabi/13.2.0/../../../../arm-none-eabi/lib\libg.a(libc_a-tzlock.o)
                0x0200f034                __tz_lock
 .text.__tz_unlock
                0x0200f04c       0x18 C:/devkitPro/devkitARM/bin/../lib/gcc/arm-none-eabi/13.2.0/../../../../arm-none-eabi/lib\libg.a(libc_a-tzlock.o)
                0x0200f04c                __tz_unlock
 .text._malloc_r
                0x0200f064      0x7a4 C:/devkitPro/devkitARM/bin/../lib/gcc/arm-none-eabi/13.2.0/../../../../arm-none-eabi/lib\libg.a(libc_a-mallocr.o)
                0x0200f064                _malloc_r
 .text._wcrtomb_r
                0x0200f808       0xac C:/devkitPro/devkitARM/bin/../lib/gcc/arm-none-eabi/13.2.0/../../../../arm-none-eabi/lib\libg.a(libc_a-wcrtomb.o)
                0x0200f808                _wcrtomb_r
 .text.wcrtomb  0x0200f8b4       0xb4 C:/devkitPro/devkitARM/bin/../lib/gcc/arm-none-eabi/13.2.0/../../../../arm-none-eabi/lib\libg.a(libc_a-wcrtomb.o)
                0x0200f8b4                wcrtomb
 .text._malloc_trim_r
                0x0200f968      0x100 C:/devkitPro/devkitARM/bin/../lib/gcc/arm-none-eabi/13.2.0/../../../../arm-none-eabi/lib\libg.a(libc_a-freer.o)
                0x0200f968                _malloc_trim_r
 .text._free_r  0x0200fa68      0x2e8 C:/devkitPro/devkitARM/bin/../lib/gcc/arm-none-eabi/13.2.0/../../../../arm-none-eabi/lib\libg.a(libc_a-freer.o)
                0x0200fa68                _free_r
 .text.towupper
                0x0200fd50       0x14 C:/devkitPro/devkitARM/bin/../lib/gcc/arm-none-eabi/13.2.0/../../../../arm-none-eabi/lib\libg.a(libc_a-towupper.o)
                0x0200fd50                towupper
 .text.fscanf   0x0200fd64       0x3c C:/devkitPro/devkitARM/bin/../lib/gcc/arm-none-eabi/13.2.0/../../../../arm-none-eabi/lib\libg.a(libc_a-fscanf.o)
                0x0200fd64                fscanf
 .text._strtol_l.part.0
                0x0200fda0      0x1b4 C:/devkitPro/devkitARM/bin/../lib/gcc/arm-none-eabi/13.2.0/../../../../arm-none-eabi/lib\libg.a(libc_a-strtol.o)
 .text._strtol_r
                0x0200ff54       0x64 C:/devkitPro/devkitARM/bin/../lib/gcc/arm-none-eabi/13.2.0/../../../../arm-none-eabi/lib\libg.a(libc_a-strtol.o)
                0x0200ff54                _strtol_r
 .text.strpbrk  0x0200ffb8       0x70 C:/devkitPro/devkitARM/bin/../lib/gcc/arm-none-eabi/13.2.0/../../../../arm-none-eabi/lib\libg.a(libc_a-strpbrk.o)
                0x0200ffb8                strpbrk
 .text.setvbuf  0x02010028      0x25c C:/devkitPro/devkitARM/bin/../lib/gcc/arm-none-eabi/13.2.0/../../../../arm-none-eabi/lib\libg.a(libc_a-setvbuf.o)
                0x02010028                setvbuf
 .text.strnlen  0x02010284       0x48 C:/devkitPro/devkitARM/bin/../lib/gcc/arm-none-eabi/13.2.0/../../../../arm-none-eabi/lib\libg.a(libc_a-strnlen.o)
                0x02010284                strnlen
 .text.stpcpy   0x020102cc       0x74 C:/devkitPro/devkitARM/bin/../lib/gcc/arm-none-eabi/13.2.0/../../../../arm-none-eabi/lib\libg.a(libc_a-stpcpy.o)
                0x020102cc                stpcpy
 .text.__errno  0x02010340       0x10 C:/devkitPro/devkitARM/bin/../lib/gcc/arm-none-eabi/13.2.0/../../../../arm-none-eabi/lib\libg.a(libc_a-errno.o)
                0x02010340                __errno
 .text.malloc   0x02010350       0x1c C:/devkitPro/devkitARM/bin/../lib/gcc/arm-none-eabi/13.2.0/../../../../arm-none-eabi/lib\libg.a(libc_a-malloc.o)
                0x02010350                malloc
 .text.free     0x0201036c       0x1c C:/devkitPro/devkitARM/bin/../lib/gcc/arm-none-eabi/13.2.0/../../../../arm-none-eabi/lib\libg.a(libc_a-malloc.o)
                0x0201036c                free
 .text.memcpy   0x02010388      0x114 C:/devkitPro/devkitARM/bin/../lib/gcc/arm-none-eabi/13.2.0/../../../../arm-none-eabi/lib\libg.a(libc_a-memcpy-stub.o)
                0x02010388                memcpy
 .text.printf   0x0201049c       0x34 C:/devkitPro/devkitARM/bin/../lib/gcc/arm-none-eabi/13.2.0/../../../../arm-none-eabi/lib\libg.a(libc_a-printf.o)
                0x0201049c                printf
 .text.wctob    0x020104d0       0x88 C:/devkitPro/devkitARM/bin/../lib/gcc/arm-none-eabi/13.2.0/../../../../arm-none-eabi/lib\libg.a(libc_a-wctob.o)
                0x020104d0                wctob
 .text._fopen_r
                0x02010558      0x138 C:/devkitPro/devkitARM/bin/../lib/gcc/arm-none-eabi/13.2.0/../../../../arm-none-eabi/lib\libg.a(libc_a-fopen.o)
                0x02010558                _fopen_r
 .text.fopen    0x02010690       0x20 C:/devkitPro/devkitARM/bin/../lib/gcc/arm-none-eabi/13.2.0/../../../../arm-none-eabi/lib\libg.a(libc_a-fopen.o)
                0x02010690                fopen
 .text.time     0x020106b0       0x50 C:/devkitPro/devkitARM/bin/../lib/gcc/arm-none-eabi/13.2.0/../../../../arm-none-eabi/lib\libg.a(libc_a-time.o)
                0x020106b0                time
 .text._findenv_r
                0x02010700       0xd0 C:/devkitPro/devkitARM/bin/../lib/gcc/arm-none-eabi/13.2.0/../../../../arm-none-eabi/lib\libg.a(libc_a-getenv_r.o)
                0x02010700                _findenv_r
 .text._getenv_r
                0x020107d0       0x1c C:/devkitPro/devkitARM/bin/../lib/gcc/arm-none-eabi/13.2.0/../../../../arm-none-eabi/lib\libg.a(libc_a-getenv_r.o)
                0x020107d0                _getenv_r
 .text.memset   0x020107ec       0xfc C:/devkitPro/devkitARM/bin/../lib/gcc/arm-none-eabi/13.2.0/../../../../arm-none-eabi/lib\libg.a(libc_a-memset.o)
                0x020107ec                memset
 .text.localtime_r
                0x020108e8      0x374 C:/devkitPro/devkitARM/bin/../lib/gcc/arm-none-eabi/13.2.0/../../../../arm-none-eabi/lib\libg.a(libc_a-lcltime_r.o)
                0x020108e8                localtime_r
 .text.get_arg  0x02010c5c       0x54 C:/devkitPro/devkitARM/bin/../lib/gcc/arm-none-eabi/13.2.0/../../../../arm-none-eabi/lib\libg.a(libc_a-vfscanf.o)
 .text.__svfscanf_r
                0x02010cb0     0x2c58 C:/devkitPro/devkitARM/bin/../lib/gcc/arm-none-eabi/13.2.0/../../../../arm-none-eabi/lib\libg.a(libc_a-vfscanf.o)
                0x02010cb0                __svfscanf_r
 .text._vfscanf_r
                0x02013908       0x3c C:/devkitPro/devkitARM/bin/../lib/gcc/arm-none-eabi/13.2.0/../../../../arm-none-eabi/lib\libg.a(libc_a-vfscanf.o)
                0x02013908                _vfscanf_r
 .text.strncasecmp
                0x02013944       0x8c C:/devkitPro/devkitARM/bin/../lib/gcc/arm-none-eabi/13.2.0/../../../../arm-none-eabi/lib\libg.a(libc_a-strncasecmp.o)
                0x02013944                strncasecmp
 .text._fwalk_sglue
                0x020139d0       0x78 C:/devkitPro/devkitARM/bin/../lib/gcc/arm-none-eabi/13.2.0/../../../../arm-none-eabi/lib\libg.a(libc_a-fwalk.o)
                0x020139d0                _fwalk_sglue
 .text.__malloc_lock
                0x02013a48       0x18 C:/devkitPro/devkitARM/bin/../lib/gcc/arm-none-eabi/13.2.0/../../../../arm-none-eabi/lib\libg.a(libc_a-mlock.o)
                0x02013a48                __malloc_lock
 .text.__malloc_unlock
                0x02013a60       0x18 C:/devkitPro/devkitARM/bin/../lib/gcc/arm-none-eabi/13.2.0/../../../../arm-none-eabi/lib\libg.a(libc_a-mlock.o)
                0x02013a60                __malloc_unlock
 .text.__tzcalc_limits
                0x02013a78      0x254 C:/devkitPro/devkitARM/bin/../lib/gcc/arm-none-eabi/13.2.0/../../../../arm-none-eabi/lib\libg.a(libc_a-tzcalc_limits.o)
                0x02013a78                __tzcalc_limits
 .text.strcpy   0x02013ccc       0xf0 C:/devkitPro/devkitARM/bin/../lib/gcc/arm-none-eabi/13.2.0/../../../../arm-none-eabi/lib\libg.a(libc_a-strcpy.o)
                0x02013ccc                strcpy
 .text._fseek_r
                0x02013dbc       0x20 C:/devkitPro/devkitARM/bin/../lib/gcc/arm-none-eabi/13.2.0/../../../../arm-none-eabi/lib\libg.a(libc_a-fseek.o)
                0x02013dbc                _fseek_r
 .text.fseek    0x02013ddc       0x38 C:/devkitPro/devkitARM/bin/../lib/gcc/arm-none-eabi/13.2.0/../../../../arm-none-eabi/lib\libg.a(libc_a-fseek.o)
                0x02013ddc                fseek
 .text.__utf8_wctomb
                0x02013e14       0xf4 C:/devkitPro/devkitARM/bin/../lib/gcc/arm-none-eabi/13.2.0/../../../../arm-none-eabi/lib\libg.a(libc_a-wctomb_r.o)
                0x02013e14                __utf8_wctomb
 .text.mbsrtowcs
                0x02013f08       0x3c C:/devkitPro/devkitARM/bin/../lib/gcc/arm-none-eabi/13.2.0/../../../../arm-none-eabi/lib\libg.a(libc_a-mbsrtowcs.o)
                0x02013f08                mbsrtowcs
 .text.strncpy  0x02013f44       0xd0 C:/devkitPro/devkitARM/bin/../lib/gcc/arm-none-eabi/13.2.0/../../../../arm-none-eabi/lib\libg.a(libc_a-strncpy.o)
                0x02013f44                strncpy
 .text._strtoull_l.isra.0
                0x02014014      0x260 C:/devkitPro/devkitARM/bin/../lib/gcc/arm-none-eabi/13.2.0/../../../../arm-none-eabi/lib\libg.a(libc_a-strtoull.o)
 .text._strtoull_r
                0x02014274       0x30 C:/devkitPro/devkitARM/bin/../lib/gcc/arm-none-eabi/13.2.0/../../../../arm-none-eabi/lib\libg.a(libc_a-strtoull.o)
                0x02014274                _strtoull_r
 .text.towlower
                0x020142a4       0x14 C:/devkitPro/devkitARM/bin/../lib/gcc/arm-none-eabi/13.2.0/../../../../arm-none-eabi/lib\libg.a(libc_a-towlower.o)
                0x020142a4                towlower
 .text.__sflags
                0x020142b8       0xbc C:/devkitPro/devkitARM/bin/../lib/gcc/arm-none-eabi/13.2.0/../../../../arm-none-eabi/lib\libg.a(libc_a-flags.o)
                0x020142b8                __sflags
 .text.iprintf  0x02014374       0x34 C:/devkitPro/devkitARM/bin/../lib/gcc/arm-none-eabi/13.2.0/../../../../arm-none-eabi/lib\libg.a(libc_a-iprintf.o)
                0x02014374                iprintf
 .text._mbrtowc_r
                0x020143a8       0xc0 C:/devkitPro/devkitARM/bin/../lib/gcc/arm-none-eabi/13.2.0/../../../../arm-none-eabi/lib\libg.a(libc_a-mbrtowc.o)
                0x020143a8                _mbrtowc_r
 .text.mbrtowc  0x02014468       0xc4 C:/devkitPro/devkitARM/bin/../lib/gcc/arm-none-eabi/13.2.0/../../../../arm-none-eabi/lib\libg.a(libc_a-mbrtowc.o)
                0x02014468                mbrtowc
 .text.__libc_init_array
                0x0201452c       0x90 C:/devkitPro/devkitARM/bin/../lib/gcc/arm-none-eabi/13.2.0/../../../../arm-none-eabi/lib\libg.a(libc_a-init.o)
                0x0201452c                __libc_init_array
 .text.__sflush_r
                0x020145bc      0x248 C:/devkitPro/devkitARM/bin/../lib/gcc/arm-none-eabi/13.2.0/../../../../arm-none-eabi/lib\libg.a(libc_a-fflush.o)
                0x020145bc                __sflush_r
 .text._fflush_r
                0x02014804       0x9c C:/devkitPro/devkitARM/bin/../lib/gcc/arm-none-eabi/13.2.0/../../../../arm-none-eabi/lib\libg.a(libc_a-fflush.o)
                0x02014804                _fflush_r
 .text.nanf     0x020148a0        0xc C:/devkitPro/devkitARM/bin/../lib/gcc/arm-none-eabi/13.2.0/../../../../arm-none-eabi/lib\libg.a(libm_a-sf_nan.o)
                0x020148a0                nanf
 .text.__submore
                0x020148ac       0xa8 C:/devkitPro/devkitARM/bin/../lib/gcc/arm-none-eabi/13.2.0/../../../../arm-none-eabi/lib\libg.a(libc_a-ungetc.o)
                0x020148ac                __submore
 .text._ungetc_r
                0x02014954      0x210 C:/devkitPro/devkitARM/bin/../lib/gcc/arm-none-eabi/13.2.0/../../../../arm-none-eabi/lib\libg.a(libc_a-ungetc.o)
                0x02014954                _ungetc_r
 .text.__env_lock
                0x02014b64       0x18 C:/devkitPro/devkitARM/bin/../lib/gcc/arm-none-eabi/13.2.0/../../../../arm-none-eabi/lib\libg.a(libc_a-envlock.o)
                0x02014b64                __env_lock
 .text.__env_unlock
                0x02014b7c       0x18 C:/devkitPro/devkitARM/bin/../lib/gcc/arm-none-eabi/13.2.0/../../../../arm-none-eabi/lib\libg.a(libc_a-envlock.o)
                0x02014b7c                __env_unlock
 .text._strtoll_l.isra.0
                0x02014b94      0x23c C:/devkitPro/devkitARM/bin/../lib/gcc/arm-none-eabi/13.2.0/../../../../arm-none-eabi/lib\libg.a(libc_a-strtoll.o)
 .text._strtoll_r
                0x02014dd0       0x30 C:/devkitPro/devkitARM/bin/../lib/gcc/arm-none-eabi/13.2.0/../../../../arm-none-eabi/lib\libg.a(libc_a-strtoll.o)
                0x02014dd0                _strtoll_r
 .text.sulp     0x02014e00       0x64 C:/devkitPro/devkitARM/bin/../lib/gcc/arm-none-eabi/13.2.0/../../../../arm-none-eabi/lib\libg.a(libc_a-strtod.o)
 *fill*         0x02014e64        0x4 ff
 .text._strtod_l
                0x02014e68     0x1614 C:/devkitPro/devkitARM/bin/../lib/gcc/arm-none-eabi/13.2.0/../../../../arm-none-eabi/lib\libg.a(libc_a-strtod.o)
                0x02014e68                _strtod_l
 .text._strtod_r
                0x0201647c       0x3c C:/devkitPro/devkitARM/bin/../lib/gcc/arm-none-eabi/13.2.0/../../../../arm-none-eabi/lib\libg.a(libc_a-strtod.o)
                0x0201647c                _strtod_r
 .text.gmtime_r
                0x020164b8      0x26c C:/devkitPro/devkitARM/bin/../lib/gcc/arm-none-eabi/13.2.0/../../../../arm-none-eabi/lib\libg.a(libc_a-gmtime_r.o)
                0x020164b8                gmtime_r
 .text.sprintf  0x02016724       0x68 C:/devkitPro/devkitARM/bin/../lib/gcc/arm-none-eabi/13.2.0/../../../../arm-none-eabi/lib\libg.a(libc_a-sprintf.o)
                0x02016724                sprintf
 .text.get_arg  0x0201678c      0x654 C:/devkitPro/devkitARM/bin/../lib/gcc/arm-none-eabi/13.2.0/../../../../arm-none-eabi/lib\libg.a(libc_a-vfiprintf.o)
 .text._vfiprintf_r
                0x02016de0     0x232c C:/devkitPro/devkitARM/bin/../lib/gcc/arm-none-eabi/13.2.0/../../../../arm-none-eabi/lib\libg.a(libc_a-vfiprintf.o)
                0x02016de0                _vfiprintf_r
 .text.__sbprintf
                0x0201910c       0xbc C:/devkitPro/devkitARM/bin/../lib/gcc/arm-none-eabi/13.2.0/../../../../arm-none-eabi/lib\libg.a(libc_a-vfiprintf.o)
 .text.memchr   0x020191c8       0xf0 C:/devkitPro/devkitARM/bin/../lib/gcc/arm-none-eabi/13.2.0/../../../../arm-none-eabi/lib\libg.a(libc_a-memchr-stub.o)
                0x020191c8                memchr
 .text.div      0x020192b8       0x2c C:/devkitPro/devkitARM/bin/../lib/gcc/arm-none-eabi/13.2.0/../../../../arm-none-eabi/lib\libg.a(libc_a-div.o)
                0x020192b8                div
 .text.get_arg  0x020192e4       0x54 C:/devkitPro/devkitARM/bin/../lib/gcc/arm-none-eabi/13.2.0/../../../../arm-none-eabi/lib\libg.a(libc_a-svfiscanf.o)
 .text._sungetc_r
                0x02019338       0xe4 C:/devkitPro/devkitARM/bin/../lib/gcc/arm-none-eabi/13.2.0/../../../../arm-none-eabi/lib\libg.a(libc_a-svfiscanf.o)
                0x02019338                _sungetc_r
 .text.__ssrefill_r
                0x0201941c       0x68 C:/devkitPro/devkitARM/bin/../lib/gcc/arm-none-eabi/13.2.0/../../../../arm-none-eabi/lib\libg.a(libc_a-svfiscanf.o)
                0x0201941c                __ssrefill_r
 .text._sfread_r
                0x02019484       0xc8 C:/devkitPro/devkitARM/bin/../lib/gcc/arm-none-eabi/13.2.0/../../../../arm-none-eabi/lib\libg.a(libc_a-svfiscanf.o)
                0x02019484                _sfread_r
 .text.__ssvfiscanf_r
                0x0201954c     0x22dc C:/devkitPro/devkitARM/bin/../lib/gcc/arm-none-eabi/13.2.0/../../../../arm-none-eabi/lib\libg.a(libc_a-svfiscanf.o)
                0x0201954c                __ssvfiscanf_r
 .text.rshift   0x0201b828       0xf8 C:/devkitPro/devkitARM/bin/../lib/gcc/arm-none-eabi/13.2.0/../../../../arm-none-eabi/lib\libg.a(libc_a-gdtoa-gethex.o)
 .text.__gethex
                0x0201b920      0x8a8 C:/devkitPro/devkitARM/bin/../lib/gcc/arm-none-eabi/13.2.0/../../../../arm-none-eabi/lib\libg.a(libc_a-gdtoa-gethex.o)
                0x0201b920                __gethex
 .text.towctrans
                0x0201c1c8       0x48 C:/devkitPro/devkitARM/bin/../lib/gcc/arm-none-eabi/13.2.0/../../../../arm-none-eabi/lib\libg.a(libc_a-towctrans.o)
                0x0201c1c8                towctrans
 .text._strtoul_l.isra.0
                0x0201c210      0x1dc C:/devkitPro/devkitARM/bin/../lib/gcc/arm-none-eabi/13.2.0/../../../../arm-none-eabi/lib\libg.a(libc_a-strtoul.o)
 .text._strtoul_r
                0x0201c3ec       0x30 C:/devkitPro/devkitARM/bin/../lib/gcc/arm-none-eabi/13.2.0/../../../../arm-none-eabi/lib\libg.a(libc_a-strtoul.o)
                0x0201c3ec                _strtoul_r
 .text.strtoul  0x0201c41c       0x34 C:/devkitPro/devkitARM/bin/../lib/gcc/arm-none-eabi/13.2.0/../../../../arm-none-eabi/lib\libg.a(libc_a-strtoul.o)
                0x0201c41c                strtoul
 .text._fseeko_r
                0x0201c450      0x5a4 C:/devkitPro/devkitARM/bin/../lib/gcc/arm-none-eabi/13.2.0/../../../../arm-none-eabi/lib\libg.a(libc_a-fseeko.o)
                0x0201c450                _fseeko_r
 .text._tzset_unlocked
                0x0201c9f4       0x14 C:/devkitPro/devkitARM/bin/../lib/gcc/arm-none-eabi/13.2.0/../../../../arm-none-eabi/lib\libg.a(libc_a-tzset.o)
                0x0201c9f4                _tzset_unlocked
 .text.__sprint_r
                0x0201ca08       0x34 C:/devkitPro/devkitARM/bin/../lib/gcc/arm-none-eabi/13.2.0/../../../../arm-none-eabi/lib\libg.a(libc_a-sprint_r.o)
                0x0201ca08                __sprint_r
 .text.iswspace
                0x0201ca3c       0x14 C:/devkitPro/devkitARM/bin/../lib/gcc/arm-none-eabi/13.2.0/../../../../arm-none-eabi/lib\libg.a(libc_a-iswspace.o)
                0x0201ca3c                iswspace
 .text.__sccl   0x0201ca50       0xe4 C:/devkitPro/devkitARM/bin/../lib/gcc/arm-none-eabi/13.2.0/../../../../arm-none-eabi/lib\libg.a(libc_a-sccl.o)
                0x0201ca50                __sccl
 .text.__gettzinfo
                0x0201cb34        0xc C:/devkitPro/devkitARM/bin/../lib/gcc/arm-none-eabi/13.2.0/../../../../arm-none-eabi/lib\libg.a(libc_a-gettzinfo.o)
                0x0201cb34                __gettzinfo
 .text._localeconv_r
                0x0201cb40       0x28 C:/devkitPro/devkitARM/bin/../lib/gcc/arm-none-eabi/13.2.0/../../../../arm-none-eabi/lib\libg.a(libc_a-localeconv.o)
                0x0201cb40                _localeconv_r
 .text.get_arg  0x0201cb68      0x654 C:/devkitPro/devkitARM/bin/../lib/gcc/arm-none-eabi/13.2.0/../../../../arm-none-eabi/lib\libg.a(libc_a-vfprintf.o)
 .text._vfprintf_r
                0x0201d1bc     0x35f0 C:/devkitPro/devkitARM/bin/../lib/gcc/arm-none-eabi/13.2.0/../../../../arm-none-eabi/lib\libg.a(libc_a-vfprintf.o)
                0x0201d1bc                _vfprintf_r
 .text.__sbprintf
                0x020207ac       0xbc C:/devkitPro/devkitARM/bin/../lib/gcc/arm-none-eabi/13.2.0/../../../../arm-none-eabi/lib\libg.a(libc_a-vfprintf.o)
 .text.realloc  0x02020868       0x24 C:/devkitPro/devkitARM/bin/../lib/gcc/arm-none-eabi/13.2.0/../../../../arm-none-eabi/lib\libg.a(libc_a-realloc.o)
                0x02020868                realloc
 .text.quorem   0x0202088c      0x1d8 C:/devkitPro/devkitARM/bin/../lib/gcc/arm-none-eabi/13.2.0/../../../../arm-none-eabi/lib\libg.a(libc_a-dtoa.o)
 *fill*         0x02020a64        0x4 ff
 .text._dtoa_r  0x02020a68     0x16cc C:/devkitPro/devkitARM/bin/../lib/gcc/arm-none-eabi/13.2.0/../../../../arm-none-eabi/lib\libg.a(libc_a-dtoa.o)
                0x02020a68                _dtoa_r
 .text.get_arg  0x02022134      0x654 C:/devkitPro/devkitARM/bin/../lib/gcc/arm-none-eabi/13.2.0/../../../../arm-none-eabi/lib\libg.a(libc_a-svfprintf.o)
 .text._svfprintf_r
                0x02022788     0x3518 C:/devkitPro/devkitARM/bin/../lib/gcc/arm-none-eabi/13.2.0/../../../../arm-none-eabi/lib\libg.a(libc_a-svfprintf.o)
                0x02022788                _svfprintf_r
 .text._mbsnrtowcs_r
                0x02025ca0      0x104 C:/devkitPro/devkitARM/bin/../lib/gcc/arm-none-eabi/13.2.0/../../../../arm-none-eabi/lib\libg.a(libc_a-mbsnrtowcs.o)
                0x02025ca0                _mbsnrtowcs_r
 .text._tzset_unlocked_r
                0x02025da4      0x688 C:/devkitPro/devkitARM/bin/../lib/gcc/arm-none-eabi/13.2.0/../../../../arm-none-eabi/lib\libg.a(libc_a-tzset_r.o)
                0x02025da4                _tzset_unlocked_r
 .text.stpncpy  0x0202642c       0xe0 C:/devkitPro/devkitARM/bin/../lib/gcc/arm-none-eabi/13.2.0/../../../../arm-none-eabi/lib\libg.a(libc_a-stpncpy.o)
                0x0202642c                stpncpy
 .text._realloc_r
                0x0202650c      0x4b8 C:/devkitPro/devkitARM/bin/../lib/gcc/arm-none-eabi/13.2.0/../../../../arm-none-eabi/lib\libg.a(libc_a-reallocr.o)
                0x0202650c                _realloc_r
 .text._wcsrtombs_r
                0x020269c4       0x2c C:/devkitPro/devkitARM/bin/../lib/gcc/arm-none-eabi/13.2.0/../../../../arm-none-eabi/lib\libg.a(libc_a-wcsrtombs.o)
                0x020269c4                _wcsrtombs_r
 .text.__match  0x020269f0       0x54 C:/devkitPro/devkitARM/bin/../lib/gcc/arm-none-eabi/13.2.0/../../../../arm-none-eabi/lib\libg.a(libc_a-gdtoa-hexnan.o)
                0x020269f0                __match
 .text.__hexnan
                0x02026a44      0x2a4 C:/devkitPro/devkitARM/bin/../lib/gcc/arm-none-eabi/13.2.0/../../../../arm-none-eabi/lib\libg.a(libc_a-gdtoa-hexnan.o)
                0x02026a44                __hexnan
 .text.__swsetup_r
                0x02026ce8      0x144 C:/devkitPro/devkitARM/bin/../lib/gcc/arm-none-eabi/13.2.0/../../../../arm-none-eabi/lib\libg.a(libc_a-wsetup.o)
                0x02026ce8                __swsetup_r
 .text.nan      0x02026e2c       0x10 C:/devkitPro/devkitARM/bin/../lib/gcc/arm-none-eabi/13.2.0/../../../../arm-none-eabi/lib\libg.a(libm_a-s_nan.o)
                0x02026e2c                nan
 .text.frexp    0x02026e3c       0xa4 C:/devkitPro/devkitARM/bin/../lib/gcc/arm-none-eabi/13.2.0/../../../../arm-none-eabi/lib\libg.a(libm_a-s_frexp.o)
                0x02026e3c                frexp
 .text.__assert_func
                0x02026ee0       0x5c C:/devkitPro/devkitARM/bin/../lib/gcc/arm-none-eabi/13.2.0/../../../../arm-none-eabi/lib\libg.a(libc_a-assert.o)
                0x02026ee0                __assert_func
 .text.iswspace_l
                0x02026f3c       0x40 C:/devkitPro/devkitARM/bin/../lib/gcc/arm-none-eabi/13.2.0/../../../../arm-none-eabi/lib\libg.a(libc_a-iswspace_l.o)
                0x02026f3c                iswspace_l
 .text._Balloc  0x02026f7c       0x8c C:/devkitPro/devkitARM/bin/../lib/gcc/arm-none-eabi/13.2.0/../../../../arm-none-eabi/lib\libg.a(libc_a-mprec.o)
                0x02026f7c                _Balloc
 .text._Bfree   0x02027008       0x1c C:/devkitPro/devkitARM/bin/../lib/gcc/arm-none-eabi/13.2.0/../../../../arm-none-eabi/lib\libg.a(libc_a-mprec.o)
                0x02027008                _Bfree
 .text.__multadd
                0x02027024      0x100 C:/devkitPro/devkitARM/bin/../lib/gcc/arm-none-eabi/13.2.0/../../../../arm-none-eabi/lib\libg.a(libc_a-mprec.o)
                0x02027024                __multadd
 .text.__s2b    0x02027124      0x114 C:/devkitPro/devkitARM/bin/../lib/gcc/arm-none-eabi/13.2.0/../../../../arm-none-eabi/lib\libg.a(libc_a-mprec.o)
                0x02027124                __s2b
 .text.__hi0bits
                0x02027238       0x60 C:/devkitPro/devkitARM/bin/../lib/gcc/arm-none-eabi/13.2.0/../../../../arm-none-eabi/lib\libg.a(libc_a-mprec.o)
                0x02027238                __hi0bits
 .text.__lo0bits
                0x02027298       0xa0 C:/devkitPro/devkitARM/bin/../lib/gcc/arm-none-eabi/13.2.0/../../../../arm-none-eabi/lib\libg.a(libc_a-mprec.o)
                0x02027298                __lo0bits
 .text.__i2b    0x02027338       0xac C:/devkitPro/devkitARM/bin/../lib/gcc/arm-none-eabi/13.2.0/../../../../arm-none-eabi/lib\libg.a(libc_a-mprec.o)
                0x02027338                __i2b
 .text.__multiply
                0x020273e4      0x218 C:/devkitPro/devkitARM/bin/../lib/gcc/arm-none-eabi/13.2.0/../../../../arm-none-eabi/lib\libg.a(libc_a-mprec.o)
                0x020273e4                __multiply
 .text.__pow5mult
                0x020275fc      0x12c C:/devkitPro/devkitARM/bin/../lib/gcc/arm-none-eabi/13.2.0/../../../../arm-none-eabi/lib\libg.a(libc_a-mprec.o)
                0x020275fc                __pow5mult
 .text.__lshift
                0x02027728      0x144 C:/devkitPro/devkitARM/bin/../lib/gcc/arm-none-eabi/13.2.0/../../../../arm-none-eabi/lib\libg.a(libc_a-mprec.o)
                0x02027728                __lshift
 .text.__mcmp   0x0202786c       0x54 C:/devkitPro/devkitARM/bin/../lib/gcc/arm-none-eabi/13.2.0/../../../../arm-none-eabi/lib\libg.a(libc_a-mprec.o)
                0x0202786c                __mcmp
 .text.__mdiff  0x020278c0      0x214 C:/devkitPro/devkitARM/bin/../lib/gcc/arm-none-eabi/13.2.0/../../../../arm-none-eabi/lib\libg.a(libc_a-mprec.o)
                0x020278c0                __mdiff
 .text.__ulp    0x02027ad4       0x64 C:/devkitPro/devkitARM/bin/../lib/gcc/arm-none-eabi/13.2.0/../../../../arm-none-eabi/lib\libg.a(libc_a-mprec.o)
                0x02027ad4                __ulp
 .text.__b2d    0x02027b38       0xf0 C:/devkitPro/devkitARM/bin/../lib/gcc/arm-none-eabi/13.2.0/../../../../arm-none-eabi/lib\libg.a(libc_a-mprec.o)
                0x02027b38                __b2d
 .text.__d2b    0x02027c28      0x128 C:/devkitPro/devkitARM/bin/../lib/gcc/arm-none-eabi/13.2.0/../../../../arm-none-eabi/lib\libg.a(libc_a-mprec.o)
                0x02027c28                __d2b
 .text.__ratio  0x02027d50       0x84 C:/devkitPro/devkitARM/bin/../lib/gcc/arm-none-eabi/13.2.0/../../../../arm-none-eabi/lib\libg.a(libc_a-mprec.o)
                0x02027d50                __ratio
 .text.__copybits
                0x02027dd4       0x8c C:/devkitPro/devkitARM/bin/../lib/gcc/arm-none-eabi/13.2.0/../../../../arm-none-eabi/lib\libg.a(libc_a-mprec.o)
                0x02027dd4                __copybits
 .text.__any_on
                0x02027e60       0x5c C:/devkitPro/devkitARM/bin/../lib/gcc/arm-none-eabi/13.2.0/../../../../arm-none-eabi/lib\libg.a(libc_a-mprec.o)
                0x02027e60                __any_on
 .text.__sfvwrite_r
                0x02027ebc      0x4c8 C:/devkitPro/devkitARM/bin/../lib/gcc/arm-none-eabi/13.2.0/../../../../arm-none-eabi/lib\libg.a(libc_a-fvwrite.o)
                0x02027ebc                __sfvwrite_r
 .text.__ssprint_r
                0x02028384       0xa8 C:/devkitPro/devkitARM/bin/../lib/gcc/arm-none-eabi/13.2.0/../../../../arm-none-eabi/lib\libg.a(libc_a-ssprint_r.o)
                0x02028384                __ssprint_r
 .text.fiprintf
                0x0202842c       0x3c C:/devkitPro/devkitARM/bin/../lib/gcc/arm-none-eabi/13.2.0/../../../../arm-none-eabi/lib\libg.a(libc_a-fiprintf.o)
                0x0202842c                fiprintf
 .text._wcsnrtombs_l
                0x02028468      0x198 C:/devkitPro/devkitARM/bin/../lib/gcc/arm-none-eabi/13.2.0/../../../../arm-none-eabi/lib\libg.a(libc_a-wcsnrtombs.o)
                0x02028468                _wcsnrtombs_l
 .text._wcsnrtombs_r
                0x02028600       0x68 C:/devkitPro/devkitARM/bin/../lib/gcc/arm-none-eabi/13.2.0/../../../../arm-none-eabi/lib\libg.a(libc_a-wcsnrtombs.o)
                0x02028600                _wcsnrtombs_r
 .text.towctrans_l
                0x02028668      0x244 C:/devkitPro/devkitARM/bin/../lib/gcc/arm-none-eabi/13.2.0/../../../../arm-none-eabi/lib\libg.a(libc_a-towctrans_l.o)
                0x02028668                towctrans_l
 .text.abort    0x020288ac       0x14 C:/devkitPro/devkitARM/bin/../lib/gcc/arm-none-eabi/13.2.0/../../../../arm-none-eabi/lib\libg.a(libc_a-abort.o)
                0x020288ac                abort
 .text.category
                0x020288c0       0x98 C:/devkitPro/devkitARM/bin/../lib/gcc/arm-none-eabi/13.2.0/../../../../arm-none-eabi/lib\libg.a(libc_a-categories.o)
                0x020288c0                category
 .text.__ssputs_r
                0x02028958      0x12c C:/devkitPro/devkitARM/bin/../lib/gcc/arm-none-eabi/13.2.0/../../../../arm-none-eabi/lib\libg.a(libc_a-ssputs_r.o)
                0x02028958                __ssputs_r
 .text._raise_r
                0x02028a84       0x94 C:/devkitPro/devkitARM/bin/../lib/gcc/arm-none-eabi/13.2.0/../../../../arm-none-eabi/lib\libg.a(libc_a-signal.o)
                0x02028a84                _raise_r
 .text.raise    0x02028b18       0x18 C:/devkitPro/devkitARM/bin/../lib/gcc/arm-none-eabi/13.2.0/../../../../arm-none-eabi/lib\libg.a(libc_a-signal.o)
                0x02028b18                raise
 .text._exit    0x02028b30       0x20 C:/devkitPro/devkitARM/bin/../lib/gcc/arm-none-eabi/13.2.0/../../../../arm-none-eabi/lib\libsysbase.a(libsysbase_libsysbase_a-_exit.o)
                0x02028b30                _exit
 .text.build_argv
                0x02028b50       0x90 C:/devkitPro/devkitARM/bin/../lib/gcc/arm-none-eabi/13.2.0/../../../../arm-none-eabi/lib\libsysbase.a(libsysbase_libsysbase_a-build_argv.o)
                0x02028b50                build_argv
 .text.chdir    0x02028be0      0x144 C:/devkitPro/devkitARM/bin/../lib/gcc/arm-none-eabi/13.2.0/../../../../arm-none-eabi/lib\libsysbase.a(libsysbase_libsysbase_a-chdir.o)
                0x02028be0                chdir
 .text._concatenate_path
                0x02028d24      0x1d4 C:/devkitPro/devkitARM/bin/../lib/gcc/arm-none-eabi/13.2.0/../../../../arm-none-eabi/lib\libsysbase.a(libsysbase_libsysbase_a-concatenate.o)
                0x02028d24                _concatenate_path
 .text._fstat_r
                0x02028ef8       0x7c C:/devkitPro/devkitARM/bin/../lib/gcc/arm-none-eabi/13.2.0/../../../../arm-none-eabi/lib\libsysbase.a(libsysbase_libsysbase_a-fstat.o)
                0x02028ef8                _fstat_r
 .text._getpid_r
                0x02028f74       0x14 C:/devkitPro/devkitARM/bin/../lib/gcc/arm-none-eabi/13.2.0/../../../../arm-none-eabi/lib\libsysbase.a(libsysbase_libsysbase_a-getpid.o)
                0x02028f74                _getpid_r
 .text.__getreent
                0x02028f88       0x30 C:/devkitPro/devkitARM/bin/../lib/gcc/arm-none-eabi/13.2.0/../../../../arm-none-eabi/lib\libsysbase.a(libsysbase_libsysbase_a-getreent.o)
                0x02028f88                __getreent
 .text._gettimeofday_r
                0x02028fb8       0x34 C:/devkitPro/devkitARM/bin/../lib/gcc/arm-none-eabi/13.2.0/../../../../arm-none-eabi/lib\libsysbase.a(libsysbase_libsysbase_a-gettod.o)
                0x02028fb8                _gettimeofday_r
 .text.__release_handle
                0x02028fec       0x90 C:/devkitPro/devkitARM/bin/../lib/gcc/arm-none-eabi/13.2.0/../../../../arm-none-eabi/lib\libsysbase.a(libsysbase_libsysbase_a-handle_manager.o)
                0x02028fec                __release_handle
 .text.__alloc_handle
                0x0202907c       0xb4 C:/devkitPro/devkitARM/bin/../lib/gcc/arm-none-eabi/13.2.0/../../../../arm-none-eabi/lib\libsysbase.a(libsysbase_libsysbase_a-handle_manager.o)
                0x0202907c                __alloc_handle
 .text.__get_handle
                0x02029130       0x40 C:/devkitPro/devkitARM/bin/../lib/gcc/arm-none-eabi/13.2.0/../../../../arm-none-eabi/lib\libsysbase.a(libsysbase_libsysbase_a-handle_manager.o)
                0x02029130                __get_handle
 .text._close_r
                0x02029170       0xfc C:/devkitPro/devkitARM/bin/../lib/gcc/arm-none-eabi/13.2.0/../../../../arm-none-eabi/lib\libsysbase.a(libsysbase_libsysbase_a-handle_manager.o)
                0x02029170                _close_r
 .text.null_write
                0x0202926c        0x8 C:/devkitPro/devkitARM/bin/../lib/gcc/arm-none-eabi/13.2.0/../../../../arm-none-eabi/lib\libsysbase.a(libsysbase_libsysbase_a-iosupport.o)
 .text.setDefaultDevice
                0x02029274       0x18 C:/devkitPro/devkitARM/bin/../lib/gcc/arm-none-eabi/13.2.0/../../../../arm-none-eabi/lib\libsysbase.a(libsysbase_libsysbase_a-iosupport.o)
                0x02029274                setDefaultDevice
 .text.FindDevice
                0x0202928c       0xd4 C:/devkitPro/devkitARM/bin/../lib/gcc/arm-none-eabi/13.2.0/../../../../arm-none-eabi/lib\libsysbase.a(libsysbase_libsysbase_a-iosupport.o)
                0x0202928c                FindDevice
 .text.AddDevice
                0x02029360       0xa4 C:/devkitPro/devkitARM/bin/../lib/gcc/arm-none-eabi/13.2.0/../../../../arm-none-eabi/lib\libsysbase.a(libsysbase_libsysbase_a-iosupport.o)
                0x02029360                AddDevice
 .text.GetDeviceOpTab
                0x02029404       0x24 C:/devkitPro/devkitARM/bin/../lib/gcc/arm-none-eabi/13.2.0/../../../../arm-none-eabi/lib\libsysbase.a(libsysbase_libsysbase_a-iosupport.o)
                0x02029404                GetDeviceOpTab
 .text._isatty_r
                0x02029428        0x8 C:/devkitPro/devkitARM/bin/../lib/gcc/arm-none-eabi/13.2.0/../../../../arm-none-eabi/lib\libsysbase.a(libsysbase_libsysbase_a-isatty.o)
                0x02029428                _isatty_r
 .text._kill_r  0x02029430       0x14 C:/devkitPro/devkitARM/bin/../lib/gcc/arm-none-eabi/13.2.0/../../../../arm-none-eabi/lib\libsysbase.a(libsysbase_libsysbase_a-kill.o)
                0x02029430                _kill_r
 .text._lseek_r
                0x02029444       0x88 C:/devkitPro/devkitARM/bin/../lib/gcc/arm-none-eabi/13.2.0/../../../../arm-none-eabi/lib\libsysbase.a(libsysbase_libsysbase_a-lseek.o)
                0x02029444                _lseek_r
 .text._open_r  0x020294cc       0xc4 C:/devkitPro/devkitARM/bin/../lib/gcc/arm-none-eabi/13.2.0/../../../../arm-none-eabi/lib\libsysbase.a(libsysbase_libsysbase_a-open.o)
                0x020294cc                _open_r
 .text._read_r  0x02029590       0x84 C:/devkitPro/devkitARM/bin/../lib/gcc/arm-none-eabi/13.2.0/../../../../arm-none-eabi/lib\libsysbase.a(libsysbase_libsysbase_a-read.o)
                0x02029590                _read_r
 .text._sbrk_r  0x02029614       0x7c C:/devkitPro/devkitARM/bin/../lib/gcc/arm-none-eabi/13.2.0/../../../../arm-none-eabi/lib\libsysbase.a(libsysbase_libsysbase_a-sbrk.o)
                0x02029614                _sbrk_r
 .text.__libc_lock_acquire
                0x02029690       0x20 C:/devkitPro/devkitARM/bin/../lib/gcc/arm-none-eabi/13.2.0/../../../../arm-none-eabi/lib\libsysbase.a(libsysbase_libsysbase_a-syscall_support.o)
                0x02029690                __libc_lock_acquire
 .text.__libc_lock_release
                0x020296b0       0x20 C:/devkitPro/devkitARM/bin/../lib/gcc/arm-none-eabi/13.2.0/../../../../arm-none-eabi/lib\libsysbase.a(libsysbase_libsysbase_a-syscall_support.o)
                0x020296b0                __libc_lock_release
 .text.__libc_lock_acquire_recursive
                0x020296d0       0x20 C:/devkitPro/devkitARM/bin/../lib/gcc/arm-none-eabi/13.2.0/../../../../arm-none-eabi/lib\libsysbase.a(libsysbase_libsysbase_a-syscall_support.o)
                0x020296d0                __libc_lock_acquire_recursive
 .text.__libc_lock_release_recursive
                0x020296f0       0x20 C:/devkitPro/devkitARM/bin/../lib/gcc/arm-none-eabi/13.2.0/../../../../arm-none-eabi/lib\libsysbase.a(libsysbase_libsysbase_a-syscall_support.o)
                0x020296f0                __libc_lock_release_recursive
 .text._write_r
                0x02029710       0x84 C:/devkitPro/devkitARM/bin/../lib/gcc/arm-none-eabi/13.2.0/../../../../arm-none-eabi/lib\libsysbase.a(libsysbase_libsysbase_a-write.o)
                0x02029710                _write_r
 .text.__fixdfdi
                0x02029794       0x50 C:/devkitPro/devkitARM/bin/../lib/gcc/arm-none-eabi/13.2.0\libgcc.a(_fixdfdi.o)
                0x02029794                __fixdfdi
                0x02029794                __aeabi_d2lz
 .text.__fixunsdfdi
                0x020297e4       0x5c C:/devkitPro/devkitARM/bin/../lib/gcc/arm-none-eabi/13.2.0\libgcc.a(_fixunsdfdi.o)
                0x020297e4                __fixunsdfdi
                0x020297e4                __aeabi_d2ulz
 .text.__fixunsdfdi.__stub
                0x02029840      0x24c linker stubs
 *(EXCLUDE_FILE(*.twl*) .gnu.warning)
 *(EXCLUDE_FILE(*.twl*) .gnu.linkonce.t*)
 *(.glue_7)
 .glue_7        0x02029ad0        0x0 linker stubs
 *(.glue_7t)
 .glue_7t       0x02029ad0        0x0 linker stubs
                0x02029ad0                        . = ALIGN (0x4)

.vfp11_veneer   0x02029ad0        0x0
 .vfp11_veneer  0x02029ad0        0x0 linker stubs

.v4_bx          0x02029ad0        0x0
 .v4_bx         0x02029ad0        0x0 linker stubs

.iplt           0x02029ad0        0x0
 .iplt          0x02029ad0        0x0 C:/devkitPro/devkitARM/bin/../lib/gcc/arm-none-eabi/13.2.0/../../../../arm-none-eabi/lib/ds_arm9_crt0.o

.fini           0x02029ad0       0x18
 *(.fini)
 .fini          0x02029ad0        0xc C:/devkitPro/devkitARM/bin/../lib/gcc/arm-none-eabi/13.2.0/crti.o
                0x02029ad0                _fini
 .fini          0x02029adc        0xc C:/devkitPro/devkitARM/bin/../lib/gcc/arm-none-eabi/13.2.0/crtn.o
                0x02029ae8                        __text_end = .

.rodata         0x02029ae8   0x2dc80c
 *(EXCLUDE_FILE(*.twl*) .rodata)
 *all.rodata*(*)
 *(EXCLUDE_FILE(*.twl*) .roda)
 *(EXCLUDE_FILE(*.twl*) .rodata.*)
 .rodata.soundbank_bin
                0x02029ae8   0x2d630c soundbank.bin.o
                0x02029ae8                soundbank_bin
                0x022ffdf4                soundbank_bin_end
 .rodata.str1.4
                0x022ffdf4      0x4a4 main.o
                                 0x19 (size before relaxing)
 .rodata.str1.4
                0x02300298       0x86 graphics.o
 .rodata.str1.4
                0x02300298      0x128 data_loader.o
 .rodata.str1.4
                0x02300298       0x42 input.o
 .rodata.fatMount.part.0.str1.4
                0x02300298        0x2 C:/devkitPro/libnds/lib\libfat.a(libfat.o)
 .rodata.fatInit.str1.4
                0x02300298        0x3 C:/devkitPro/libnds/lib\libfat.a(libfat.o)
 .rodata.str1.4
                0x02300298        0x4 C:/devkitPro/libnds/lib\libfat.a(libfat.o)
 .rodata.dotab_fat
                0x02300298       0x70 C:/devkitPro/libnds/lib\libfat.a(libfat.o)
 .rodata.str1.4
                0x02300308        0x8 C:/devkitPro/libnds/lib\libfat.a(disc.o)
 .rodata._FAT_disc_interfaces
                0x02300308       0x18 C:/devkitPro/libnds/lib\libfat.a(disc.o)
                0x02300308                _FAT_disc_interfaces
 .rodata._FAT_directory_entryFromPath.str1.4
                0x02300320        0x7 C:/devkitPro/libnds/lib\libfat.a(directory.o)
 .rodata.ILLEGAL_ALIAS_CHARACTERS
                0x02300320       0x12 C:/devkitPro/libnds/lib\libfat.a(directory.o)
 *fill*         0x02300332        0x2 ff
 .rodata.ILLEGAL_LFN_CHARACTERS
                0x02300334        0xa C:/devkitPro/libnds/lib\libfat.a(directory.o)
 *fill*         0x0230033e        0x2 ff
 .rodata.LFN_offset_table
                0x02300340       0x34 C:/devkitPro/libnds/lib\libfat.a(directory.o)
 .rodata.FAT_SIG
                0x02300374        0x3 C:/devkitPro/libnds/lib\libfat.a(partition.o)
 *fill*         0x02300377        0x1 ff
 .rodata.FS_TWL_SIG
                0x02300378        0x8 C:/devkitPro/libnds/lib\libfat.a(partition.o)
 .rodata.SIN_LUT
                0x02300380      0x102 C:/devkitPro/libnds/lib\libnds9.a(trig.o)
                0x02300380                SIN_LUT
 .rodata.__sassert.str1.4
                0x02300482       0x42 C:/devkitPro/libnds/lib\libnds9.a(sassert.o)
 .rodata.con_write.str1.4
                0x02300482       0x30 C:/devkitPro/libnds/lib\libnds9.a(console.o)
 *fill*         0x02300482        0x2 ff
 .rodata.con_write
                0x02300484       0xd4 C:/devkitPro/libnds/lib\libnds9.a(console.o)
 .rodata.consoleClear.str1.4
                0x02300558        0x5 C:/devkitPro/libnds/lib\libnds9.a(console.o)
 .rodata.str1.4
                0x02300558       0x14 C:/devkitPro/libnds/lib\libnds9.a(console.o)
 .rodata.dotab_stdout
                0x02300558       0x70 C:/devkitPro/libnds/lib\libnds9.a(console.o)
 .rodata.default_font_bin
                0x023005c8     0x2000 C:/devkitPro/libnds/lib\libnds9.a(default_font.bin.o)
                0x023005c8                default_font_bin
                0x023025c8                default_font_bin_end
 .rodata.str1.4
                0x023025c8       0x4c C:/devkitPro/devkitARM/bin/../lib/gcc/arm-none-eabi/13.2.0/../../../../arm-none-eabi/lib\libg.a(libc_a-locale.o)
 .rodata._DAYS_BEFORE_MONTH
                0x023025c8       0x30 C:/devkitPro/devkitARM/bin/../lib/gcc/arm-none-eabi/13.2.0/../../../../arm-none-eabi/lib\libg.a(libc_a-mktime.o)
 .rodata.DAYS_IN_MONTH
                0x023025f8       0x30 C:/devkitPro/devkitARM/bin/../lib/gcc/arm-none-eabi/13.2.0/../../../../arm-none-eabi/lib\libg.a(libc_a-mktime.o)
 .rodata._ctype_
                0x02302628      0x101 C:/devkitPro/devkitARM/bin/../lib/gcc/arm-none-eabi/13.2.0/../../../../arm-none-eabi/lib\libg.a(libc_a-ctype_.o)
                0x02302628                _ctype_
 .rodata.__svfscanf_r.str1.1
                0x02302729       0x40 C:/devkitPro/devkitARM/bin/../lib/gcc/arm-none-eabi/13.2.0/../../../../arm-none-eabi/lib\libg.a(libc_a-vfscanf.o)
                                  0x6 (size before relaxing)
 *fill*         0x02302769        0x3 ff
 .rodata.basefix.0
                0x0230276c       0x22 C:/devkitPro/devkitARM/bin/../lib/gcc/arm-none-eabi/13.2.0/../../../../arm-none-eabi/lib\libg.a(libc_a-vfscanf.o)
 .rodata.str1.4
                0x0230278e        0x4 C:/devkitPro/devkitARM/bin/../lib/gcc/arm-none-eabi/13.2.0/../../../../arm-none-eabi/lib\libg.a(libc_a-tzvars.o)
 .rodata._mbrtowc_r.str1.4
                0x0230278e        0x1 C:/devkitPro/devkitARM/bin/../lib/gcc/arm-none-eabi/13.2.0/../../../../arm-none-eabi/lib\libg.a(libc_a-mbrtowc.o)
 .rodata._strtod_l.str1.4
                0x0230278e       0x15 C:/devkitPro/devkitARM/bin/../lib/gcc/arm-none-eabi/13.2.0/../../../../arm-none-eabi/lib\libg.a(libc_a-strtod.o)
 *fill*         0x0230278e        0x2 ff
 .rodata.fpinan.0
                0x02302790       0x14 C:/devkitPro/devkitARM/bin/../lib/gcc/arm-none-eabi/13.2.0/../../../../arm-none-eabi/lib\libg.a(libc_a-strtod.o)
 .rodata.fpi.1  0x023027a4       0x14 C:/devkitPro/devkitARM/bin/../lib/gcc/arm-none-eabi/13.2.0/../../../../arm-none-eabi/lib\libg.a(libc_a-strtod.o)
 .rodata.tinytens
                0x023027b8       0x28 C:/devkitPro/devkitARM/bin/../lib/gcc/arm-none-eabi/13.2.0/../../../../arm-none-eabi/lib\libg.a(libc_a-strtod.o)
 .rodata._vfiprintf_r.str1.1
                0x023027e0       0x29 C:/devkitPro/devkitARM/bin/../lib/gcc/arm-none-eabi/13.2.0/../../../../arm-none-eabi/lib\libg.a(libc_a-vfiprintf.o)
 .rodata.zeroes.0
                0x023027e0       0x10 C:/devkitPro/devkitARM/bin/../lib/gcc/arm-none-eabi/13.2.0/../../../../arm-none-eabi/lib\libg.a(libc_a-vfiprintf.o)
 .rodata.blanks.1
                0x023027f0       0x10 C:/devkitPro/devkitARM/bin/../lib/gcc/arm-none-eabi/13.2.0/../../../../arm-none-eabi/lib\libg.a(libc_a-vfiprintf.o)
 .rodata.basefix.0
                0x02302800       0x22 C:/devkitPro/devkitARM/bin/../lib/gcc/arm-none-eabi/13.2.0/../../../../arm-none-eabi/lib\libg.a(libc_a-svfiscanf.o)
 .rodata.__gethex.str1.4
                0x02302822       0x5c C:/devkitPro/devkitARM/bin/../lib/gcc/arm-none-eabi/13.2.0/../../../../arm-none-eabi/lib\libg.a(libc_a-gdtoa-gethex.o)
 *fill*         0x02302822        0x2 ff
 .rodata.__hexdig
                0x02302824      0x100 C:/devkitPro/devkitARM/bin/../lib/gcc/arm-none-eabi/13.2.0/../../../../arm-none-eabi/lib\libg.a(libc_a-gdtoa-gethex.o)
                0x02302824                __hexdig
 .rodata.__month_lengths
                0x02302924       0x60 C:/devkitPro/devkitARM/bin/../lib/gcc/arm-none-eabi/13.2.0/../../../../arm-none-eabi/lib\libg.a(libc_a-month_lengths.o)
                0x02302924                __month_lengths
 .rodata._vfprintf_r.str1.1
                0x02302984       0x3b C:/devkitPro/devkitARM/bin/../lib/gcc/arm-none-eabi/13.2.0/../../../../arm-none-eabi/lib\libg.a(libc_a-vfprintf.o)
 .rodata.zeroes.0
                0x02302984       0x10 C:/devkitPro/devkitARM/bin/../lib/gcc/arm-none-eabi/13.2.0/../../../../arm-none-eabi/lib\libg.a(libc_a-vfprintf.o)
 .rodata.blanks.1
                0x02302994       0x10 C:/devkitPro/devkitARM/bin/../lib/gcc/arm-none-eabi/13.2.0/../../../../arm-none-eabi/lib\libg.a(libc_a-vfprintf.o)
 .rodata._dtoa_r.str1.4
                0x023029a4       0x64 C:/devkitPro/devkitARM/bin/../lib/gcc/arm-none-eabi/13.2.0/../../../../arm-none-eabi/lib\libg.a(libc_a-dtoa.o)
 .rodata._svfprintf_r.str1.1
                0x023029a4       0x3b C:/devkitPro/devkitARM/bin/../lib/gcc/arm-none-eabi/13.2.0/../../../../arm-none-eabi/lib\libg.a(libc_a-svfprintf.o)
 .rodata.zeroes.0
                0x023029a4       0x10 C:/devkitPro/devkitARM/bin/../lib/gcc/arm-none-eabi/13.2.0/../../../../arm-none-eabi/lib\libg.a(libc_a-svfprintf.o)
 .rodata.blanks.1
                0x023029b4       0x10 C:/devkitPro/devkitARM/bin/../lib/gcc/arm-none-eabi/13.2.0/../../../../arm-none-eabi/lib\libg.a(libc_a-svfprintf.o)
 .rodata._tzset_unlocked_r.str1.4
                0x023029c4       0x6b C:/devkitPro/devkitARM/bin/../lib/gcc/arm-none-eabi/13.2.0/../../../../arm-none-eabi/lib\libg.a(libc_a-tzset_r.o)
 .rodata.__action_table
                0x023029c4       0x6c C:/devkitPro/devkitARM/bin/../lib/gcc/arm-none-eabi/13.2.0/../../../../arm-none-eabi/lib\libg.a(libc_a-svfiprintf.o)
                0x023029c4                __action_table
 .rodata.__state_table
                0x02302a30       0x6c C:/devkitPro/devkitARM/bin/../lib/gcc/arm-none-eabi/13.2.0/../../../../arm-none-eabi/lib\libg.a(libc_a-svfiprintf.o)
                0x02302a30                __state_table
 .rodata.__chclass
                0x02302a9c      0x100 C:/devkitPro/devkitARM/bin/../lib/gcc/arm-none-eabi/13.2.0/../../../../arm-none-eabi/lib\libg.a(libc_a-svfiprintf.o)
                0x02302a9c                __chclass
 .rodata.__assert_func.str1.4
                0x02302b9c       0x43 C:/devkitPro/devkitARM/bin/../lib/gcc/arm-none-eabi/13.2.0/../../../../arm-none-eabi/lib\libg.a(libc_a-assert.o)
 .rodata.__multadd.str1.4
                0x02302b9c       0x51 C:/devkitPro/devkitARM/bin/../lib/gcc/arm-none-eabi/13.2.0/../../../../arm-none-eabi/lib\libg.a(libc_a-mprec.o)
 .rodata.p05.0  0x02302b9c        0xc C:/devkitPro/devkitARM/bin/../lib/gcc/arm-none-eabi/13.2.0/../../../../arm-none-eabi/lib\libg.a(libc_a-mprec.o)
 .rodata.__mprec_bigtens
                0x02302ba8       0x28 C:/devkitPro/devkitARM/bin/../lib/gcc/arm-none-eabi/13.2.0/../../../../arm-none-eabi/lib\libg.a(libc_a-mprec.o)
                0x02302ba8                __mprec_bigtens
 .rodata.__mprec_tens
                0x02302bd0       0xc8 C:/devkitPro/devkitARM/bin/../lib/gcc/arm-none-eabi/13.2.0/../../../../arm-none-eabi/lib\libg.a(libc_a-mprec.o)
                0x02302bd0                __mprec_tens
 .rodata.categories
                0x02302c98     0x35dc C:/devkitPro/devkitARM/bin/../lib/gcc/arm-none-eabi/13.2.0/../../../../arm-none-eabi/lib\libg.a(libc_a-categories.o)
 .rodata.AddDevice.str1.4
                0x02306274        0x8 C:/devkitPro/devkitARM/bin/../lib/gcc/arm-none-eabi/13.2.0/../../../../arm-none-eabi/lib\libsysbase.a(libsysbase_libsysbase_a-iosupport.o)
 .rodata.dotab_stdnull
                0x02306274       0x80 C:/devkitPro/devkitARM/bin/../lib/gcc/arm-none-eabi/13.2.0/../../../../arm-none-eabi/lib\libsysbase.a(libsysbase_libsysbase_a-iosupport.o)
                0x02306274                dotab_stdnull
 *(EXCLUDE_FILE(*.twl*) .gnu.linkonce.r*)
                0x023062f4                        . = ALIGN (0x4)

.ARM.extab
 *(.ARM.extab* .gnu.linkonce.armextab.*)
                0x023062f4                        __exidx_start = .

ARM.exidx
 *(.ARM.exidx* .gnu.linkonce.armexidx.*)
                0x023062f4                        __exidx_end = .
                0x023062f4                        . = ALIGN (0x4)
                0x023062f4                        PROVIDE (__preinit_array_start = .)

.preinit_array
 *(.preinit_array)
                0x023062f4                        PROVIDE (__preinit_array_end = .)
                0x023062f4                        PROVIDE (__init_array_start = .)

.init_array     0x023062f4        0x4
 *(SORT_BY_NAME(.init_array.*))
 *(.init_array)
 .init_array    0x023062f4        0x4 C:/devkitPro/devkitARM/bin/../lib/gcc/arm-none-eabi/13.2.0/crtbegin.o
                0x023062f8                        PROVIDE (__init_array_end = .)
                [!provide]                        PROVIDE (__fini_array_start = .)

.fini_array     0x023062f8        0x4
 *(.fini_array)
 .fini_array    0x023062f8        0x4 C:/devkitPro/devkitARM/bin/../lib/gcc/arm-none-eabi/13.2.0/crtbegin.o
 *(SORT_BY_NAME(.fini_array.*))
                [!provide]                        PROVIDE (__fini_array_end = .)

.ctors          0x023062fc        0x0
 *crtbegin.o(.ctors)
 *(EXCLUDE_FILE(*crtend.o) .ctors)
 *(SORT_BY_NAME(.ctors.*))
 *(.ctors)
                0x023062fc                        . = ALIGN (0x4)

.dtors          0x023062fc        0x0
 *crtbegin.o(.dtors)
 *(EXCLUDE_FILE(*crtend.o) .dtors)
 *(SORT_BY_NAME(.dtors.*))
 *(.dtors)
                0x023062fc                        . = ALIGN (0x4)

.eh_frame       0x023062fc        0x4
 *(.eh_frame)
 .eh_frame      0x023062fc        0x0 C:/devkitPro/devkitARM/bin/../lib/gcc/arm-none-eabi/13.2.0/crtbegin.o
 .eh_frame      0x023062fc        0x4 C:/devkitPro/devkitARM/bin/../lib/gcc/arm-none-eabi/13.2.0/crtend.o
                0x02306300                        . = ALIGN (0x4)

.gcc_except_table
                0x02306300        0x0
 *(.gcc_except_table)
                0x02306300                        . = ALIGN (0x4)

.jcr
 *(.jcr)

.got
 *(.got.plt)
 *(.got)
 *(.rel.got)

.ewram          0x02306300        0x0
                0x02306300                        __ewram_start = ABSOLUTE (.)
 *(.ewram)
 *ewram.*(.text)
                0x02306300                        . = ALIGN (0x4)

.data           0x02306300     0x24d4
                0x02306300                        __data_start = ABSOLUTE (.)
 *(EXCLUDE_FILE(*.twl*) .data)
 .data          0x02306300        0x1 main.o
                0x02306300                gameActive
 *fill*         0x02306301        0x3 ff
 .data          0x02306304       0x54 audio.o
                0x02306304                music
                0x02306310                hitclap1
                0x0230631c                hitclap2
                0x02306328                hitclap3
                0x02306334                hitclap4
                0x02306340                hitclap5
                0x0230634c                hit
 .data          0x02306358       0x28 C:/devkitPro/libnds/lib\libnds9.a(mpu_setup.o)
 *(EXCLUDE_FILE(*.twl*) .data.*)
 .data.bgControl
                0x02306380       0x20 C:/devkitPro/libnds/lib\libnds9.a(background.o)
                0x02306380                bgControl
 .data.bgScrollTable
                0x023063a0       0x20 C:/devkitPro/libnds/lib\libnds9.a(background.o)
                0x023063a0                bgScrollTable
 .data.bgTransform
                0x023063c0       0x20 C:/devkitPro/libnds/lib\libnds9.a(background.o)
                0x023063c0                bgTransform
 .data.currentConsole
                0x023063e0        0x4 C:/devkitPro/libnds/lib\libnds9.a(console.o)
                0x023063e0                currentConsole
 .data.defaultConsole
                0x023063e4       0x5c C:/devkitPro/libnds/lib\libnds9.a(console.o)
                0x023063e4                defaultConsole
 .data.firstConsoleInit.0
                0x02306440        0x1 C:/devkitPro/libnds/lib\libnds9.a(console.o)
 .data.count    0x02306441        0x1 C:/devkitPro/libnds/lib\libnds9.a(keys.o)
 .data.delay    0x02306442        0x1 C:/devkitPro/libnds/lib\libnds9.a(keys.o)
 .data.repeat   0x02306443        0x1 C:/devkitPro/libnds/lib\libnds9.a(keys.o)
 .data.fifo_buffer_free
                0x02306444        0x4 C:/devkitPro/libnds/lib\libnds9.a(fifosystem.o)
                0x02306444                fifo_buffer_free
 .data.fifo_freewords
                0x02306448        0x4 C:/devkitPro/libnds/lib\libnds9.a(fifosystem.o)
                0x02306448                fifo_freewords
 .data.fifo_receive_queue
                0x0230644c        0x4 C:/devkitPro/libnds/lib\libnds9.a(fifosystem.o)
                0x0230644c                fifo_receive_queue
 .data.fifo_send_queue
                0x02306450        0x4 C:/devkitPro/libnds/lib\libnds9.a(fifosystem.o)
                0x02306450                fifo_send_queue
 .data.__global_locale
                0x02306454      0x16c C:/devkitPro/devkitARM/bin/../lib/gcc/arm-none-eabi/13.2.0/../../../../arm-none-eabi/lib\libg.a(libc_a-locale.o)
                0x02306454                __global_locale
 .data.__sglue  0x023065c0        0xc C:/devkitPro/devkitARM/bin/../lib/gcc/arm-none-eabi/13.2.0/../../../../arm-none-eabi/lib\libg.a(libc_a-findfp.o)
                0x023065c0                __sglue
 .data.__malloc_sbrk_base